[0.011s] Invoking command in '/home/yasiru/Documents/dobot/milestone_4/mxen_ws/build/dobot_interface': CMAKE_PREFIX_PATH=${CMAKE_PREFIX_PATH}:/opt/ros/kilted DEBUGINFOD_URLS=https://debuginfod.ubuntu.com PS1=\[\e]0;\u@\h: \w\a\]${debian_chroot:+($debian_chroot)}\[\033[01;32m\]\u@\h\[\033[00m\]:\[\033[01;34m\]\w\[\033[00m\]\$ VIRTUAL_ENV_PROMPT=(venv-ardupilot) /usr/bin/cmake /home/yasiru/Documents/dobot/milestone_4/mxen_ws/src/dobot_interface -DCMAKE_INSTALL_PREFIX=/home/yasiru/Documents/dobot/milestone_4/mxen_ws/install/dobot_interface
[0.023s] -- Found ament_cmake: 2.7.4 (/opt/ros/kilted/share/ament_cmake/cmake)
[0.240s] -- Found rosidl_default_generators: 1.7.1 (/opt/ros/kilted/share/rosidl_default_generators/cmake)
[0.243s] -- Using all available rosidl_typesupport_c: rosidl_typesupport_fastrtps_c;rosidl_typesupport_introspection_c
[0.269s] -- Using all available rosidl_typesupport_cpp: rosidl_typesupport_fastrtps_cpp;rosidl_typesupport_introspection_cpp
[0.296s] -- Found rosidl_adapter: 4.9.6 (/opt/ros/kilted/share/rosidl_adapter/cmake)
[0.957s] -- Found ament_cmake_ros_core: 0.14.7 (/opt/ros/kilted/share/ament_cmake_ros_core/cmake)
[1.373s] -- Using all available rosidl_typesupport_c: rosidl_typesupport_fastrtps_c;rosidl_typesupport_introspection_c
[1.928s] -- Using all available rosidl_typesupport_cpp: rosidl_typesupport_fastrtps_cpp;rosidl_typesupport_introspection_cpp
[2.418s] -- Found Python3: /home/yasiru/venv-ardupilot/bin/python3 (found version "3.12.3") found components: Interpreter Development NumPy Development.Module Development.Embed 
[2.463s] -- Found ament_lint_auto: 0.19.2 (/opt/ros/kilted/share/ament_lint_auto/cmake)
[2.516s] -- Added test 'lint_cmake' to check CMake code style
[2.519s] -- Added test 'xmllint' to check XML markup files
[2.522s] -- Configuring done (2.5s)
[2.573s] -- Generating done (0.0s)
[2.594s] -- Build files have been written to: /home/yasiru/Documents/dobot/milestone_4/mxen_ws/build/dobot_interface
[2.602s] Invoked command in '/home/yasiru/Documents/dobot/milestone_4/mxen_ws/build/dobot_interface' returned '0': CMAKE_PREFIX_PATH=${CMAKE_PREFIX_PATH}:/opt/ros/kilted DEBUGINFOD_URLS=https://debuginfod.ubuntu.com PS1=\[\e]0;\u@\h: \w\a\]${debian_chroot:+($debian_chroot)}\[\033[01;32m\]\u@\h\[\033[00m\]:\[\033[01;34m\]\w\[\033[00m\]\$ VIRTUAL_ENV_PROMPT=(venv-ardupilot) /usr/bin/cmake /home/yasiru/Documents/dobot/milestone_4/mxen_ws/src/dobot_interface -DCMAKE_INSTALL_PREFIX=/home/yasiru/Documents/dobot/milestone_4/mxen_ws/install/dobot_interface
[2.603s] Invoking command in '/home/yasiru/Documents/dobot/milestone_4/mxen_ws/build/dobot_interface': CMAKE_PREFIX_PATH=${CMAKE_PREFIX_PATH}:/opt/ros/kilted DEBUGINFOD_URLS=https://debuginfod.ubuntu.com PS1=\[\e]0;\u@\h: \w\a\]${debian_chroot:+($debian_chroot)}\[\033[01;32m\]\u@\h\[\033[00m\]:\[\033[01;34m\]\w\[\033[00m\]\$ VIRTUAL_ENV_PROMPT=(venv-ardupilot) /usr/bin/cmake --build /home/yasiru/Documents/dobot/milestone_4/mxen_ws/build/dobot_interface -- -j8 -l8
[2.654s] [  2%] [34m[1mGenerating type hashes for ROS interfaces[0m
[2.663s] [  2%] Built target ament_cmake_python_copy_dobot_interface
[2.887s] [  2%] Built target dobot_interface__rosidl_generator_type_description
[2.897s] [  5%] [34m[1mGenerating C code for ROS interfaces[0m
[2.909s] [  8%] [34m[1mGenerating C++ code for ROS interfaces[0m
[3.004s] running egg_info
[3.035s] creating dobot_interface.egg-info
[3.037s] writing dobot_interface.egg-info/PKG-INFO
[3.037s] writing dependency_links to dobot_interface.egg-info/dependency_links.txt
[3.037s] writing top-level names to dobot_interface.egg-info/top_level.txt
[3.037s] writing manifest file 'dobot_interface.egg-info/SOURCES.txt'
[3.130s] reading manifest file 'dobot_interface.egg-info/SOURCES.txt'
[3.131s] writing manifest file 'dobot_interface.egg-info/SOURCES.txt'
[3.168s] [  8%] Built target ament_cmake_python_build_dobot_interface_egg
[3.353s] [  8%] Built target dobot_interface__cpp
[3.381s] [ 17%] [32mBuilding C object CMakeFiles/dobot_interface__rosidl_generator_c.dir/rosidl_generator_c/dobot_interface/action/detail/joint_ptp__functions.c.o[0m
[3.381s] [ 17%] [32mBuilding C object CMakeFiles/dobot_interface__rosidl_generator_c.dir/rosidl_generator_c/dobot_interface/action/detail/joint_ptp__type_support.c.o[0m
[3.381s] [ 17%] [32mBuilding C object CMakeFiles/dobot_interface__rosidl_generator_c.dir/rosidl_generator_c/dobot_interface/action/detail/joint_ptp__description.c.o[0m
[3.588s] [ 20%] [32m[1mLinking C shared library libdobot_interface__rosidl_generator_c.so[0m
[3.646s] [ 20%] Built target dobot_interface__rosidl_generator_c
[3.665s] [ 23%] [34m[1mGenerating C++ introspection for ROS interfaces[0m
[3.670s] [ 26%] [34m[1mGenerating C++ type support dispatch for ROS interfaces[0m
[3.670s] [ 32%] [34m[1mGenerating C type support for eProsima Fast-RTPS[0m
[3.670s] [ 32%] [34m[1mGenerating C introspection for ROS interfaces[0m
[3.672s] [ 35%] [34m[1mGenerating C++ type support for eProsima Fast-RTPS[0m
[3.672s] [ 38%] [34m[1mGenerating C type support dispatch for ROS interfaces[0m
[4.016s] [ 41%] [32mBuilding CXX object CMakeFiles/dobot_interface__rosidl_typesupport_c.dir/rosidl_typesupport_c/dobot_interface/action/joint_ptp__type_support.cpp.o[0m
[4.137s] [ 44%] [32m[1mLinking CXX shared library libdobot_interface__rosidl_typesupport_c.so[0m
[4.186s] [ 47%] [32mBuilding CXX object CMakeFiles/dobot_interface__rosidl_typesupport_introspection_cpp.dir/rosidl_typesupport_introspection_cpp/dobot_interface/action/detail/joint_ptp__type_support.cpp.o[0m
[4.204s] [ 47%] Built target dobot_interface__rosidl_typesupport_c
[4.212s] [ 50%] [32mBuilding CXX object CMakeFiles/dobot_interface__rosidl_typesupport_cpp.dir/rosidl_typesupport_cpp/dobot_interface/action/joint_ptp__type_support.cpp.o[0m
[4.260s] [ 52%] [32mBuilding C object CMakeFiles/dobot_interface__rosidl_typesupport_introspection_c.dir/rosidl_typesupport_introspection_c/dobot_interface/action/detail/joint_ptp__type_support.c.o[0m
[4.358s] [ 55%] [32m[1mLinking C shared library libdobot_interface__rosidl_typesupport_introspection_c.so[0m
[4.418s] [ 55%] Built target dobot_interface__rosidl_typesupport_introspection_c
[4.472s] [ 58%] [32mBuilding CXX object CMakeFiles/dobot_interface__rosidl_typesupport_fastrtps_cpp.dir/rosidl_typesupport_fastrtps_cpp/dobot_interface/action/detail/dds_fastrtps/joint_ptp__type_support.cpp.o[0m
[4.476s] [ 61%] [32mBuilding CXX object CMakeFiles/dobot_interface__rosidl_typesupport_fastrtps_c.dir/rosidl_typesupport_fastrtps_c/dobot_interface/action/detail/joint_ptp__type_support_c.cpp.o[0m
[5.150s] [ 64%] [32m[1mLinking CXX shared library libdobot_interface__rosidl_typesupport_cpp.so[0m
[5.156s] [ 67%] [32m[1mLinking CXX shared library libdobot_interface__rosidl_typesupport_fastrtps_c.so[0m
[5.203s] [ 70%] [32m[1mLinking CXX shared library libdobot_interface__rosidl_typesupport_introspection_cpp.so[0m
[5.256s] [ 70%] Built target dobot_interface__rosidl_typesupport_fastrtps_c
[5.263s] [ 70%] Built target dobot_interface__rosidl_typesupport_cpp
[5.309s] [ 70%] Built target dobot_interface__rosidl_typesupport_introspection_cpp
[5.585s] [ 73%] [32m[1mLinking CXX shared library libdobot_interface__rosidl_typesupport_fastrtps_cpp.so[0m
[5.686s] [ 73%] Built target dobot_interface__rosidl_typesupport_fastrtps_cpp
[5.709s] [ 73%] Built target dobot_interface
[5.735s] [ 76%] [34m[1mGenerating Python code for ROS interfaces[0m
[6.348s] [ 76%] Built target dobot_interface__py
[6.377s] [ 79%] [32mBuilding C object CMakeFiles/dobot_interface__rosidl_generator_py.dir/rosidl_generator_py/dobot_interface/action/_joint_ptp_s.c.o[0m
[6.598s] [ 82%] [32m[1mLinking C shared library libdobot_interface__rosidl_generator_py.so[0m
[6.656s] [ 82%] Built target dobot_interface__rosidl_generator_py
[6.685s] [ 85%] [32mBuilding C object CMakeFiles/dobot_interface_s__rosidl_typesupport_fastrtps_c.dir/rosidl_generator_py/dobot_interface/_dobot_interface_s.ep.rosidl_typesupport_fastrtps_c.c.o[0m
[6.686s] [ 88%] [32mBuilding C object CMakeFiles/dobot_interface_s__rosidl_typesupport_introspection_c.dir/rosidl_generator_py/dobot_interface/_dobot_interface_s.ep.rosidl_typesupport_introspection_c.c.o[0m
[6.690s] [ 91%] [32mBuilding C object CMakeFiles/dobot_interface_s__rosidl_typesupport_c.dir/rosidl_generator_py/dobot_interface/_dobot_interface_s.ep.rosidl_typesupport_c.c.o[0m
[6.814s] [ 97%] [32m[1mLinking C shared module rosidl_generator_py/dobot_interface/dobot_interface_s__rosidl_typesupport_introspection_c.so[0m
[6.814s] [ 97%] [32m[1mLinking C shared module rosidl_generator_py/dobot_interface/dobot_interface_s__rosidl_typesupport_fastrtps_c.so[0m
[6.820s] [100%] [32m[1mLinking C shared module rosidl_generator_py/dobot_interface/dobot_interface_s__rosidl_typesupport_c.so[0m
[6.847s] [100%] Built target dobot_interface_s__rosidl_typesupport_introspection_c
[6.848s] [100%] Built target dobot_interface_s__rosidl_typesupport_fastrtps_c
[6.857s] [100%] Built target dobot_interface_s__rosidl_typesupport_c
[6.870s] Invoked command in '/home/yasiru/Documents/dobot/milestone_4/mxen_ws/build/dobot_interface' returned '0': CMAKE_PREFIX_PATH=${CMAKE_PREFIX_PATH}:/opt/ros/kilted DEBUGINFOD_URLS=https://debuginfod.ubuntu.com PS1=\[\e]0;\u@\h: \w\a\]${debian_chroot:+($debian_chroot)}\[\033[01;32m\]\u@\h\[\033[00m\]:\[\033[01;34m\]\w\[\033[00m\]\$ VIRTUAL_ENV_PROMPT=(venv-ardupilot) /usr/bin/cmake --build /home/yasiru/Documents/dobot/milestone_4/mxen_ws/build/dobot_interface -- -j8 -l8
[6.880s] Invoking command in '/home/yasiru/Documents/dobot/milestone_4/mxen_ws/build/dobot_interface': CMAKE_PREFIX_PATH=${CMAKE_PREFIX_PATH}:/opt/ros/kilted DEBUGINFOD_URLS=https://debuginfod.ubuntu.com PS1=\[\e]0;\u@\h: \w\a\]${debian_chroot:+($debian_chroot)}\[\033[01;32m\]\u@\h\[\033[00m\]:\[\033[01;34m\]\w\[\033[00m\]\$ VIRTUAL_ENV_PROMPT=(venv-ardupilot) /usr/bin/cmake --install /home/yasiru/Documents/dobot/milestone_4/mxen_ws/build/dobot_interface
[6.889s] -- Install configuration: ""
[6.889s] -- Installing: /home/yasiru/Documents/dobot/milestone_4/mxen_ws/install/dobot_interface/share/ament_index/resource_index/rosidl_interfaces/dobot_interface
[6.890s] -- Installing: /home/yasiru/Documents/dobot/milestone_4/mxen_ws/install/dobot_interface/share/dobot_interface/action/JointPTP.json
[6.890s] -- Installing: /home/yasiru/Documents/dobot/milestone_4/mxen_ws/install/dobot_interface/include/dobot_interface/dobot_interface
[6.890s] -- Installing: /home/yasiru/Documents/dobot/milestone_4/mxen_ws/install/dobot_interface/include/dobot_interface/dobot_interface/msg
[6.890s] -- Installing: /home/yasiru/Documents/dobot/milestone_4/mxen_ws/install/dobot_interface/include/dobot_interface/dobot_interface/msg/rosidl_generator_c__visibility_control.h
[6.890s] -- Installing: /home/yasiru/Documents/dobot/milestone_4/mxen_ws/install/dobot_interface/include/dobot_interface/dobot_interface/action
[6.890s] -- Installing: /home/yasiru/Documents/dobot/milestone_4/mxen_ws/install/dobot_interface/include/dobot_interface/dobot_interface/action/detail
[6.891s] -- Installing: /home/yasiru/Documents/dobot/milestone_4/mxen_ws/install/dobot_interface/include/dobot_interface/dobot_interface/action/detail/joint_ptp__description.c
[6.891s] -- Installing: /home/yasiru/Documents/dobot/milestone_4/mxen_ws/install/dobot_interface/include/dobot_interface/dobot_interface/action/detail/joint_ptp__type_support.h
[6.891s] -- Installing: /home/yasiru/Documents/dobot/milestone_4/mxen_ws/install/dobot_interface/include/dobot_interface/dobot_interface/action/detail/joint_ptp__functions.c
[6.891s] -- Installing: /home/yasiru/Documents/dobot/milestone_4/mxen_ws/install/dobot_interface/include/dobot_interface/dobot_interface/action/detail/joint_ptp__functions.h
[6.891s] -- Installing: /home/yasiru/Documents/dobot/milestone_4/mxen_ws/install/dobot_interface/include/dobot_interface/dobot_interface/action/detail/joint_ptp__type_support.c
[6.891s] -- Installing: /home/yasiru/Documents/dobot/milestone_4/mxen_ws/install/dobot_interface/include/dobot_interface/dobot_interface/action/detail/joint_ptp__struct.h
[6.891s] -- Installing: /home/yasiru/Documents/dobot/milestone_4/mxen_ws/install/dobot_interface/include/dobot_interface/dobot_interface/action/joint_ptp.h
[6.892s] -- Installing: /home/yasiru/Documents/dobot/milestone_4/mxen_ws/install/dobot_interface/share/dobot_interface/environment/library_path.sh
[6.892s] -- Installing: /home/yasiru/Documents/dobot/milestone_4/mxen_ws/install/dobot_interface/share/dobot_interface/environment/library_path.dsv
[6.892s] -- Installing: /home/yasiru/Documents/dobot/milestone_4/mxen_ws/install/dobot_interface/lib/libdobot_interface__rosidl_generator_c.so
[6.892s] -- Set non-toolchain portion of runtime path of "/home/yasiru/Documents/dobot/milestone_4/mxen_ws/install/dobot_interface/lib/libdobot_interface__rosidl_generator_c.so" to ""
[6.893s] -- Up-to-date: /home/yasiru/Documents/dobot/milestone_4/mxen_ws/install/dobot_interface/include/dobot_interface/dobot_interface
[6.893s] -- Up-to-date: /home/yasiru/Documents/dobot/milestone_4/mxen_ws/install/dobot_interface/include/dobot_interface/dobot_interface/msg
[6.893s] -- Installing: /home/yasiru/Documents/dobot/milestone_4/mxen_ws/install/dobot_interface/include/dobot_interface/dobot_interface/msg/rosidl_typesupport_fastrtps_c__visibility_control.h
[6.893s] -- Up-to-date: /home/yasiru/Documents/dobot/milestone_4/mxen_ws/install/dobot_interface/include/dobot_interface/dobot_interface/action
[6.893s] -- Up-to-date: /home/yasiru/Documents/dobot/milestone_4/mxen_ws/install/dobot_interface/include/dobot_interface/dobot_interface/action/detail
[6.893s] -- Installing: /home/yasiru/Documents/dobot/milestone_4/mxen_ws/install/dobot_interface/include/dobot_interface/dobot_interface/action/detail/joint_ptp__rosidl_typesupport_fastrtps_c.h
[6.893s] -- Installing: /home/yasiru/Documents/dobot/milestone_4/mxen_ws/install/dobot_interface/lib/libdobot_interface__rosidl_typesupport_fastrtps_c.so
[6.894s] -- Set non-toolchain portion of runtime path of "/home/yasiru/Documents/dobot/milestone_4/mxen_ws/install/dobot_interface/lib/libdobot_interface__rosidl_typesupport_fastrtps_c.so" to ""
[6.894s] -- Up-to-date: /home/yasiru/Documents/dobot/milestone_4/mxen_ws/install/dobot_interface/include/dobot_interface/dobot_interface
[6.894s] -- Up-to-date: /home/yasiru/Documents/dobot/milestone_4/mxen_ws/install/dobot_interface/include/dobot_interface/dobot_interface/msg
[6.894s] -- Installing: /home/yasiru/Documents/dobot/milestone_4/mxen_ws/install/dobot_interface/include/dobot_interface/dobot_interface/msg/rosidl_typesupport_introspection_c__visibility_control.h
[6.894s] -- Up-to-date: /home/yasiru/Documents/dobot/milestone_4/mxen_ws/install/dobot_interface/include/dobot_interface/dobot_interface/action
[6.894s] -- Up-to-date: /home/yasiru/Documents/dobot/milestone_4/mxen_ws/install/dobot_interface/include/dobot_interface/dobot_interface/action/detail
[6.894s] -- Installing: /home/yasiru/Documents/dobot/milestone_4/mxen_ws/install/dobot_interface/include/dobot_interface/dobot_interface/action/detail/joint_ptp__rosidl_typesupport_introspection_c.h
[6.894s] -- Installing: /home/yasiru/Documents/dobot/milestone_4/mxen_ws/install/dobot_interface/include/dobot_interface/dobot_interface/action/detail/joint_ptp__type_support.c
[6.895s] -- Installing: /home/yasiru/Documents/dobot/milestone_4/mxen_ws/install/dobot_interface/lib/libdobot_interface__rosidl_typesupport_introspection_c.so
[6.895s] -- Set non-toolchain portion of runtime path of "/home/yasiru/Documents/dobot/milestone_4/mxen_ws/install/dobot_interface/lib/libdobot_interface__rosidl_typesupport_introspection_c.so" to ""
[6.895s] -- Installing: /home/yasiru/Documents/dobot/milestone_4/mxen_ws/install/dobot_interface/lib/libdobot_interface__rosidl_typesupport_c.so
[6.895s] -- Set non-toolchain portion of runtime path of "/home/yasiru/Documents/dobot/milestone_4/mxen_ws/install/dobot_interface/lib/libdobot_interface__rosidl_typesupport_c.so" to ""
[6.895s] -- Up-to-date: /home/yasiru/Documents/dobot/milestone_4/mxen_ws/install/dobot_interface/include/dobot_interface/dobot_interface
[6.896s] -- Up-to-date: /home/yasiru/Documents/dobot/milestone_4/mxen_ws/install/dobot_interface/include/dobot_interface/dobot_interface/msg
[6.896s] -- Installing: /home/yasiru/Documents/dobot/milestone_4/mxen_ws/install/dobot_interface/include/dobot_interface/dobot_interface/msg/rosidl_generator_cpp__visibility_control.hpp
[6.896s] -- Up-to-date: /home/yasiru/Documents/dobot/milestone_4/mxen_ws/install/dobot_interface/include/dobot_interface/dobot_interface/action
[6.896s] -- Installing: /home/yasiru/Documents/dobot/milestone_4/mxen_ws/install/dobot_interface/include/dobot_interface/dobot_interface/action/joint_ptp.hpp
[6.896s] -- Up-to-date: /home/yasiru/Documents/dobot/milestone_4/mxen_ws/install/dobot_interface/include/dobot_interface/dobot_interface/action/detail
[6.896s] -- Installing: /home/yasiru/Documents/dobot/milestone_4/mxen_ws/install/dobot_interface/include/dobot_interface/dobot_interface/action/detail/joint_ptp__type_support.hpp
[6.896s] -- Installing: /home/yasiru/Documents/dobot/milestone_4/mxen_ws/install/dobot_interface/include/dobot_interface/dobot_interface/action/detail/joint_ptp__traits.hpp
[6.897s] -- Installing: /home/yasiru/Documents/dobot/milestone_4/mxen_ws/install/dobot_interface/include/dobot_interface/dobot_interface/action/detail/joint_ptp__builder.hpp
[6.897s] -- Installing: /home/yasiru/Documents/dobot/milestone_4/mxen_ws/install/dobot_interface/include/dobot_interface/dobot_interface/action/detail/joint_ptp__struct.hpp
[6.897s] -- Up-to-date: /home/yasiru/Documents/dobot/milestone_4/mxen_ws/install/dobot_interface/include/dobot_interface/dobot_interface
[6.897s] -- Up-to-date: /home/yasiru/Documents/dobot/milestone_4/mxen_ws/install/dobot_interface/include/dobot_interface/dobot_interface/msg
[6.897s] -- Installing: /home/yasiru/Documents/dobot/milestone_4/mxen_ws/install/dobot_interface/include/dobot_interface/dobot_interface/msg/rosidl_typesupport_fastrtps_cpp__visibility_control.h
[6.897s] -- Up-to-date: /home/yasiru/Documents/dobot/milestone_4/mxen_ws/install/dobot_interface/include/dobot_interface/dobot_interface/action
[6.897s] -- Up-to-date: /home/yasiru/Documents/dobot/milestone_4/mxen_ws/install/dobot_interface/include/dobot_interface/dobot_interface/action/detail
[6.897s] -- Installing: /home/yasiru/Documents/dobot/milestone_4/mxen_ws/install/dobot_interface/include/dobot_interface/dobot_interface/action/detail/joint_ptp__rosidl_typesupport_fastrtps_cpp.hpp
[6.898s] -- Installing: /home/yasiru/Documents/dobot/milestone_4/mxen_ws/install/dobot_interface/include/dobot_interface/dobot_interface/action/detail/dds_fastrtps
[6.898s] -- Installing: /home/yasiru/Documents/dobot/milestone_4/mxen_ws/install/dobot_interface/lib/libdobot_interface__rosidl_typesupport_fastrtps_cpp.so
[6.898s] -- Set non-toolchain portion of runtime path of "/home/yasiru/Documents/dobot/milestone_4/mxen_ws/install/dobot_interface/lib/libdobot_interface__rosidl_typesupport_fastrtps_cpp.so" to ""
[6.898s] -- Up-to-date: /home/yasiru/Documents/dobot/milestone_4/mxen_ws/install/dobot_interface/include/dobot_interface/dobot_interface
[6.898s] -- Up-to-date: /home/yasiru/Documents/dobot/milestone_4/mxen_ws/install/dobot_interface/include/dobot_interface/dobot_interface/action
[6.898s] -- Up-to-date: /home/yasiru/Documents/dobot/milestone_4/mxen_ws/install/dobot_interface/include/dobot_interface/dobot_interface/action/detail
[6.898s] -- Installing: /home/yasiru/Documents/dobot/milestone_4/mxen_ws/install/dobot_interface/include/dobot_interface/dobot_interface/action/detail/joint_ptp__rosidl_typesupport_introspection_cpp.hpp
[6.899s] -- Installing: /home/yasiru/Documents/dobot/milestone_4/mxen_ws/install/dobot_interface/include/dobot_interface/dobot_interface/action/detail/joint_ptp__type_support.cpp
[6.899s] -- Installing: /home/yasiru/Documents/dobot/milestone_4/mxen_ws/install/dobot_interface/lib/libdobot_interface__rosidl_typesupport_introspection_cpp.so
[6.899s] -- Set non-toolchain portion of runtime path of "/home/yasiru/Documents/dobot/milestone_4/mxen_ws/install/dobot_interface/lib/libdobot_interface__rosidl_typesupport_introspection_cpp.so" to ""
[6.900s] -- Installing: /home/yasiru/Documents/dobot/milestone_4/mxen_ws/install/dobot_interface/lib/libdobot_interface__rosidl_typesupport_cpp.so
[6.900s] -- Set non-toolchain portion of runtime path of "/home/yasiru/Documents/dobot/milestone_4/mxen_ws/install/dobot_interface/lib/libdobot_interface__rosidl_typesupport_cpp.so" to ""
[6.900s] -- Installing: /home/yasiru/Documents/dobot/milestone_4/mxen_ws/install/dobot_interface/share/dobot_interface/environment/pythonpath.sh
[6.900s] -- Installing: /home/yasiru/Documents/dobot/milestone_4/mxen_ws/install/dobot_interface/share/dobot_interface/environment/pythonpath.dsv
[6.900s] -- Installing: /home/yasiru/Documents/dobot/milestone_4/mxen_ws/install/dobot_interface/lib/python3.12/site-packages/dobot_interface-0.0.0-py3.12.egg-info
[6.900s] -- Installing: /home/yasiru/Documents/dobot/milestone_4/mxen_ws/install/dobot_interface/lib/python3.12/site-packages/dobot_interface-0.0.0-py3.12.egg-info/SOURCES.txt
[6.901s] -- Installing: /home/yasiru/Documents/dobot/milestone_4/mxen_ws/install/dobot_interface/lib/python3.12/site-packages/dobot_interface-0.0.0-py3.12.egg-info/dependency_links.txt
[6.901s] -- Installing: /home/yasiru/Documents/dobot/milestone_4/mxen_ws/install/dobot_interface/lib/python3.12/site-packages/dobot_interface-0.0.0-py3.12.egg-info/PKG-INFO
[6.901s] -- Installing: /home/yasiru/Documents/dobot/milestone_4/mxen_ws/install/dobot_interface/lib/python3.12/site-packages/dobot_interface-0.0.0-py3.12.egg-info/top_level.txt
[6.901s] -- Installing: /home/yasiru/Documents/dobot/milestone_4/mxen_ws/install/dobot_interface/lib/python3.12/site-packages/dobot_interface
[6.902s] -- Installing: /home/yasiru/Documents/dobot/milestone_4/mxen_ws/install/dobot_interface/lib/python3.12/site-packages/dobot_interface/dobot_interface_s__rosidl_typesupport_fastrtps_c.so
[6.902s] -- Installing: /home/yasiru/Documents/dobot/milestone_4/mxen_ws/install/dobot_interface/lib/python3.12/site-packages/dobot_interface/_dobot_interface_s.ep.rosidl_typesupport_c.c
[6.902s] -- Installing: /home/yasiru/Documents/dobot/milestone_4/mxen_ws/install/dobot_interface/lib/python3.12/site-packages/dobot_interface/_dobot_interface_s.ep.rosidl_typesupport_introspection_c.c
[6.902s] -- Installing: /home/yasiru/Documents/dobot/milestone_4/mxen_ws/install/dobot_interface/lib/python3.12/site-packages/dobot_interface/__init__.py
[6.902s] -- Installing: /home/yasiru/Documents/dobot/milestone_4/mxen_ws/install/dobot_interface/lib/python3.12/site-packages/dobot_interface/_dobot_interface_s.ep.rosidl_typesupport_fastrtps_c.c
[6.902s] -- Installing: /home/yasiru/Documents/dobot/milestone_4/mxen_ws/install/dobot_interface/lib/python3.12/site-packages/dobot_interface/dobot_interface_s__rosidl_typesupport_c.so
[6.903s] -- Installing: /home/yasiru/Documents/dobot/milestone_4/mxen_ws/install/dobot_interface/lib/python3.12/site-packages/dobot_interface/dobot_interface_s__rosidl_typesupport_introspection_c.so
[6.903s] -- Installing: /home/yasiru/Documents/dobot/milestone_4/mxen_ws/install/dobot_interface/lib/python3.12/site-packages/dobot_interface/action
[6.903s] -- Installing: /home/yasiru/Documents/dobot/milestone_4/mxen_ws/install/dobot_interface/lib/python3.12/site-packages/dobot_interface/action/__init__.py
[6.903s] -- Installing: /home/yasiru/Documents/dobot/milestone_4/mxen_ws/install/dobot_interface/lib/python3.12/site-packages/dobot_interface/action/_joint_ptp_s.c
[6.903s] -- Installing: /home/yasiru/Documents/dobot/milestone_4/mxen_ws/install/dobot_interface/lib/python3.12/site-packages/dobot_interface/action/_joint_ptp.py
[6.955s] Listing '/home/yasiru/Documents/dobot/milestone_4/mxen_ws/install/dobot_interface/lib/python3.12/site-packages/dobot_interface'...
[6.955s] Compiling '/home/yasiru/Documents/dobot/milestone_4/mxen_ws/install/dobot_interface/lib/python3.12/site-packages/dobot_interface/__init__.py'...
[6.955s] Listing '/home/yasiru/Documents/dobot/milestone_4/mxen_ws/install/dobot_interface/lib/python3.12/site-packages/dobot_interface/action'...
[6.956s] Compiling '/home/yasiru/Documents/dobot/milestone_4/mxen_ws/install/dobot_interface/lib/python3.12/site-packages/dobot_interface/action/__init__.py'...
[6.956s] Compiling '/home/yasiru/Documents/dobot/milestone_4/mxen_ws/install/dobot_interface/lib/python3.12/site-packages/dobot_interface/action/_joint_ptp.py'...
[6.961s] -- Installing: /home/yasiru/Documents/dobot/milestone_4/mxen_ws/install/dobot_interface/lib/python3.12/site-packages/dobot_interface/dobot_interface_s__rosidl_typesupport_fastrtps_c.so
[6.962s] -- Set non-toolchain portion of runtime path of "/home/yasiru/Documents/dobot/milestone_4/mxen_ws/install/dobot_interface/lib/python3.12/site-packages/dobot_interface/dobot_interface_s__rosidl_typesupport_fastrtps_c.so" to ""
[6.962s] -- Installing: /home/yasiru/Documents/dobot/milestone_4/mxen_ws/install/dobot_interface/lib/python3.12/site-packages/dobot_interface/dobot_interface_s__rosidl_typesupport_introspection_c.so
[6.962s] -- Set non-toolchain portion of runtime path of "/home/yasiru/Documents/dobot/milestone_4/mxen_ws/install/dobot_interface/lib/python3.12/site-packages/dobot_interface/dobot_interface_s__rosidl_typesupport_introspection_c.so" to ""
[6.963s] -- Installing: /home/yasiru/Documents/dobot/milestone_4/mxen_ws/install/dobot_interface/lib/python3.12/site-packages/dobot_interface/dobot_interface_s__rosidl_typesupport_c.so
[6.963s] -- Set non-toolchain portion of runtime path of "/home/yasiru/Documents/dobot/milestone_4/mxen_ws/install/dobot_interface/lib/python3.12/site-packages/dobot_interface/dobot_interface_s__rosidl_typesupport_c.so" to ""
[6.963s] -- Installing: /home/yasiru/Documents/dobot/milestone_4/mxen_ws/install/dobot_interface/lib/libdobot_interface__rosidl_generator_py.so
[6.964s] -- Set non-toolchain portion of runtime path of "/home/yasiru/Documents/dobot/milestone_4/mxen_ws/install/dobot_interface/lib/libdobot_interface__rosidl_generator_py.so" to ""
[6.964s] -- Installing: /home/yasiru/Documents/dobot/milestone_4/mxen_ws/install/dobot_interface/share/dobot_interface/action/JointPTP.idl
[6.964s] -- Installing: /home/yasiru/Documents/dobot/milestone_4/mxen_ws/install/dobot_interface/share/dobot_interface/action/JointPTP.action
[6.964s] -- Installing: /home/yasiru/Documents/dobot/milestone_4/mxen_ws/install/dobot_interface/share/ament_index/resource_index/package_run_dependencies/dobot_interface
[6.965s] -- Installing: /home/yasiru/Documents/dobot/milestone_4/mxen_ws/install/dobot_interface/share/ament_index/resource_index/parent_prefix_path/dobot_interface
[6.965s] -- Installing: /home/yasiru/Documents/dobot/milestone_4/mxen_ws/install/dobot_interface/share/dobot_interface/environment/ament_prefix_path.sh
[6.966s] -- Installing: /home/yasiru/Documents/dobot/milestone_4/mxen_ws/install/dobot_interface/share/dobot_interface/environment/ament_prefix_path.dsv
[6.966s] -- Installing: /home/yasiru/Documents/dobot/milestone_4/mxen_ws/install/dobot_interface/share/dobot_interface/environment/path.sh
[6.966s] -- Installing: /home/yasiru/Documents/dobot/milestone_4/mxen_ws/install/dobot_interface/share/dobot_interface/environment/path.dsv
[6.966s] -- Installing: /home/yasiru/Documents/dobot/milestone_4/mxen_ws/install/dobot_interface/share/dobot_interface/local_setup.bash
[6.967s] -- Installing: /home/yasiru/Documents/dobot/milestone_4/mxen_ws/install/dobot_interface/share/dobot_interface/local_setup.sh
[6.967s] -- Installing: /home/yasiru/Documents/dobot/milestone_4/mxen_ws/install/dobot_interface/share/dobot_interface/local_setup.zsh
[6.967s] -- Installing: /home/yasiru/Documents/dobot/milestone_4/mxen_ws/install/dobot_interface/share/dobot_interface/local_setup.dsv
[6.967s] -- Installing: /home/yasiru/Documents/dobot/milestone_4/mxen_ws/install/dobot_interface/share/dobot_interface/package.dsv
[6.968s] -- Installing: /home/yasiru/Documents/dobot/milestone_4/mxen_ws/install/dobot_interface/share/ament_index/resource_index/packages/dobot_interface
[6.968s] -- Installing: /home/yasiru/Documents/dobot/milestone_4/mxen_ws/install/dobot_interface/share/dobot_interface/cmake/export_dobot_interface__rosidl_generator_cExport.cmake
[6.968s] -- Installing: /home/yasiru/Documents/dobot/milestone_4/mxen_ws/install/dobot_interface/share/dobot_interface/cmake/export_dobot_interface__rosidl_generator_cExport-noconfig.cmake
[6.968s] -- Installing: /home/yasiru/Documents/dobot/milestone_4/mxen_ws/install/dobot_interface/share/dobot_interface/cmake/export_dobot_interface__rosidl_typesupport_fastrtps_cExport.cmake
[6.968s] -- Installing: /home/yasiru/Documents/dobot/milestone_4/mxen_ws/install/dobot_interface/share/dobot_interface/cmake/export_dobot_interface__rosidl_typesupport_fastrtps_cExport-noconfig.cmake
[6.968s] -- Installing: /home/yasiru/Documents/dobot/milestone_4/mxen_ws/install/dobot_interface/share/dobot_interface/cmake/dobot_interface__rosidl_typesupport_introspection_cExport.cmake
[6.969s] -- Installing: /home/yasiru/Documents/dobot/milestone_4/mxen_ws/install/dobot_interface/share/dobot_interface/cmake/dobot_interface__rosidl_typesupport_introspection_cExport-noconfig.cmake
[6.969s] -- Installing: /home/yasiru/Documents/dobot/milestone_4/mxen_ws/install/dobot_interface/share/dobot_interface/cmake/dobot_interface__rosidl_typesupport_cExport.cmake
[6.969s] -- Installing: /home/yasiru/Documents/dobot/milestone_4/mxen_ws/install/dobot_interface/share/dobot_interface/cmake/dobot_interface__rosidl_typesupport_cExport-noconfig.cmake
[6.969s] -- Installing: /home/yasiru/Documents/dobot/milestone_4/mxen_ws/install/dobot_interface/share/dobot_interface/cmake/export_dobot_interface__rosidl_generator_cppExport.cmake
[6.969s] -- Installing: /home/yasiru/Documents/dobot/milestone_4/mxen_ws/install/dobot_interface/share/dobot_interface/cmake/export_dobot_interface__rosidl_typesupport_fastrtps_cppExport.cmake
[6.969s] -- Installing: /home/yasiru/Documents/dobot/milestone_4/mxen_ws/install/dobot_interface/share/dobot_interface/cmake/export_dobot_interface__rosidl_typesupport_fastrtps_cppExport-noconfig.cmake
[6.969s] -- Installing: /home/yasiru/Documents/dobot/milestone_4/mxen_ws/install/dobot_interface/share/dobot_interface/cmake/dobot_interface__rosidl_typesupport_introspection_cppExport.cmake
[6.969s] -- Installing: /home/yasiru/Documents/dobot/milestone_4/mxen_ws/install/dobot_interface/share/dobot_interface/cmake/dobot_interface__rosidl_typesupport_introspection_cppExport-noconfig.cmake
[6.970s] -- Installing: /home/yasiru/Documents/dobot/milestone_4/mxen_ws/install/dobot_interface/share/dobot_interface/cmake/dobot_interface__rosidl_typesupport_cppExport.cmake
[6.970s] -- Installing: /home/yasiru/Documents/dobot/milestone_4/mxen_ws/install/dobot_interface/share/dobot_interface/cmake/dobot_interface__rosidl_typesupport_cppExport-noconfig.cmake
[6.970s] -- Installing: /home/yasiru/Documents/dobot/milestone_4/mxen_ws/install/dobot_interface/share/dobot_interface/cmake/export_dobot_interface__rosidl_generator_pyExport.cmake
[6.970s] -- Installing: /home/yasiru/Documents/dobot/milestone_4/mxen_ws/install/dobot_interface/share/dobot_interface/cmake/export_dobot_interface__rosidl_generator_pyExport-noconfig.cmake
[6.970s] -- Installing: /home/yasiru/Documents/dobot/milestone_4/mxen_ws/install/dobot_interface/share/dobot_interface/cmake/rosidl_cmake-extras.cmake
[6.970s] -- Installing: /home/yasiru/Documents/dobot/milestone_4/mxen_ws/install/dobot_interface/share/dobot_interface/cmake/ament_cmake_export_dependencies-extras.cmake
[6.970s] -- Installing: /home/yasiru/Documents/dobot/milestone_4/mxen_ws/install/dobot_interface/share/dobot_interface/cmake/ament_cmake_export_include_directories-extras.cmake
[6.970s] -- Installing: /home/yasiru/Documents/dobot/milestone_4/mxen_ws/install/dobot_interface/share/dobot_interface/cmake/ament_cmake_export_libraries-extras.cmake
[6.971s] -- Installing: /home/yasiru/Documents/dobot/milestone_4/mxen_ws/install/dobot_interface/share/dobot_interface/cmake/ament_cmake_export_targets-extras.cmake
[6.971s] -- Installing: /home/yasiru/Documents/dobot/milestone_4/mxen_ws/install/dobot_interface/share/dobot_interface/cmake/rosidl_cmake_export_typesupport_targets-extras.cmake
[6.971s] -- Installing: /home/yasiru/Documents/dobot/milestone_4/mxen_ws/install/dobot_interface/share/dobot_interface/cmake/rosidl_cmake_export_typesupport_libraries-extras.cmake
[6.971s] -- Installing: /home/yasiru/Documents/dobot/milestone_4/mxen_ws/install/dobot_interface/share/dobot_interface/cmake/dobot_interfaceConfig.cmake
[6.971s] -- Installing: /home/yasiru/Documents/dobot/milestone_4/mxen_ws/install/dobot_interface/share/dobot_interface/cmake/dobot_interfaceConfig-version.cmake
[6.971s] -- Installing: /home/yasiru/Documents/dobot/milestone_4/mxen_ws/install/dobot_interface/share/dobot_interface/package.xml
[6.973s] Invoked command in '/home/yasiru/Documents/dobot/milestone_4/mxen_ws/build/dobot_interface' returned '0': CMAKE_PREFIX_PATH=${CMAKE_PREFIX_PATH}:/opt/ros/kilted DEBUGINFOD_URLS=https://debuginfod.ubuntu.com PS1=\[\e]0;\u@\h: \w\a\]${debian_chroot:+($debian_chroot)}\[\033[01;32m\]\u@\h\[\033[00m\]:\[\033[01;34m\]\w\[\033[00m\]\$ VIRTUAL_ENV_PROMPT=(venv-ardupilot) /usr/bin/cmake --install /home/yasiru/Documents/dobot/milestone_4/mxen_ws/build/dobot_interface
