running egg_info
creating ../../build/dobot/dobot.egg-info
writing ../../build/dobot/dobot.egg-info/PKG-INFO
writing dependency_links to ../../build/dobot/dobot.egg-info/dependency_links.txt
writing entry points to ../../build/dobot/dobot.egg-info/entry_points.txt
writing requirements to ../../build/dobot/dobot.egg-info/requires.txt
writing top-level names to ../../build/dobot/dobot.egg-info/top_level.txt
writing manifest file '../../build/dobot/dobot.egg-info/SOURCES.txt'
reading manifest file '../../build/dobot/dobot.egg-info/SOURCES.txt'
adding license file 'LICENSE'
writing manifest file '../../build/dobot/dobot.egg-info/SOURCES.txt'
running build
running build_py
creating /home/yasiru/Documents/dobot/milestone_4/mxen_ws/build/dobot/build
creating /home/yasiru/Documents/dobot/milestone_4/mxen_ws/build/dobot/build/lib
creating /home/yasiru/Documents/dobot/milestone_4/mxen_ws/build/dobot/build/lib/dobot
copying dobot/homing_node.py -> /home/yasiru/Documents/dobot/milestone_4/mxen_ws/build/dobot/build/lib/dobot
copying dobot/joint_state_node.py -> /home/yasiru/Documents/dobot/milestone_4/mxen_ws/build/dobot/build/lib/dobot
copying dobot/__init__.py -> /home/yasiru/Documents/dobot/milestone_4/mxen_ws/build/dobot/build/lib/dobot
copying dobot/joint_ptp_node.py -> /home/yasiru/Documents/dobot/milestone_4/mxen_ws/build/dobot/build/lib/dobot
copying dobot/suction_cup_node.py -> /home/yasiru/Documents/dobot/milestone_4/mxen_ws/build/dobot/build/lib/dobot
copying dobot/py.typed -> /home/yasiru/Documents/dobot/milestone_4/mxen_ws/build/dobot/build/lib/dobot
running install
running install_lib
creating /home/yasiru/Documents/dobot/milestone_4/mxen_ws/install/dobot/lib/python3.12/site-packages/dobot
copying /home/yasiru/Documents/dobot/milestone_4/mxen_ws/build/dobot/build/lib/dobot/homing_node.py -> /home/yasiru/Documents/dobot/milestone_4/mxen_ws/install/dobot/lib/python3.12/site-packages/dobot
copying /home/yasiru/Documents/dobot/milestone_4/mxen_ws/build/dobot/build/lib/dobot/py.typed -> /home/yasiru/Documents/dobot/milestone_4/mxen_ws/install/dobot/lib/python3.12/site-packages/dobot
copying /home/yasiru/Documents/dobot/milestone_4/mxen_ws/build/dobot/build/lib/dobot/joint_state_node.py -> /home/yasiru/Documents/dobot/milestone_4/mxen_ws/install/dobot/lib/python3.12/site-packages/dobot
copying /home/yasiru/Documents/dobot/milestone_4/mxen_ws/build/dobot/build/lib/dobot/__init__.py -> /home/yasiru/Documents/dobot/milestone_4/mxen_ws/install/dobot/lib/python3.12/site-packages/dobot
copying /home/yasiru/Documents/dobot/milestone_4/mxen_ws/build/dobot/build/lib/dobot/joint_ptp_node.py -> /home/yasiru/Documents/dobot/milestone_4/mxen_ws/install/dobot/lib/python3.12/site-packages/dobot
copying /home/yasiru/Documents/dobot/milestone_4/mxen_ws/build/dobot/build/lib/dobot/suction_cup_node.py -> /home/yasiru/Documents/dobot/milestone_4/mxen_ws/install/dobot/lib/python3.12/site-packages/dobot
byte-compiling /home/yasiru/Documents/dobot/milestone_4/mxen_ws/install/dobot/lib/python3.12/site-packages/dobot/homing_node.py to homing_node.cpython-312.pyc
byte-compiling /home/yasiru/Documents/dobot/milestone_4/mxen_ws/install/dobot/lib/python3.12/site-packages/dobot/joint_state_node.py to joint_state_node.cpython-312.pyc
byte-compiling /home/yasiru/Documents/dobot/milestone_4/mxen_ws/install/dobot/lib/python3.12/site-packages/dobot/__init__.py to __init__.cpython-312.pyc
byte-compiling /home/yasiru/Documents/dobot/milestone_4/mxen_ws/install/dobot/lib/python3.12/site-packages/dobot/joint_ptp_node.py to joint_ptp_node.cpython-312.pyc
byte-compiling /home/yasiru/Documents/dobot/milestone_4/mxen_ws/install/dobot/lib/python3.12/site-packages/dobot/suction_cup_node.py to suction_cup_node.cpython-312.pyc
running install_data
creating /home/yasiru/Documents/dobot/milestone_4/mxen_ws/install/dobot/share/ament_index
creating /home/yasiru/Documents/dobot/milestone_4/mxen_ws/install/dobot/share/ament_index/resource_index
creating /home/yasiru/Documents/dobot/milestone_4/mxen_ws/install/dobot/share/ament_index/resource_index/packages
copying resource/dobot -> /home/yasiru/Documents/dobot/milestone_4/mxen_ws/install/dobot/share/ament_index/resource_index/packages
copying package.xml -> /home/yasiru/Documents/dobot/milestone_4/mxen_ws/install/dobot/share/dobot
running install_egg_info
Copying ../../build/dobot/dobot.egg-info to /home/yasiru/Documents/dobot/milestone_4/mxen_ws/install/dobot/lib/python3.12/site-packages/dobot-0.0.0-py3.12.egg-info
running install_scripts
Installing homing_node script to /home/yasiru/Documents/dobot/milestone_4/mxen_ws/install/dobot/lib/dobot
Installing joint_state_node script to /home/yasiru/Documents/dobot/milestone_4/mxen_ws/install/dobot/lib/dobot
Installing suction_cup_node script to /home/yasiru/Documents/dobot/milestone_4/mxen_ws/install/dobot/lib/dobot
writing list of installed files to '/home/yasiru/Documents/dobot/milestone_4/mxen_ws/build/dobot/install.log'
