[1.608s] Invoking command in '/home/yasiru/Documents/dobot/milestone_4/mxen_ws/src/dobot': DEBUGINFOD_URLS=https://debuginfod.ubuntu.com PS1=\[\e]0;\u@\h: \w\a\]${debian_chroot:+($debian_chroot)}\[\033[01;32m\]\u@\h\[\033[00m\]:\[\033[01;34m\]\w\[\033[00m\]\$ PYTHONPATH=/home/yasiru/Documents/dobot/milestone_4/mxen_ws/build/dobot/prefix_override:/usr/lib/python3/dist-packages/colcon_core/task/python/colcon_distutils_commands:/home/yasiru/Documents/dobot/milestone_4/mxen_ws/install/dobot/lib/python3.12/site-packages:${PYTHONPATH} VIRTUAL_ENV_PROMPT=(venv-ardupilot) /usr/bin/python3 -W ignore:setup.py install is deprecated -W ignore:easy_install command is deprecated setup.py egg_info --egg-base ../../build/dobot build --build-base /home/yasiru/Documents/dobot/milestone_4/mxen_ws/build/dobot/build install --record /home/yasiru/Documents/dobot/milestone_4/mxen_ws/build/dobot/install.log --single-version-externally-managed install_data
[1.935s] running egg_info
[1.935s] creating ../../build/dobot/dobot.egg-info
[1.961s] writing ../../build/dobot/dobot.egg-info/PKG-INFO
[1.962s] writing dependency_links to ../../build/dobot/dobot.egg-info/dependency_links.txt
[1.962s] writing entry points to ../../build/dobot/dobot.egg-info/entry_points.txt
[1.962s] writing requirements to ../../build/dobot/dobot.egg-info/requires.txt
[1.962s] writing top-level names to ../../build/dobot/dobot.egg-info/top_level.txt
[1.962s] writing manifest file '../../build/dobot/dobot.egg-info/SOURCES.txt'
[2.023s] reading manifest file '../../build/dobot/dobot.egg-info/SOURCES.txt'
[2.023s] adding license file 'LICENSE'
[2.024s] writing manifest file '../../build/dobot/dobot.egg-info/SOURCES.txt'
[2.024s] running build
[2.024s] running build_py
[2.024s] creating /home/yasiru/Documents/dobot/milestone_4/mxen_ws/build/dobot/build
[2.025s] creating /home/yasiru/Documents/dobot/milestone_4/mxen_ws/build/dobot/build/lib
[2.025s] creating /home/yasiru/Documents/dobot/milestone_4/mxen_ws/build/dobot/build/lib/dobot
[2.025s] copying dobot/homing_node.py -> /home/yasiru/Documents/dobot/milestone_4/mxen_ws/build/dobot/build/lib/dobot
[2.025s] copying dobot/joint_state_node.py -> /home/yasiru/Documents/dobot/milestone_4/mxen_ws/build/dobot/build/lib/dobot
[2.025s] copying dobot/__init__.py -> /home/yasiru/Documents/dobot/milestone_4/mxen_ws/build/dobot/build/lib/dobot
[2.025s] copying dobot/joint_ptp_node.py -> /home/yasiru/Documents/dobot/milestone_4/mxen_ws/build/dobot/build/lib/dobot
[2.025s] copying dobot/suction_cup_node.py -> /home/yasiru/Documents/dobot/milestone_4/mxen_ws/build/dobot/build/lib/dobot
[2.026s] copying dobot/py.typed -> /home/yasiru/Documents/dobot/milestone_4/mxen_ws/build/dobot/build/lib/dobot
[2.026s] running install
[2.032s] running install_lib
[2.069s] creating /home/yasiru/Documents/dobot/milestone_4/mxen_ws/install/dobot/lib/python3.12/site-packages/dobot
[2.070s] copying /home/yasiru/Documents/dobot/milestone_4/mxen_ws/build/dobot/build/lib/dobot/homing_node.py -> /home/yasiru/Documents/dobot/milestone_4/mxen_ws/install/dobot/lib/python3.12/site-packages/dobot
[2.070s] copying /home/yasiru/Documents/dobot/milestone_4/mxen_ws/build/dobot/build/lib/dobot/py.typed -> /home/yasiru/Documents/dobot/milestone_4/mxen_ws/install/dobot/lib/python3.12/site-packages/dobot
[2.070s] copying /home/yasiru/Documents/dobot/milestone_4/mxen_ws/build/dobot/build/lib/dobot/joint_state_node.py -> /home/yasiru/Documents/dobot/milestone_4/mxen_ws/install/dobot/lib/python3.12/site-packages/dobot
[2.070s] copying /home/yasiru/Documents/dobot/milestone_4/mxen_ws/build/dobot/build/lib/dobot/__init__.py -> /home/yasiru/Documents/dobot/milestone_4/mxen_ws/install/dobot/lib/python3.12/site-packages/dobot
[2.070s] copying /home/yasiru/Documents/dobot/milestone_4/mxen_ws/build/dobot/build/lib/dobot/joint_ptp_node.py -> /home/yasiru/Documents/dobot/milestone_4/mxen_ws/install/dobot/lib/python3.12/site-packages/dobot
[2.070s] copying /home/yasiru/Documents/dobot/milestone_4/mxen_ws/build/dobot/build/lib/dobot/suction_cup_node.py -> /home/yasiru/Documents/dobot/milestone_4/mxen_ws/install/dobot/lib/python3.12/site-packages/dobot
[2.071s] byte-compiling /home/yasiru/Documents/dobot/milestone_4/mxen_ws/install/dobot/lib/python3.12/site-packages/dobot/homing_node.py to homing_node.cpython-312.pyc
[2.071s] byte-compiling /home/yasiru/Documents/dobot/milestone_4/mxen_ws/install/dobot/lib/python3.12/site-packages/dobot/joint_state_node.py to joint_state_node.cpython-312.pyc
[2.072s] byte-compiling /home/yasiru/Documents/dobot/milestone_4/mxen_ws/install/dobot/lib/python3.12/site-packages/dobot/__init__.py to __init__.cpython-312.pyc
[2.072s] byte-compiling /home/yasiru/Documents/dobot/milestone_4/mxen_ws/install/dobot/lib/python3.12/site-packages/dobot/joint_ptp_node.py to joint_ptp_node.cpython-312.pyc
[2.073s] byte-compiling /home/yasiru/Documents/dobot/milestone_4/mxen_ws/install/dobot/lib/python3.12/site-packages/dobot/suction_cup_node.py to suction_cup_node.cpython-312.pyc
[2.074s] running install_data
[2.074s] creating /home/yasiru/Documents/dobot/milestone_4/mxen_ws/install/dobot/share/ament_index
[2.074s] creating /home/yasiru/Documents/dobot/milestone_4/mxen_ws/install/dobot/share/ament_index/resource_index
[2.074s] creating /home/yasiru/Documents/dobot/milestone_4/mxen_ws/install/dobot/share/ament_index/resource_index/packages
[2.074s] copying resource/dobot -> /home/yasiru/Documents/dobot/milestone_4/mxen_ws/install/dobot/share/ament_index/resource_index/packages
[2.074s] copying package.xml -> /home/yasiru/Documents/dobot/milestone_4/mxen_ws/install/dobot/share/dobot
[2.075s] running install_egg_info
[2.107s] Copying ../../build/dobot/dobot.egg-info to /home/yasiru/Documents/dobot/milestone_4/mxen_ws/install/dobot/lib/python3.12/site-packages/dobot-0.0.0-py3.12.egg-info
[2.109s] running install_scripts
[2.285s] Installing homing_node script to /home/yasiru/Documents/dobot/milestone_4/mxen_ws/install/dobot/lib/dobot
[2.286s] Installing joint_state_node script to /home/yasiru/Documents/dobot/milestone_4/mxen_ws/install/dobot/lib/dobot
[2.286s] Installing suction_cup_node script to /home/yasiru/Documents/dobot/milestone_4/mxen_ws/install/dobot/lib/dobot
[2.286s] writing list of installed files to '/home/yasiru/Documents/dobot/milestone_4/mxen_ws/build/dobot/install.log'
[2.319s] Invoked command in '/home/yasiru/Documents/dobot/milestone_4/mxen_ws/src/dobot' returned '0': DEBUGINFOD_URLS=https://debuginfod.ubuntu.com PS1=\[\e]0;\u@\h: \w\a\]${debian_chroot:+($debian_chroot)}\[\033[01;32m\]\u@\h\[\033[00m\]:\[\033[01;34m\]\w\[\033[00m\]\$ PYTHONPATH=/home/yasiru/Documents/dobot/milestone_4/mxen_ws/build/dobot/prefix_override:/usr/lib/python3/dist-packages/colcon_core/task/python/colcon_distutils_commands:/home/yasiru/Documents/dobot/milestone_4/mxen_ws/install/dobot/lib/python3.12/site-packages:${PYTHONPATH} VIRTUAL_ENV_PROMPT=(venv-ardupilot) /usr/bin/python3 -W ignore:setup.py install is deprecated -W ignore:easy_install command is deprecated setup.py egg_info --egg-base ../../build/dobot build --build-base /home/yasiru/Documents/dobot/milestone_4/mxen_ws/build/dobot/build install --record /home/yasiru/Documents/dobot/milestone_4/mxen_ws/build/dobot/install.log --single-version-externally-managed install_data
