[0.010s] Invoking command in '/home/yasiru/Documents/dobot/milestone_4/mxen_ws/build/dobot_interface': DEBUGINFOD_URLS=https://debuginfod.ubuntu.com PS1=\[\e]0;\u@\h: \w\a\]${debian_chroot:+($debian_chroot)}\[\033[01;32m\]\u@\h\[\033[00m\]:\[\033[01;34m\]\w\[\033[00m\]\$ VIRTUAL_ENV_PROMPT=(venv-ardupilot) /usr/bin/cmake /home/yasiru/Documents/dobot/milestone_4/mxen_ws/src/dobot_interface -DCMAKE_INSTALL_PREFIX=/home/yasiru/Documents/dobot/milestone_4/mxen_ws/install/dobot_interface
[0.023s] -- Found ament_cmake: 2.7.4 (/opt/ros/kilted/share/ament_cmake/cmake)
[0.240s] -- Found rosidl_default_generators: 1.7.1 (/opt/ros/kilted/share/rosidl_default_generators/cmake)
[0.243s] -- Using all available rosidl_typesupport_c: rosidl_typesupport_fastrtps_c;rosidl_typesupport_introspection_c
[0.277s] -- Using all available rosidl_typesupport_cpp: rosidl_typesupport_fastrtps_cpp;rosidl_typesupport_introspection_cpp
[0.304s] -- Found rosidl_adapter: 4.9.6 (/opt/ros/kilted/share/rosidl_adapter/cmake)
[0.681s] Error parsing '/home/yasiru/Documents/dobot/milestone_4/mxen_ws/src/dobot_interface/package.xml':
[3.717s] Traceback (most recent call last):
[3.717s]   File "/opt/ros/kilted/share/ament_cmake_core/cmake/core/package_xml_2_cmake.py", line 150, in <module>
[3.717s]     main()
[3.718s]   File "/opt/ros/kilted/share/ament_cmake_core/cmake/core/package_xml_2_cmake.py", line 53, in main
[3.718s]     raise e
[3.718s]   File "/opt/ros/kilted/share/ament_cmake_core/cmake/core/package_xml_2_cmake.py", line 49, in main
[3.718s]     package = parse_package_string(
[3.718s]               ^^^^^^^^^^^^^^^^^^^^^
[3.718s]   File "/usr/lib/python3/dist-packages/catkin_pkg/package.py", line 786, in parse_package_string
[3.719s]     raise InvalidPackage('Error(s):%s' % (''.join(['\n- %s' % e for e in errors])), filename)
[3.719s] catkin_pkg.package.InvalidPackage: Error(s) in package '/home/yasiru/Documents/dobot/milestone_4/mxen_ws/src/dobot_interface/package.xml':
[3.719s] Error(s):
[3.719s] - The manifest of package "dobot_interface" (with format version 3) must not contain the following tags: buildtool
[3.768s] [31mCMake Error at /opt/ros/kilted/share/ament_cmake_core/cmake/core/ament_package_xml.cmake:95 (message):
[3.769s]   execute_process(/home/yasiru/venv-ardupilot/bin/python3
[3.769s]   /opt/ros/kilted/share/ament_cmake_core/cmake/core/package_xml_2_cmake.py
[3.769s]   /home/yasiru/Documents/dobot/milestone_4/mxen_ws/src/dobot_interface/package.xml
[3.769s]   /home/yasiru/Documents/dobot/milestone_4/mxen_ws/build/dobot_interface/ament_cmake_core/package.cmake)
[3.769s]   returned error code 1
[3.769s] Call Stack (most recent call first):
[3.769s]   /opt/ros/kilted/share/ament_cmake_core/cmake/core/ament_package_xml.cmake:49 (_ament_package_xml)
[3.769s]   /opt/ros/kilted/share/rosidl_cmake/cmake/rosidl_generate_interfaces.cmake:220 (ament_package_xml)
[3.770s]   CMakeLists.txt:16 (rosidl_generate_interfaces)
[3.770s] 
[3.770s] [0m
[3.770s] -- Configuring incomplete, errors occurred!
[3.788s] Invoked command in '/home/yasiru/Documents/dobot/milestone_4/mxen_ws/build/dobot_interface' returned '1': DEBUGINFOD_URLS=https://debuginfod.ubuntu.com PS1=\[\e]0;\u@\h: \w\a\]${debian_chroot:+($debian_chroot)}\[\033[01;32m\]\u@\h\[\033[00m\]:\[\033[01;34m\]\w\[\033[00m\]\$ VIRTUAL_ENV_PROMPT=(venv-ardupilot) /usr/bin/cmake /home/yasiru/Documents/dobot/milestone_4/mxen_ws/src/dobot_interface -DCMAKE_INSTALL_PREFIX=/home/yasiru/Documents/dobot/milestone_4/mxen_ws/install/dobot_interface
