[0.102s] DEBUG:colcon:Command line arguments: ['/usr/bin/colcon', 'build']
[0.102s] DEBUG:colcon:Parsed command line arguments: Namespace(log_base=None, log_level=None, verb_name='build', build_base='build', install_base='install', merge_install=False, symlink_install=False, test_result_base=None, continue_on_error=False, executor='parallel', parallel_workers=8, event_handlers=None, ignore_user_meta=False, metas=['./colcon.meta'], base_paths=['.'], packages_ignore=None, packages_ignore_regex=None, paths=None, packages_up_to=None, packages_up_to_regex=None, packages_above=None, packages_above_and_dependencies=None, packages_above_depth=None, packages_select_by_dep=None, packages_skip_by_dep=None, packages_skip_up_to=None, packages_select_build_failed=False, packages_skip_build_finished=False, packages_select_test_failures=False, packages_skip_test_passed=False, packages_select=None, packages_skip=None, packages_select_regex=None, packages_skip_regex=None, packages_start=None, packages_end=None, allow_overriding=[], cmake_args=None, cmake_target=None, cmake_target_skip_unavailable=False, cmake_clean_cache=False, cmake_clean_first=False, cmake_force_configure=False, ament_cmake_args=None, catkin_cmake_args=None, catkin_skip_building_tests=False, mixin_files=None, mixin=None, verb_parser=<colcon_mixin.mixin.mixin_argument.MixinArgumentDecorator object at 0x7937b0ac3a10>, verb_extension=<colcon_core.verb.build.BuildVerb object at 0x7937b0ac37a0>, main=<bound method BuildVerb.main of <colcon_core.verb.build.BuildVerb object at 0x7937b0ac37a0>>, mixin_verb=('build',))
[0.140s] Level 1:colcon.colcon_core.package_discovery:discover_packages(colcon_meta) check parameters
[0.140s] Level 1:colcon.colcon_core.package_discovery:discover_packages(recursive) check parameters
[0.140s] Level 1:colcon.colcon_core.package_discovery:discover_packages(ignore) check parameters
[0.140s] Level 1:colcon.colcon_core.package_discovery:discover_packages(path) check parameters
[0.140s] Level 1:colcon.colcon_core.package_discovery:discover_packages(colcon_meta) discover
[0.140s] Level 1:colcon.colcon_core.package_discovery:discover_packages(recursive) discover
[0.140s] INFO:colcon.colcon_core.package_discovery:Crawling recursively for packages in '/home/yasiru/Documents/dobot/milestone_4/mxen_ws'
[0.140s] Level 1:colcon.colcon_core.package_identification:_identify(.) by extensions ['ignore', 'ignore_ament_install']
[0.141s] Level 1:colcon.colcon_core.package_identification:_identify(.) by extension 'ignore'
[0.141s] Level 1:colcon.colcon_core.package_identification:_identify(.) by extension 'ignore_ament_install'
[0.141s] Level 1:colcon.colcon_core.package_identification:_identify(.) by extensions ['colcon_pkg']
[0.141s] Level 1:colcon.colcon_core.package_identification:_identify(.) by extension 'colcon_pkg'
[0.141s] Level 1:colcon.colcon_core.package_identification:_identify(.) by extensions ['colcon_meta']
[0.141s] Level 1:colcon.colcon_core.package_identification:_identify(.) by extension 'colcon_meta'
[0.141s] Level 1:colcon.colcon_core.package_identification:_identify(.) by extensions ['ros']
[0.141s] Level 1:colcon.colcon_core.package_identification:_identify(.) by extension 'ros'
[0.165s] Level 1:colcon.colcon_core.package_identification:_identify(.) by extensions ['cmake', 'python']
[0.165s] Level 1:colcon.colcon_core.package_identification:_identify(.) by extension 'cmake'
[0.165s] Level 1:colcon.colcon_core.package_identification:_identify(.) by extension 'python'
[0.165s] Level 1:colcon.colcon_core.package_identification:_identify(.) by extensions ['python_setup_py']
[0.165s] Level 1:colcon.colcon_core.package_identification:_identify(.) by extension 'python_setup_py'
[0.166s] Level 1:colcon.colcon_core.package_identification:_identify(build) by extensions ['ignore', 'ignore_ament_install']
[0.166s] Level 1:colcon.colcon_core.package_identification:_identify(build) by extension 'ignore'
[0.166s] Level 1:colcon.colcon_core.package_identification:_identify(build) ignored
[0.166s] Level 1:colcon.colcon_core.package_identification:_identify(install) by extensions ['ignore', 'ignore_ament_install']
[0.166s] Level 1:colcon.colcon_core.package_identification:_identify(install) by extension 'ignore'
[0.166s] Level 1:colcon.colcon_core.package_identification:_identify(install) ignored
[0.166s] Level 1:colcon.colcon_core.package_identification:_identify(log) by extensions ['ignore', 'ignore_ament_install']
[0.166s] Level 1:colcon.colcon_core.package_identification:_identify(log) by extension 'ignore'
[0.166s] Level 1:colcon.colcon_core.package_identification:_identify(log) ignored
[0.166s] Level 1:colcon.colcon_core.package_identification:_identify(src) by extensions ['ignore', 'ignore_ament_install']
[0.166s] Level 1:colcon.colcon_core.package_identification:_identify(src) by extension 'ignore'
[0.166s] Level 1:colcon.colcon_core.package_identification:_identify(src) by extension 'ignore_ament_install'
[0.167s] Level 1:colcon.colcon_core.package_identification:_identify(src) by extensions ['colcon_pkg']
[0.167s] Level 1:colcon.colcon_core.package_identification:_identify(src) by extension 'colcon_pkg'
[0.167s] Level 1:colcon.colcon_core.package_identification:_identify(src) by extensions ['colcon_meta']
[0.167s] Level 1:colcon.colcon_core.package_identification:_identify(src) by extension 'colcon_meta'
[0.167s] Level 1:colcon.colcon_core.package_identification:_identify(src) by extensions ['ros']
[0.167s] Level 1:colcon.colcon_core.package_identification:_identify(src) by extension 'ros'
[0.167s] Level 1:colcon.colcon_core.package_identification:_identify(src) by extensions ['cmake', 'python']
[0.167s] Level 1:colcon.colcon_core.package_identification:_identify(src) by extension 'cmake'
[0.167s] Level 1:colcon.colcon_core.package_identification:_identify(src) by extension 'python'
[0.167s] Level 1:colcon.colcon_core.package_identification:_identify(src) by extensions ['python_setup_py']
[0.167s] Level 1:colcon.colcon_core.package_identification:_identify(src) by extension 'python_setup_py'
[0.167s] Level 1:colcon.colcon_core.package_identification:_identify(src/dobot) by extensions ['ignore', 'ignore_ament_install']
[0.167s] Level 1:colcon.colcon_core.package_identification:_identify(src/dobot) by extension 'ignore'
[0.167s] Level 1:colcon.colcon_core.package_identification:_identify(src/dobot) by extension 'ignore_ament_install'
[0.167s] Level 1:colcon.colcon_core.package_identification:_identify(src/dobot) by extensions ['colcon_pkg']
[0.167s] Level 1:colcon.colcon_core.package_identification:_identify(src/dobot) by extension 'colcon_pkg'
[0.167s] Level 1:colcon.colcon_core.package_identification:_identify(src/dobot) by extensions ['colcon_meta']
[0.167s] Level 1:colcon.colcon_core.package_identification:_identify(src/dobot) by extension 'colcon_meta'
[0.167s] Level 1:colcon.colcon_core.package_identification:_identify(src/dobot) by extensions ['ros']
[0.168s] Level 1:colcon.colcon_core.package_identification:_identify(src/dobot) by extension 'ros'
[0.170s] DEBUG:colcon.colcon_core.package_identification:Package 'src/dobot' with type 'ros.ament_python' and name 'dobot'
[0.170s] Level 1:colcon.colcon_core.package_identification:_identify(src/dobot_interface) by extensions ['ignore', 'ignore_ament_install']
[0.170s] Level 1:colcon.colcon_core.package_identification:_identify(src/dobot_interface) by extension 'ignore'
[0.170s] Level 1:colcon.colcon_core.package_identification:_identify(src/dobot_interface) by extension 'ignore_ament_install'
[0.170s] Level 1:colcon.colcon_core.package_identification:_identify(src/dobot_interface) by extensions ['colcon_pkg']
[0.170s] Level 1:colcon.colcon_core.package_identification:_identify(src/dobot_interface) by extension 'colcon_pkg'
[0.170s] Level 1:colcon.colcon_core.package_identification:_identify(src/dobot_interface) by extensions ['colcon_meta']
[0.170s] Level 1:colcon.colcon_core.package_identification:_identify(src/dobot_interface) by extension 'colcon_meta'
[0.170s] Level 1:colcon.colcon_core.package_identification:_identify(src/dobot_interface) by extensions ['ros']
[0.170s] Level 1:colcon.colcon_core.package_identification:_identify(src/dobot_interface) by extension 'ros'
[0.171s] DEBUG:colcon.colcon_core.package_identification:Package 'src/dobot_interface' with type 'ros.ament_cmake' and name 'dobot_interface'
[0.171s] Level 1:colcon.colcon_core.package_discovery:discover_packages(recursive) using defaults
[0.171s] Level 1:colcon.colcon_core.package_discovery:discover_packages(ignore) discover
[0.171s] Level 1:colcon.colcon_core.package_discovery:discover_packages(ignore) using defaults
[0.171s] Level 1:colcon.colcon_core.package_discovery:discover_packages(path) discover
[0.171s] Level 1:colcon.colcon_core.package_discovery:discover_packages(path) using defaults
[0.190s] Level 1:colcon.colcon_core.package_discovery:discover_packages(prefix_path) check parameters
[0.190s] Level 1:colcon.colcon_core.package_discovery:discover_packages(prefix_path) discover
[0.191s] DEBUG:colcon.colcon_installed_package_information.package_discovery:Found 2 installed packages in /home/yasiru/Documents/dobot/milestone_4/mxen_ws/install
[0.193s] DEBUG:colcon.colcon_installed_package_information.package_discovery:Found 415 installed packages in /opt/ros/kilted
[0.195s] Level 1:colcon.colcon_core.package_discovery:discover_packages(prefix_path) using defaults
[0.244s] Level 5:colcon.colcon_core.verb:set package 'dobot_interface' build argument 'cmake_args' from command line to 'None'
[0.244s] Level 5:colcon.colcon_core.verb:set package 'dobot_interface' build argument 'cmake_target' from command line to 'None'
[0.244s] Level 5:colcon.colcon_core.verb:set package 'dobot_interface' build argument 'cmake_target_skip_unavailable' from command line to 'False'
[0.244s] Level 5:colcon.colcon_core.verb:set package 'dobot_interface' build argument 'cmake_clean_cache' from command line to 'False'
[0.244s] Level 5:colcon.colcon_core.verb:set package 'dobot_interface' build argument 'cmake_clean_first' from command line to 'False'
[0.244s] Level 5:colcon.colcon_core.verb:set package 'dobot_interface' build argument 'cmake_force_configure' from command line to 'False'
[0.244s] Level 5:colcon.colcon_core.verb:set package 'dobot_interface' build argument 'ament_cmake_args' from command line to 'None'
[0.244s] Level 5:colcon.colcon_core.verb:set package 'dobot_interface' build argument 'catkin_cmake_args' from command line to 'None'
[0.244s] Level 5:colcon.colcon_core.verb:set package 'dobot_interface' build argument 'catkin_skip_building_tests' from command line to 'False'
[0.244s] DEBUG:colcon.colcon_core.verb:Building package 'dobot_interface' with the following arguments: {'ament_cmake_args': None, 'build_base': '/home/yasiru/Documents/dobot/milestone_4/mxen_ws/build/dobot_interface', 'catkin_cmake_args': None, 'catkin_skip_building_tests': False, 'cmake_args': None, 'cmake_clean_cache': False, 'cmake_clean_first': False, 'cmake_force_configure': False, 'cmake_target': None, 'cmake_target_skip_unavailable': False, 'install_base': '/home/yasiru/Documents/dobot/milestone_4/mxen_ws/install/dobot_interface', 'merge_install': False, 'path': '/home/yasiru/Documents/dobot/milestone_4/mxen_ws/src/dobot_interface', 'symlink_install': False, 'test_result_base': None}
[0.244s] Level 5:colcon.colcon_core.verb:set package 'dobot' build argument 'cmake_args' from command line to 'None'
[0.244s] Level 5:colcon.colcon_core.verb:set package 'dobot' build argument 'cmake_target' from command line to 'None'
[0.244s] Level 5:colcon.colcon_core.verb:set package 'dobot' build argument 'cmake_target_skip_unavailable' from command line to 'False'
[0.244s] Level 5:colcon.colcon_core.verb:set package 'dobot' build argument 'cmake_clean_cache' from command line to 'False'
[0.244s] Level 5:colcon.colcon_core.verb:set package 'dobot' build argument 'cmake_clean_first' from command line to 'False'
[0.245s] Level 5:colcon.colcon_core.verb:set package 'dobot' build argument 'cmake_force_configure' from command line to 'False'
[0.245s] Level 5:colcon.colcon_core.verb:set package 'dobot' build argument 'ament_cmake_args' from command line to 'None'
[0.245s] Level 5:colcon.colcon_core.verb:set package 'dobot' build argument 'catkin_cmake_args' from command line to 'None'
[0.245s] Level 5:colcon.colcon_core.verb:set package 'dobot' build argument 'catkin_skip_building_tests' from command line to 'False'
[0.245s] DEBUG:colcon.colcon_core.verb:Building package 'dobot' with the following arguments: {'ament_cmake_args': None, 'build_base': '/home/yasiru/Documents/dobot/milestone_4/mxen_ws/build/dobot', 'catkin_cmake_args': None, 'catkin_skip_building_tests': False, 'cmake_args': None, 'cmake_clean_cache': False, 'cmake_clean_first': False, 'cmake_force_configure': False, 'cmake_target': None, 'cmake_target_skip_unavailable': False, 'install_base': '/home/yasiru/Documents/dobot/milestone_4/mxen_ws/install/dobot', 'merge_install': False, 'path': '/home/yasiru/Documents/dobot/milestone_4/mxen_ws/src/dobot', 'symlink_install': False, 'test_result_base': None}
[0.245s] INFO:colcon.colcon_core.executor:Executing jobs using 'parallel' executor
[0.246s] DEBUG:colcon.colcon_parallel_executor.executor.parallel:run_until_complete
[0.246s] INFO:colcon.colcon_ros.task.ament_cmake.build:Building ROS package in '/home/yasiru/Documents/dobot/milestone_4/mxen_ws/src/dobot_interface' with build type 'ament_cmake'
[0.246s] INFO:colcon.colcon_cmake.task.cmake.build:Building CMake package in '/home/yasiru/Documents/dobot/milestone_4/mxen_ws/src/dobot_interface'
[0.248s] INFO:colcon.colcon_core.plugin_system:Skipping extension 'colcon_core.shell.bat': Not used on non-Windows systems
[0.248s] INFO:colcon.colcon_core.shell:Skip shell extension 'powershell' for command environment: Not usable outside of PowerShell
[0.248s] DEBUG:colcon.colcon_core.shell:Skip shell extension 'dsv' for command environment
[0.259s] DEBUG:colcon.colcon_core.event_handler.log_command:Invoking command in '/home/yasiru/Documents/dobot/milestone_4/mxen_ws/build/dobot_interface': CMAKE_PREFIX_PATH=${CMAKE_PREFIX_PATH}:/home/yasiru/Documents/dobot/milestone_4/mxen_ws/install/dobot:/opt/ros/kilted DEBUGINFOD_URLS=https://debuginfod.ubuntu.com PS1=\[\e]0;\u@\h: \w\a\]${debian_chroot:+($debian_chroot)}\[\033[01;32m\]\u@\h\[\033[00m\]:\[\033[01;34m\]\w\[\033[00m\]\$ VIRTUAL_ENV_PROMPT=(venv-ardupilot) /usr/bin/cmake --build /home/yasiru/Documents/dobot/milestone_4/mxen_ws/build/dobot_interface -- -j8 -l8
[6.338s] DEBUG:colcon.colcon_core.event_handler.log_command:Invoked command in '/home/yasiru/Documents/dobot/milestone_4/mxen_ws/build/dobot_interface' returned '0': CMAKE_PREFIX_PATH=${CMAKE_PREFIX_PATH}:/home/yasiru/Documents/dobot/milestone_4/mxen_ws/install/dobot:/opt/ros/kilted DEBUGINFOD_URLS=https://debuginfod.ubuntu.com PS1=\[\e]0;\u@\h: \w\a\]${debian_chroot:+($debian_chroot)}\[\033[01;32m\]\u@\h\[\033[00m\]:\[\033[01;34m\]\w\[\033[00m\]\$ VIRTUAL_ENV_PROMPT=(venv-ardupilot) /usr/bin/cmake --build /home/yasiru/Documents/dobot/milestone_4/mxen_ws/build/dobot_interface -- -j8 -l8
[6.348s] DEBUG:colcon.colcon_core.event_handler.log_command:Invoking command in '/home/yasiru/Documents/dobot/milestone_4/mxen_ws/build/dobot_interface': CMAKE_PREFIX_PATH=${CMAKE_PREFIX_PATH}:/home/yasiru/Documents/dobot/milestone_4/mxen_ws/install/dobot:/opt/ros/kilted DEBUGINFOD_URLS=https://debuginfod.ubuntu.com PS1=\[\e]0;\u@\h: \w\a\]${debian_chroot:+($debian_chroot)}\[\033[01;32m\]\u@\h\[\033[00m\]:\[\033[01;34m\]\w\[\033[00m\]\$ VIRTUAL_ENV_PROMPT=(venv-ardupilot) /usr/bin/cmake --install /home/yasiru/Documents/dobot/milestone_4/mxen_ws/build/dobot_interface
[6.442s] Level 1:colcon.colcon_core.environment:create_environment_scripts_only(dobot_interface)
[6.442s] DEBUG:colcon.colcon_core.event_handler.log_command:Invoked command in '/home/yasiru/Documents/dobot/milestone_4/mxen_ws/build/dobot_interface' returned '0': CMAKE_PREFIX_PATH=${CMAKE_PREFIX_PATH}:/home/yasiru/Documents/dobot/milestone_4/mxen_ws/install/dobot:/opt/ros/kilted DEBUGINFOD_URLS=https://debuginfod.ubuntu.com PS1=\[\e]0;\u@\h: \w\a\]${debian_chroot:+($debian_chroot)}\[\033[01;32m\]\u@\h\[\033[00m\]:\[\033[01;34m\]\w\[\033[00m\]\$ VIRTUAL_ENV_PROMPT=(venv-ardupilot) /usr/bin/cmake --install /home/yasiru/Documents/dobot/milestone_4/mxen_ws/build/dobot_interface
[6.445s] Level 1:colcon.colcon_core.environment:checking '/home/yasiru/Documents/dobot/milestone_4/mxen_ws/install/dobot_interface' for CMake module files
[6.446s] Level 1:colcon.colcon_core.environment:checking '/home/yasiru/Documents/dobot/milestone_4/mxen_ws/install/dobot_interface' for CMake config files
[6.447s] Level 1:colcon.colcon_core.shell:create_environment_hook('dobot_interface', 'cmake_prefix_path')
[6.448s] INFO:colcon.colcon_core.shell:Creating environment hook '/home/yasiru/Documents/dobot/milestone_4/mxen_ws/install/dobot_interface/share/dobot_interface/hook/cmake_prefix_path.ps1'
[6.448s] INFO:colcon.colcon_core.shell:Creating environment descriptor '/home/yasiru/Documents/dobot/milestone_4/mxen_ws/install/dobot_interface/share/dobot_interface/hook/cmake_prefix_path.dsv'
[6.449s] INFO:colcon.colcon_core.shell:Creating environment hook '/home/yasiru/Documents/dobot/milestone_4/mxen_ws/install/dobot_interface/share/dobot_interface/hook/cmake_prefix_path.sh'
[6.450s] Level 1:colcon.colcon_core.environment:checking '/home/yasiru/Documents/dobot/milestone_4/mxen_ws/install/dobot_interface/lib'
[6.451s] Level 1:colcon.colcon_core.shell:create_environment_hook('dobot_interface', 'ld_library_path_lib')
[6.451s] INFO:colcon.colcon_core.shell:Creating environment hook '/home/yasiru/Documents/dobot/milestone_4/mxen_ws/install/dobot_interface/share/dobot_interface/hook/ld_library_path_lib.ps1'
[6.451s] INFO:colcon.colcon_core.shell:Creating environment descriptor '/home/yasiru/Documents/dobot/milestone_4/mxen_ws/install/dobot_interface/share/dobot_interface/hook/ld_library_path_lib.dsv'
[6.452s] INFO:colcon.colcon_core.shell:Creating environment hook '/home/yasiru/Documents/dobot/milestone_4/mxen_ws/install/dobot_interface/share/dobot_interface/hook/ld_library_path_lib.sh'
[6.453s] Level 1:colcon.colcon_core.environment:checking '/home/yasiru/Documents/dobot/milestone_4/mxen_ws/install/dobot_interface/bin'
[6.453s] Level 1:colcon.colcon_core.environment:checking '/home/yasiru/Documents/dobot/milestone_4/mxen_ws/install/dobot_interface/lib/pkgconfig/dobot_interface.pc'
[6.453s] Level 1:colcon.colcon_core.environment:checking '/home/yasiru/Documents/dobot/milestone_4/mxen_ws/install/dobot_interface/lib/python3.12/site-packages'
[6.454s] Level 1:colcon.colcon_core.shell:create_environment_hook('dobot_interface', 'pythonpath')
[6.454s] INFO:colcon.colcon_core.shell:Creating environment hook '/home/yasiru/Documents/dobot/milestone_4/mxen_ws/install/dobot_interface/share/dobot_interface/hook/pythonpath.ps1'
[6.455s] INFO:colcon.colcon_core.shell:Creating environment descriptor '/home/yasiru/Documents/dobot/milestone_4/mxen_ws/install/dobot_interface/share/dobot_interface/hook/pythonpath.dsv'
[6.455s] INFO:colcon.colcon_core.shell:Creating environment hook '/home/yasiru/Documents/dobot/milestone_4/mxen_ws/install/dobot_interface/share/dobot_interface/hook/pythonpath.sh'
[6.456s] Level 1:colcon.colcon_core.environment:checking '/home/yasiru/Documents/dobot/milestone_4/mxen_ws/install/dobot_interface/bin'
[6.457s] INFO:colcon.colcon_core.shell:Creating package script '/home/yasiru/Documents/dobot/milestone_4/mxen_ws/install/dobot_interface/share/dobot_interface/package.ps1'
[6.457s] INFO:colcon.colcon_core.shell:Creating package descriptor '/home/yasiru/Documents/dobot/milestone_4/mxen_ws/install/dobot_interface/share/dobot_interface/package.dsv'
[6.458s] INFO:colcon.colcon_core.shell:Creating package script '/home/yasiru/Documents/dobot/milestone_4/mxen_ws/install/dobot_interface/share/dobot_interface/package.sh'
[6.459s] INFO:colcon.colcon_core.shell:Creating package script '/home/yasiru/Documents/dobot/milestone_4/mxen_ws/install/dobot_interface/share/dobot_interface/package.bash'
[6.459s] INFO:colcon.colcon_core.shell:Creating package script '/home/yasiru/Documents/dobot/milestone_4/mxen_ws/install/dobot_interface/share/dobot_interface/package.zsh'
[6.460s] Level 1:colcon.colcon_core.environment:create_file_with_runtime_dependencies(/home/yasiru/Documents/dobot/milestone_4/mxen_ws/install/dobot_interface/share/colcon-core/packages/dobot_interface)
[6.461s] Level 1:colcon.colcon_core.environment:create_environment_scripts_only(dobot_interface)
[6.461s] Level 1:colcon.colcon_core.environment:checking '/home/yasiru/Documents/dobot/milestone_4/mxen_ws/install/dobot_interface' for CMake module files
[6.462s] Level 1:colcon.colcon_core.environment:checking '/home/yasiru/Documents/dobot/milestone_4/mxen_ws/install/dobot_interface' for CMake config files
[6.462s] Level 1:colcon.colcon_core.shell:create_environment_hook('dobot_interface', 'cmake_prefix_path')
[6.463s] INFO:colcon.colcon_core.shell:Creating environment hook '/home/yasiru/Documents/dobot/milestone_4/mxen_ws/install/dobot_interface/share/dobot_interface/hook/cmake_prefix_path.ps1'
[6.464s] INFO:colcon.colcon_core.shell:Creating environment descriptor '/home/yasiru/Documents/dobot/milestone_4/mxen_ws/install/dobot_interface/share/dobot_interface/hook/cmake_prefix_path.dsv'
[6.464s] INFO:colcon.colcon_core.shell:Creating environment hook '/home/yasiru/Documents/dobot/milestone_4/mxen_ws/install/dobot_interface/share/dobot_interface/hook/cmake_prefix_path.sh'
[6.466s] Level 1:colcon.colcon_core.environment:checking '/home/yasiru/Documents/dobot/milestone_4/mxen_ws/install/dobot_interface/lib'
[6.466s] Level 1:colcon.colcon_core.shell:create_environment_hook('dobot_interface', 'ld_library_path_lib')
[6.467s] INFO:colcon.colcon_core.shell:Creating environment hook '/home/yasiru/Documents/dobot/milestone_4/mxen_ws/install/dobot_interface/share/dobot_interface/hook/ld_library_path_lib.ps1'
[6.468s] INFO:colcon.colcon_core.shell:Creating environment descriptor '/home/yasiru/Documents/dobot/milestone_4/mxen_ws/install/dobot_interface/share/dobot_interface/hook/ld_library_path_lib.dsv'
[6.469s] INFO:colcon.colcon_core.shell:Creating environment hook '/home/yasiru/Documents/dobot/milestone_4/mxen_ws/install/dobot_interface/share/dobot_interface/hook/ld_library_path_lib.sh'
[6.470s] Level 1:colcon.colcon_core.environment:checking '/home/yasiru/Documents/dobot/milestone_4/mxen_ws/install/dobot_interface/bin'
[6.471s] Level 1:colcon.colcon_core.environment:checking '/home/yasiru/Documents/dobot/milestone_4/mxen_ws/install/dobot_interface/lib/pkgconfig/dobot_interface.pc'
[6.472s] Level 1:colcon.colcon_core.environment:checking '/home/yasiru/Documents/dobot/milestone_4/mxen_ws/install/dobot_interface/lib/python3.12/site-packages'
[6.472s] Level 1:colcon.colcon_core.shell:create_environment_hook('dobot_interface', 'pythonpath')
[6.472s] INFO:colcon.colcon_core.shell:Creating environment hook '/home/yasiru/Documents/dobot/milestone_4/mxen_ws/install/dobot_interface/share/dobot_interface/hook/pythonpath.ps1'
[6.474s] INFO:colcon.colcon_core.shell:Creating environment descriptor '/home/yasiru/Documents/dobot/milestone_4/mxen_ws/install/dobot_interface/share/dobot_interface/hook/pythonpath.dsv'
[6.475s] INFO:colcon.colcon_core.shell:Creating environment hook '/home/yasiru/Documents/dobot/milestone_4/mxen_ws/install/dobot_interface/share/dobot_interface/hook/pythonpath.sh'
[6.477s] Level 1:colcon.colcon_core.environment:checking '/home/yasiru/Documents/dobot/milestone_4/mxen_ws/install/dobot_interface/bin'
[6.478s] INFO:colcon.colcon_core.shell:Creating package script '/home/yasiru/Documents/dobot/milestone_4/mxen_ws/install/dobot_interface/share/dobot_interface/package.ps1'
[6.479s] INFO:colcon.colcon_core.shell:Creating package descriptor '/home/yasiru/Documents/dobot/milestone_4/mxen_ws/install/dobot_interface/share/dobot_interface/package.dsv'
[6.480s] INFO:colcon.colcon_core.shell:Creating package script '/home/yasiru/Documents/dobot/milestone_4/mxen_ws/install/dobot_interface/share/dobot_interface/package.sh'
[6.480s] INFO:colcon.colcon_core.shell:Creating package script '/home/yasiru/Documents/dobot/milestone_4/mxen_ws/install/dobot_interface/share/dobot_interface/package.bash'
[6.481s] INFO:colcon.colcon_core.shell:Creating package script '/home/yasiru/Documents/dobot/milestone_4/mxen_ws/install/dobot_interface/share/dobot_interface/package.zsh'
[6.482s] Level 1:colcon.colcon_core.environment:create_file_with_runtime_dependencies(/home/yasiru/Documents/dobot/milestone_4/mxen_ws/install/dobot_interface/share/colcon-core/packages/dobot_interface)
[6.482s] INFO:colcon.colcon_ros.task.ament_python.build:Building ROS package in '/home/yasiru/Documents/dobot/milestone_4/mxen_ws/src/dobot' with build type 'ament_python'
[6.482s] Level 1:colcon.colcon_core.shell:create_environment_hook('dobot', 'ament_prefix_path')
[6.483s] INFO:colcon.colcon_core.shell:Creating environment hook '/home/yasiru/Documents/dobot/milestone_4/mxen_ws/install/dobot/share/dobot/hook/ament_prefix_path.ps1'
[6.485s] INFO:colcon.colcon_core.shell:Creating environment descriptor '/home/yasiru/Documents/dobot/milestone_4/mxen_ws/install/dobot/share/dobot/hook/ament_prefix_path.dsv'
[6.485s] INFO:colcon.colcon_core.shell:Creating environment hook '/home/yasiru/Documents/dobot/milestone_4/mxen_ws/install/dobot/share/dobot/hook/ament_prefix_path.sh'
[6.487s] INFO:colcon.colcon_core.shell:Skip shell extension 'powershell' for command environment: Not usable outside of PowerShell
[6.487s] DEBUG:colcon.colcon_core.shell:Skip shell extension 'dsv' for command environment
[6.813s] INFO:colcon.colcon_core.task.python.build:Building Python package in '/home/yasiru/Documents/dobot/milestone_4/mxen_ws/src/dobot'
[6.813s] INFO:colcon.colcon_core.shell:Skip shell extension 'powershell' for command environment: Not usable outside of PowerShell
[6.813s] DEBUG:colcon.colcon_core.shell:Skip shell extension 'dsv' for command environment
[7.521s] DEBUG:colcon.colcon_core.event_handler.log_command:Invoking command in '/home/yasiru/Documents/dobot/milestone_4/mxen_ws/src/dobot': DEBUGINFOD_URLS=https://debuginfod.ubuntu.com PS1=\[\e]0;\u@\h: \w\a\]${debian_chroot:+($debian_chroot)}\[\033[01;32m\]\u@\h\[\033[00m\]:\[\033[01;34m\]\w\[\033[00m\]\$ PYTHONPATH=/home/yasiru/Documents/dobot/milestone_4/mxen_ws/build/dobot/prefix_override:/usr/lib/python3/dist-packages/colcon_core/task/python/colcon_distutils_commands:/home/yasiru/Documents/dobot/milestone_4/mxen_ws/install/dobot/lib/python3.12/site-packages:${PYTHONPATH} VIRTUAL_ENV_PROMPT=(venv-ardupilot) /usr/bin/python3 -W ignore:setup.py install is deprecated -W ignore:easy_install command is deprecated setup.py egg_info --egg-base ../../build/dobot build --build-base /home/yasiru/Documents/dobot/milestone_4/mxen_ws/build/dobot/build install --record /home/yasiru/Documents/dobot/milestone_4/mxen_ws/build/dobot/install.log --single-version-externally-managed install_data
[8.225s] Level 1:colcon.colcon_core.environment:checking '/home/yasiru/Documents/dobot/milestone_4/mxen_ws/install/dobot' for CMake module files
[8.226s] DEBUG:colcon.colcon_core.event_handler.log_command:Invoked command in '/home/yasiru/Documents/dobot/milestone_4/mxen_ws/src/dobot' returned '0': DEBUGINFOD_URLS=https://debuginfod.ubuntu.com PS1=\[\e]0;\u@\h: \w\a\]${debian_chroot:+($debian_chroot)}\[\033[01;32m\]\u@\h\[\033[00m\]:\[\033[01;34m\]\w\[\033[00m\]\$ PYTHONPATH=/home/yasiru/Documents/dobot/milestone_4/mxen_ws/build/dobot/prefix_override:/usr/lib/python3/dist-packages/colcon_core/task/python/colcon_distutils_commands:/home/yasiru/Documents/dobot/milestone_4/mxen_ws/install/dobot/lib/python3.12/site-packages:${PYTHONPATH} VIRTUAL_ENV_PROMPT=(venv-ardupilot) /usr/bin/python3 -W ignore:setup.py install is deprecated -W ignore:easy_install command is deprecated setup.py egg_info --egg-base ../../build/dobot build --build-base /home/yasiru/Documents/dobot/milestone_4/mxen_ws/build/dobot/build install --record /home/yasiru/Documents/dobot/milestone_4/mxen_ws/build/dobot/install.log --single-version-externally-managed install_data
[8.226s] Level 1:colcon.colcon_core.environment:checking '/home/yasiru/Documents/dobot/milestone_4/mxen_ws/install/dobot' for CMake config files
[8.227s] Level 1:colcon.colcon_core.environment:checking '/home/yasiru/Documents/dobot/milestone_4/mxen_ws/install/dobot/lib'
[8.227s] Level 1:colcon.colcon_core.environment:checking '/home/yasiru/Documents/dobot/milestone_4/mxen_ws/install/dobot/bin'
[8.227s] Level 1:colcon.colcon_core.environment:checking '/home/yasiru/Documents/dobot/milestone_4/mxen_ws/install/dobot/lib/pkgconfig/dobot.pc'
[8.227s] Level 1:colcon.colcon_core.environment:checking '/home/yasiru/Documents/dobot/milestone_4/mxen_ws/install/dobot/lib/python3.12/site-packages'
[8.227s] Level 1:colcon.colcon_core.shell:create_environment_hook('dobot', 'pythonpath')
[8.227s] INFO:colcon.colcon_core.shell:Creating environment hook '/home/yasiru/Documents/dobot/milestone_4/mxen_ws/install/dobot/share/dobot/hook/pythonpath.ps1'
[8.228s] INFO:colcon.colcon_core.shell:Creating environment descriptor '/home/yasiru/Documents/dobot/milestone_4/mxen_ws/install/dobot/share/dobot/hook/pythonpath.dsv'
[8.228s] INFO:colcon.colcon_core.shell:Creating environment hook '/home/yasiru/Documents/dobot/milestone_4/mxen_ws/install/dobot/share/dobot/hook/pythonpath.sh'
[8.229s] Level 1:colcon.colcon_core.environment:checking '/home/yasiru/Documents/dobot/milestone_4/mxen_ws/install/dobot/bin'
[8.229s] Level 1:colcon.colcon_core.environment:create_environment_scripts_only(dobot)
[8.229s] INFO:colcon.colcon_core.shell:Creating package script '/home/yasiru/Documents/dobot/milestone_4/mxen_ws/install/dobot/share/dobot/package.ps1'
[8.229s] INFO:colcon.colcon_core.shell:Creating package descriptor '/home/yasiru/Documents/dobot/milestone_4/mxen_ws/install/dobot/share/dobot/package.dsv'
[8.230s] INFO:colcon.colcon_core.shell:Creating package script '/home/yasiru/Documents/dobot/milestone_4/mxen_ws/install/dobot/share/dobot/package.sh'
[8.230s] INFO:colcon.colcon_core.shell:Creating package script '/home/yasiru/Documents/dobot/milestone_4/mxen_ws/install/dobot/share/dobot/package.bash'
[8.236s] INFO:colcon.colcon_core.shell:Creating package script '/home/yasiru/Documents/dobot/milestone_4/mxen_ws/install/dobot/share/dobot/package.zsh'
[8.237s] Level 1:colcon.colcon_core.environment:create_file_with_runtime_dependencies(/home/yasiru/Documents/dobot/milestone_4/mxen_ws/install/dobot/share/colcon-core/packages/dobot)
[8.237s] DEBUG:colcon.colcon_parallel_executor.executor.parallel:closing loop
[8.237s] DEBUG:colcon.colcon_parallel_executor.executor.parallel:loop closed
[8.237s] DEBUG:colcon.colcon_parallel_executor.executor.parallel:run_until_complete finished with '0'
[8.238s] DEBUG:colcon.colcon_core.event_reactor:joining thread
[8.243s] INFO:colcon.colcon_core.plugin_system:Skipping extension 'colcon_notification.desktop_notification.terminal_notifier': Not used on non-Darwin systems
[8.243s] INFO:colcon.colcon_core.plugin_system:Skipping extension 'colcon_notification.desktop_notification.win32': Not used on non-Windows systems
[8.244s] INFO:colcon.colcon_notification.desktop_notification:Sending desktop notification using 'notify2'
[8.257s] DEBUG:colcon.colcon_core.event_reactor:joined thread
[8.257s] INFO:colcon.colcon_core.shell:Creating prefix script '/home/yasiru/Documents/dobot/milestone_4/mxen_ws/install/local_setup.ps1'
[8.258s] INFO:colcon.colcon_core.shell:Creating prefix util module '/home/yasiru/Documents/dobot/milestone_4/mxen_ws/install/_local_setup_util_ps1.py'
[8.259s] INFO:colcon.colcon_core.shell:Creating prefix chain script '/home/yasiru/Documents/dobot/milestone_4/mxen_ws/install/setup.ps1'
[8.260s] INFO:colcon.colcon_core.shell:Creating prefix script '/home/yasiru/Documents/dobot/milestone_4/mxen_ws/install/local_setup.sh'
[8.261s] INFO:colcon.colcon_core.shell:Creating prefix util module '/home/yasiru/Documents/dobot/milestone_4/mxen_ws/install/_local_setup_util_sh.py'
[8.267s] INFO:colcon.colcon_core.shell:Creating prefix chain script '/home/yasiru/Documents/dobot/milestone_4/mxen_ws/install/setup.sh'
[8.268s] INFO:colcon.colcon_core.shell:Creating prefix script '/home/yasiru/Documents/dobot/milestone_4/mxen_ws/install/local_setup.bash'
[8.268s] INFO:colcon.colcon_core.shell:Creating prefix chain script '/home/yasiru/Documents/dobot/milestone_4/mxen_ws/install/setup.bash'
[8.269s] INFO:colcon.colcon_core.shell:Creating prefix script '/home/yasiru/Documents/dobot/milestone_4/mxen_ws/install/local_setup.zsh'
[8.270s] INFO:colcon.colcon_core.shell:Creating prefix chain script '/home/yasiru/Documents/dobot/milestone_4/mxen_ws/install/setup.zsh'
