[1.473s] Invoking command in '/home/yasiru/Documents/dobot/milestone_4/mxen_ws/src/dobot': DEBUGINFOD_URLS=https://debuginfod.ubuntu.com PS1=\[\e]0;\u@\h: \w\a\]${debian_chroot:+($debian_chroot)}\[\033[01;32m\]\u@\h\[\033[00m\]:\[\033[01;34m\]\w\[\033[00m\]\$ PYTHONPATH=/home/yasiru/Documents/dobot/milestone_4/mxen_ws/build/dobot/prefix_override:/usr/lib/python3/dist-packages/colcon_core/task/python/colcon_distutils_commands:/home/yasiru/Documents/dobot/milestone_4/mxen_ws/install/dobot/lib/python3.12/site-packages:${PYTHONPATH} VIRTUAL_ENV_PROMPT=(venv-ardupilot) /usr/bin/python3 -W ignore:setup.py install is deprecated -W ignore:easy_install command is deprecated setup.py egg_info --egg-base ../../build/dobot build --build-base /home/yasiru/Documents/dobot/milestone_4/mxen_ws/build/dobot/build install --record /home/yasiru/Documents/dobot/milestone_4/mxen_ws/build/dobot/install.log --single-version-externally-managed install_data
[1.813s] running egg_info
[1.843s] writing ../../build/dobot/dobot.egg-info/PKG-INFO
[1.843s] writing dependency_links to ../../build/dobot/dobot.egg-info/dependency_links.txt
[1.843s] writing entry points to ../../build/dobot/dobot.egg-info/entry_points.txt
[1.843s] writing requirements to ../../build/dobot/dobot.egg-info/requires.txt
[1.844s] writing top-level names to ../../build/dobot/dobot.egg-info/top_level.txt
[1.904s] reading manifest file '../../build/dobot/dobot.egg-info/SOURCES.txt'
[1.904s] adding license file 'LICENSE'
[1.905s] writing manifest file '../../build/dobot/dobot.egg-info/SOURCES.txt'
[1.905s] running build
[1.905s] running build_py
[1.906s] copying dobot/joint_state_node.py -> /home/yasiru/Documents/dobot/milestone_4/mxen_ws/build/dobot/build/lib/dobot
[1.906s] copying dobot/joint_ptp_node.py -> /home/yasiru/Documents/dobot/milestone_4/mxen_ws/build/dobot/build/lib/dobot
[1.906s] running install
[1.914s] running install_lib
[1.943s] copying /home/yasiru/Documents/dobot/milestone_4/mxen_ws/build/dobot/build/lib/dobot/joint_state_node.py -> /home/yasiru/Documents/dobot/milestone_4/mxen_ws/install/dobot/lib/python3.12/site-packages/dobot
[1.943s] copying /home/yasiru/Documents/dobot/milestone_4/mxen_ws/build/dobot/build/lib/dobot/joint_ptp_node.py -> /home/yasiru/Documents/dobot/milestone_4/mxen_ws/install/dobot/lib/python3.12/site-packages/dobot
[1.944s] byte-compiling /home/yasiru/Documents/dobot/milestone_4/mxen_ws/install/dobot/lib/python3.12/site-packages/dobot/joint_state_node.py to joint_state_node.cpython-312.pyc
[1.945s] byte-compiling /home/yasiru/Documents/dobot/milestone_4/mxen_ws/install/dobot/lib/python3.12/site-packages/dobot/joint_ptp_node.py to joint_ptp_node.cpython-312.pyc
[1.946s] running install_data
[1.946s] running install_egg_info
[1.978s] removing '/home/yasiru/Documents/dobot/milestone_4/mxen_ws/install/dobot/lib/python3.12/site-packages/dobot-0.0.0-py3.12.egg-info' (and everything under it)
[1.978s] Copying ../../build/dobot/dobot.egg-info to /home/yasiru/Documents/dobot/milestone_4/mxen_ws/install/dobot/lib/python3.12/site-packages/dobot-0.0.0-py3.12.egg-info
[1.979s] running install_scripts
[2.171s] Installing homing_node script to /home/yasiru/Documents/dobot/milestone_4/mxen_ws/install/dobot/lib/dobot
[2.171s] Installing joint_state_node script to /home/yasiru/Documents/dobot/milestone_4/mxen_ws/install/dobot/lib/dobot
[2.171s] Installing suction_cup_node script to /home/yasiru/Documents/dobot/milestone_4/mxen_ws/install/dobot/lib/dobot
[2.171s] writing list of installed files to '/home/yasiru/Documents/dobot/milestone_4/mxen_ws/build/dobot/install.log'
[2.204s] Invoked command in '/home/yasiru/Documents/dobot/milestone_4/mxen_ws/src/dobot' returned '0': DEBUGINFOD_URLS=https://debuginfod.ubuntu.com PS1=\[\e]0;\u@\h: \w\a\]${debian_chroot:+($debian_chroot)}\[\033[01;32m\]\u@\h\[\033[00m\]:\[\033[01;34m\]\w\[\033[00m\]\$ PYTHONPATH=/home/yasiru/Documents/dobot/milestone_4/mxen_ws/build/dobot/prefix_override:/usr/lib/python3/dist-packages/colcon_core/task/python/colcon_distutils_commands:/home/yasiru/Documents/dobot/milestone_4/mxen_ws/install/dobot/lib/python3.12/site-packages:${PYTHONPATH} VIRTUAL_ENV_PROMPT=(venv-ardupilot) /usr/bin/python3 -W ignore:setup.py install is deprecated -W ignore:easy_install command is deprecated setup.py egg_info --egg-base ../../build/dobot build --build-base /home/yasiru/Documents/dobot/milestone_4/mxen_ws/build/dobot/build install --record /home/yasiru/Documents/dobot/milestone_4/mxen_ws/build/dobot/install.log --single-version-externally-managed install_data
