[0.264s] Invoking command in '/home/yasiru/Documents/dobot/milestone_4/mxen_ws/build/dobot_interface': CMAKE_PREFIX_PATH=${CMAKE_PREFIX_PATH}:/home/yasiru/Documents/dobot/milestone_4/mxen_ws/install/dobot:/opt/ros/kilted DEBUGINFOD_URLS=https://debuginfod.ubuntu.com PS1=\[\e]0;\u@\h: \w\a\]${debian_chroot:+($debian_chroot)}\[\033[01;32m\]\u@\h\[\033[00m\]:\[\033[01;34m\]\w\[\033[00m\]\$ VIRTUAL_ENV_PROMPT=(venv-ardupilot) /usr/bin/cmake --build /home/yasiru/Documents/dobot/milestone_4/mxen_ws/build/dobot_interface -- -j8 -l8
[0.324s] [  2%] Built target dobot_interface__rosidl_generator_type_description
[0.332s] [  2%] Built target ament_cmake_python_copy_dobot_interface
[0.351s] [  5%] Built target dobot_interface__cpp
[0.356s] [ 20%] Built target dobot_interface__rosidl_generator_c
[0.393s] [ 35%] Built target dobot_interface__rosidl_typesupport_cpp
[0.396s] [ 44%] Built target dobot_interface__rosidl_typesupport_introspection_cpp
[0.396s] [ 64%] Built target dobot_interface__rosidl_typesupport_c
[0.397s] [ 73%] Built target dobot_interface__rosidl_typesupport_introspection_c
[0.398s] [ 47%] Built target dobot_interface__rosidl_typesupport_fastrtps_c
[0.399s] [ 55%] Built target dobot_interface__rosidl_typesupport_fastrtps_cpp
[0.424s] [ 73%] Built target dobot_interface
[0.454s] [ 76%] Built target dobot_interface__py
[0.484s] [ 82%] Built target dobot_interface__rosidl_generator_py
[0.522s] [ 94%] Built target dobot_interface_s__rosidl_typesupport_c
[0.522s] [ 94%] Built target dobot_interface_s__rosidl_typesupport_introspection_c
[0.522s] [100%] Built target dobot_interface_s__rosidl_typesupport_fastrtps_c
[0.695s] running egg_info
[0.728s] writing dobot_interface.egg-info/PKG-INFO
[0.729s] writing dependency_links to dobot_interface.egg-info/dependency_links.txt
[0.729s] writing top-level names to dobot_interface.egg-info/top_level.txt
[0.826s] reading manifest file 'dobot_interface.egg-info/SOURCES.txt'
[0.826s] writing manifest file 'dobot_interface.egg-info/SOURCES.txt'
[0.863s] [100%] Built target ament_cmake_python_build_dobot_interface_egg
[0.876s] Invoked command in '/home/yasiru/Documents/dobot/milestone_4/mxen_ws/build/dobot_interface' returned '0': CMAKE_PREFIX_PATH=${CMAKE_PREFIX_PATH}:/home/yasiru/Documents/dobot/milestone_4/mxen_ws/install/dobot:/opt/ros/kilted DEBUGINFOD_URLS=https://debuginfod.ubuntu.com PS1=\[\e]0;\u@\h: \w\a\]${debian_chroot:+($debian_chroot)}\[\033[01;32m\]\u@\h\[\033[00m\]:\[\033[01;34m\]\w\[\033[00m\]\$ VIRTUAL_ENV_PROMPT=(venv-ardupilot) /usr/bin/cmake --build /home/yasiru/Documents/dobot/milestone_4/mxen_ws/build/dobot_interface -- -j8 -l8
[0.887s] Invoking command in '/home/yasiru/Documents/dobot/milestone_4/mxen_ws/build/dobot_interface': CMAKE_PREFIX_PATH=${CMAKE_PREFIX_PATH}:/home/yasiru/Documents/dobot/milestone_4/mxen_ws/install/dobot:/opt/ros/kilted DEBUGINFOD_URLS=https://debuginfod.ubuntu.com PS1=\[\e]0;\u@\h: \w\a\]${debian_chroot:+($debian_chroot)}\[\033[01;32m\]\u@\h\[\033[00m\]:\[\033[01;34m\]\w\[\033[00m\]\$ VIRTUAL_ENV_PROMPT=(venv-ardupilot) /usr/bin/cmake --install /home/yasiru/Documents/dobot/milestone_4/mxen_ws/build/dobot_interface
[0.897s] -- Install configuration: ""
[0.897s] -- Up-to-date: /home/yasiru/Documents/dobot/milestone_4/mxen_ws/install/dobot_interface/share/ament_index/resource_index/rosidl_interfaces/dobot_interface
[0.898s] -- Up-to-date: /home/yasiru/Documents/dobot/milestone_4/mxen_ws/install/dobot_interface/share/dobot_interface/action/JointPTP.json
[0.899s] -- Up-to-date: /home/yasiru/Documents/dobot/milestone_4/mxen_ws/install/dobot_interface/include/dobot_interface/dobot_interface
[0.899s] -- Up-to-date: /home/yasiru/Documents/dobot/milestone_4/mxen_ws/install/dobot_interface/include/dobot_interface/dobot_interface/msg
[0.900s] -- Up-to-date: /home/yasiru/Documents/dobot/milestone_4/mxen_ws/install/dobot_interface/include/dobot_interface/dobot_interface/msg/rosidl_generator_c__visibility_control.h
[0.900s] -- Up-to-date: /home/yasiru/Documents/dobot/milestone_4/mxen_ws/install/dobot_interface/include/dobot_interface/dobot_interface/action
[0.900s] -- Up-to-date: /home/yasiru/Documents/dobot/milestone_4/mxen_ws/install/dobot_interface/include/dobot_interface/dobot_interface/action/detail
[0.900s] -- Up-to-date: /home/yasiru/Documents/dobot/milestone_4/mxen_ws/install/dobot_interface/include/dobot_interface/dobot_interface/action/detail/joint_ptp__description.c
[0.900s] -- Up-to-date: /home/yasiru/Documents/dobot/milestone_4/mxen_ws/install/dobot_interface/include/dobot_interface/dobot_interface/action/detail/joint_ptp__type_support.h
[0.900s] -- Up-to-date: /home/yasiru/Documents/dobot/milestone_4/mxen_ws/install/dobot_interface/include/dobot_interface/dobot_interface/action/detail/joint_ptp__functions.c
[0.901s] -- Up-to-date: /home/yasiru/Documents/dobot/milestone_4/mxen_ws/install/dobot_interface/include/dobot_interface/dobot_interface/action/detail/joint_ptp__functions.h
[0.901s] -- Up-to-date: /home/yasiru/Documents/dobot/milestone_4/mxen_ws/install/dobot_interface/include/dobot_interface/dobot_interface/action/detail/joint_ptp__type_support.c
[0.901s] -- Up-to-date: /home/yasiru/Documents/dobot/milestone_4/mxen_ws/install/dobot_interface/include/dobot_interface/dobot_interface/action/detail/joint_ptp__struct.h
[0.901s] -- Up-to-date: /home/yasiru/Documents/dobot/milestone_4/mxen_ws/install/dobot_interface/include/dobot_interface/dobot_interface/action/joint_ptp.h
[0.901s] -- Up-to-date: /home/yasiru/Documents/dobot/milestone_4/mxen_ws/install/dobot_interface/share/dobot_interface/environment/library_path.sh
[0.901s] -- Up-to-date: /home/yasiru/Documents/dobot/milestone_4/mxen_ws/install/dobot_interface/share/dobot_interface/environment/library_path.dsv
[0.902s] -- Up-to-date: /home/yasiru/Documents/dobot/milestone_4/mxen_ws/install/dobot_interface/lib/libdobot_interface__rosidl_generator_c.so
[0.902s] -- Up-to-date: /home/yasiru/Documents/dobot/milestone_4/mxen_ws/install/dobot_interface/include/dobot_interface/dobot_interface
[0.902s] -- Up-to-date: /home/yasiru/Documents/dobot/milestone_4/mxen_ws/install/dobot_interface/include/dobot_interface/dobot_interface/msg
[0.902s] -- Up-to-date: /home/yasiru/Documents/dobot/milestone_4/mxen_ws/install/dobot_interface/include/dobot_interface/dobot_interface/msg/rosidl_typesupport_fastrtps_c__visibility_control.h
[0.902s] -- Up-to-date: /home/yasiru/Documents/dobot/milestone_4/mxen_ws/install/dobot_interface/include/dobot_interface/dobot_interface/action
[0.902s] -- Up-to-date: /home/yasiru/Documents/dobot/milestone_4/mxen_ws/install/dobot_interface/include/dobot_interface/dobot_interface/action/detail
[0.903s] -- Up-to-date: /home/yasiru/Documents/dobot/milestone_4/mxen_ws/install/dobot_interface/include/dobot_interface/dobot_interface/action/detail/joint_ptp__rosidl_typesupport_fastrtps_c.h
[0.903s] -- Up-to-date: /home/yasiru/Documents/dobot/milestone_4/mxen_ws/install/dobot_interface/lib/libdobot_interface__rosidl_typesupport_fastrtps_c.so
[0.903s] -- Up-to-date: /home/yasiru/Documents/dobot/milestone_4/mxen_ws/install/dobot_interface/include/dobot_interface/dobot_interface
[0.903s] -- Up-to-date: /home/yasiru/Documents/dobot/milestone_4/mxen_ws/install/dobot_interface/include/dobot_interface/dobot_interface/msg
[0.903s] -- Up-to-date: /home/yasiru/Documents/dobot/milestone_4/mxen_ws/install/dobot_interface/include/dobot_interface/dobot_interface/msg/rosidl_typesupport_introspection_c__visibility_control.h
[0.903s] -- Up-to-date: /home/yasiru/Documents/dobot/milestone_4/mxen_ws/install/dobot_interface/include/dobot_interface/dobot_interface/action
[0.903s] -- Up-to-date: /home/yasiru/Documents/dobot/milestone_4/mxen_ws/install/dobot_interface/include/dobot_interface/dobot_interface/action/detail
[0.904s] -- Up-to-date: /home/yasiru/Documents/dobot/milestone_4/mxen_ws/install/dobot_interface/include/dobot_interface/dobot_interface/action/detail/joint_ptp__rosidl_typesupport_introspection_c.h
[0.904s] -- Up-to-date: /home/yasiru/Documents/dobot/milestone_4/mxen_ws/install/dobot_interface/include/dobot_interface/dobot_interface/action/detail/joint_ptp__type_support.c
[0.904s] -- Up-to-date: /home/yasiru/Documents/dobot/milestone_4/mxen_ws/install/dobot_interface/lib/libdobot_interface__rosidl_typesupport_introspection_c.so
[0.904s] -- Up-to-date: /home/yasiru/Documents/dobot/milestone_4/mxen_ws/install/dobot_interface/lib/libdobot_interface__rosidl_typesupport_c.so
[0.904s] -- Up-to-date: /home/yasiru/Documents/dobot/milestone_4/mxen_ws/install/dobot_interface/include/dobot_interface/dobot_interface
[0.905s] -- Up-to-date: /home/yasiru/Documents/dobot/milestone_4/mxen_ws/install/dobot_interface/include/dobot_interface/dobot_interface/msg
[0.905s] -- Up-to-date: /home/yasiru/Documents/dobot/milestone_4/mxen_ws/install/dobot_interface/include/dobot_interface/dobot_interface/msg/rosidl_generator_cpp__visibility_control.hpp
[0.905s] -- Up-to-date: /home/yasiru/Documents/dobot/milestone_4/mxen_ws/install/dobot_interface/include/dobot_interface/dobot_interface/action
[0.905s] -- Up-to-date: /home/yasiru/Documents/dobot/milestone_4/mxen_ws/install/dobot_interface/include/dobot_interface/dobot_interface/action/joint_ptp.hpp
[0.905s] -- Up-to-date: /home/yasiru/Documents/dobot/milestone_4/mxen_ws/install/dobot_interface/include/dobot_interface/dobot_interface/action/detail
[0.905s] -- Up-to-date: /home/yasiru/Documents/dobot/milestone_4/mxen_ws/install/dobot_interface/include/dobot_interface/dobot_interface/action/detail/joint_ptp__type_support.hpp
[0.905s] -- Up-to-date: /home/yasiru/Documents/dobot/milestone_4/mxen_ws/install/dobot_interface/include/dobot_interface/dobot_interface/action/detail/joint_ptp__traits.hpp
[0.906s] -- Up-to-date: /home/yasiru/Documents/dobot/milestone_4/mxen_ws/install/dobot_interface/include/dobot_interface/dobot_interface/action/detail/joint_ptp__builder.hpp
[0.906s] -- Up-to-date: /home/yasiru/Documents/dobot/milestone_4/mxen_ws/install/dobot_interface/include/dobot_interface/dobot_interface/action/detail/joint_ptp__struct.hpp
[0.906s] -- Up-to-date: /home/yasiru/Documents/dobot/milestone_4/mxen_ws/install/dobot_interface/include/dobot_interface/dobot_interface
[0.906s] -- Up-to-date: /home/yasiru/Documents/dobot/milestone_4/mxen_ws/install/dobot_interface/include/dobot_interface/dobot_interface/msg
[0.906s] -- Up-to-date: /home/yasiru/Documents/dobot/milestone_4/mxen_ws/install/dobot_interface/include/dobot_interface/dobot_interface/msg/rosidl_typesupport_fastrtps_cpp__visibility_control.h
[0.906s] -- Up-to-date: /home/yasiru/Documents/dobot/milestone_4/mxen_ws/install/dobot_interface/include/dobot_interface/dobot_interface/action
[0.906s] -- Up-to-date: /home/yasiru/Documents/dobot/milestone_4/mxen_ws/install/dobot_interface/include/dobot_interface/dobot_interface/action/detail
[0.906s] -- Up-to-date: /home/yasiru/Documents/dobot/milestone_4/mxen_ws/install/dobot_interface/include/dobot_interface/dobot_interface/action/detail/joint_ptp__rosidl_typesupport_fastrtps_cpp.hpp
[0.907s] -- Up-to-date: /home/yasiru/Documents/dobot/milestone_4/mxen_ws/install/dobot_interface/include/dobot_interface/dobot_interface/action/detail/dds_fastrtps
[0.907s] -- Up-to-date: /home/yasiru/Documents/dobot/milestone_4/mxen_ws/install/dobot_interface/lib/libdobot_interface__rosidl_typesupport_fastrtps_cpp.so
[0.907s] -- Up-to-date: /home/yasiru/Documents/dobot/milestone_4/mxen_ws/install/dobot_interface/include/dobot_interface/dobot_interface
[0.907s] -- Up-to-date: /home/yasiru/Documents/dobot/milestone_4/mxen_ws/install/dobot_interface/include/dobot_interface/dobot_interface/action
[0.907s] -- Up-to-date: /home/yasiru/Documents/dobot/milestone_4/mxen_ws/install/dobot_interface/include/dobot_interface/dobot_interface/action/detail
[0.907s] -- Up-to-date: /home/yasiru/Documents/dobot/milestone_4/mxen_ws/install/dobot_interface/include/dobot_interface/dobot_interface/action/detail/joint_ptp__rosidl_typesupport_introspection_cpp.hpp
[0.907s] -- Up-to-date: /home/yasiru/Documents/dobot/milestone_4/mxen_ws/install/dobot_interface/include/dobot_interface/dobot_interface/action/detail/joint_ptp__type_support.cpp
[0.907s] -- Up-to-date: /home/yasiru/Documents/dobot/milestone_4/mxen_ws/install/dobot_interface/lib/libdobot_interface__rosidl_typesupport_introspection_cpp.so
[0.908s] -- Up-to-date: /home/yasiru/Documents/dobot/milestone_4/mxen_ws/install/dobot_interface/lib/libdobot_interface__rosidl_typesupport_cpp.so
[0.908s] -- Up-to-date: /home/yasiru/Documents/dobot/milestone_4/mxen_ws/install/dobot_interface/share/dobot_interface/environment/pythonpath.sh
[0.908s] -- Up-to-date: /home/yasiru/Documents/dobot/milestone_4/mxen_ws/install/dobot_interface/share/dobot_interface/environment/pythonpath.dsv
[0.908s] -- Up-to-date: /home/yasiru/Documents/dobot/milestone_4/mxen_ws/install/dobot_interface/lib/python3.12/site-packages/dobot_interface-0.0.0-py3.12.egg-info
[0.908s] -- Installing: /home/yasiru/Documents/dobot/milestone_4/mxen_ws/install/dobot_interface/lib/python3.12/site-packages/dobot_interface-0.0.0-py3.12.egg-info/SOURCES.txt
[0.908s] -- Installing: /home/yasiru/Documents/dobot/milestone_4/mxen_ws/install/dobot_interface/lib/python3.12/site-packages/dobot_interface-0.0.0-py3.12.egg-info/dependency_links.txt
[0.908s] -- Installing: /home/yasiru/Documents/dobot/milestone_4/mxen_ws/install/dobot_interface/lib/python3.12/site-packages/dobot_interface-0.0.0-py3.12.egg-info/PKG-INFO
[0.909s] -- Installing: /home/yasiru/Documents/dobot/milestone_4/mxen_ws/install/dobot_interface/lib/python3.12/site-packages/dobot_interface-0.0.0-py3.12.egg-info/top_level.txt
[0.909s] -- Up-to-date: /home/yasiru/Documents/dobot/milestone_4/mxen_ws/install/dobot_interface/lib/python3.12/site-packages/dobot_interface
[0.909s] -- Up-to-date: /home/yasiru/Documents/dobot/milestone_4/mxen_ws/install/dobot_interface/lib/python3.12/site-packages/dobot_interface/dobot_interface_s__rosidl_typesupport_fastrtps_c.so
[0.909s] -- Up-to-date: /home/yasiru/Documents/dobot/milestone_4/mxen_ws/install/dobot_interface/lib/python3.12/site-packages/dobot_interface/_dobot_interface_s.ep.rosidl_typesupport_c.c
[0.909s] -- Up-to-date: /home/yasiru/Documents/dobot/milestone_4/mxen_ws/install/dobot_interface/lib/python3.12/site-packages/dobot_interface/_dobot_interface_s.ep.rosidl_typesupport_introspection_c.c
[0.909s] -- Up-to-date: /home/yasiru/Documents/dobot/milestone_4/mxen_ws/install/dobot_interface/lib/python3.12/site-packages/dobot_interface/__init__.py
[0.909s] -- Up-to-date: /home/yasiru/Documents/dobot/milestone_4/mxen_ws/install/dobot_interface/lib/python3.12/site-packages/dobot_interface/_dobot_interface_s.ep.rosidl_typesupport_fastrtps_c.c
[0.909s] -- Up-to-date: /home/yasiru/Documents/dobot/milestone_4/mxen_ws/install/dobot_interface/lib/python3.12/site-packages/dobot_interface/dobot_interface_s__rosidl_typesupport_c.so
[0.910s] -- Up-to-date: /home/yasiru/Documents/dobot/milestone_4/mxen_ws/install/dobot_interface/lib/python3.12/site-packages/dobot_interface/dobot_interface_s__rosidl_typesupport_introspection_c.so
[0.910s] -- Up-to-date: /home/yasiru/Documents/dobot/milestone_4/mxen_ws/install/dobot_interface/lib/python3.12/site-packages/dobot_interface/action
[0.910s] -- Up-to-date: /home/yasiru/Documents/dobot/milestone_4/mxen_ws/install/dobot_interface/lib/python3.12/site-packages/dobot_interface/action/__init__.py
[0.910s] -- Up-to-date: /home/yasiru/Documents/dobot/milestone_4/mxen_ws/install/dobot_interface/lib/python3.12/site-packages/dobot_interface/action/_joint_ptp_s.c
[0.910s] -- Up-to-date: /home/yasiru/Documents/dobot/milestone_4/mxen_ws/install/dobot_interface/lib/python3.12/site-packages/dobot_interface/action/_joint_ptp.py
[0.945s] Listing '/home/yasiru/Documents/dobot/milestone_4/mxen_ws/install/dobot_interface/lib/python3.12/site-packages/dobot_interface'...
[0.945s] Listing '/home/yasiru/Documents/dobot/milestone_4/mxen_ws/install/dobot_interface/lib/python3.12/site-packages/dobot_interface/action'...
[0.952s] -- Up-to-date: /home/yasiru/Documents/dobot/milestone_4/mxen_ws/install/dobot_interface/lib/python3.12/site-packages/dobot_interface/dobot_interface_s__rosidl_typesupport_fastrtps_c.so
[0.952s] -- Up-to-date: /home/yasiru/Documents/dobot/milestone_4/mxen_ws/install/dobot_interface/lib/python3.12/site-packages/dobot_interface/dobot_interface_s__rosidl_typesupport_introspection_c.so
[0.953s] -- Up-to-date: /home/yasiru/Documents/dobot/milestone_4/mxen_ws/install/dobot_interface/lib/python3.12/site-packages/dobot_interface/dobot_interface_s__rosidl_typesupport_c.so
[0.953s] -- Up-to-date: /home/yasiru/Documents/dobot/milestone_4/mxen_ws/install/dobot_interface/lib/libdobot_interface__rosidl_generator_py.so
[0.953s] -- Up-to-date: /home/yasiru/Documents/dobot/milestone_4/mxen_ws/install/dobot_interface/share/dobot_interface/action/JointPTP.idl
[0.953s] -- Up-to-date: /home/yasiru/Documents/dobot/milestone_4/mxen_ws/install/dobot_interface/share/dobot_interface/action/JointPTP.action
[0.954s] -- Up-to-date: /home/yasiru/Documents/dobot/milestone_4/mxen_ws/install/dobot_interface/share/ament_index/resource_index/package_run_dependencies/dobot_interface
[0.954s] -- Up-to-date: /home/yasiru/Documents/dobot/milestone_4/mxen_ws/install/dobot_interface/share/ament_index/resource_index/parent_prefix_path/dobot_interface
[0.955s] -- Up-to-date: /home/yasiru/Documents/dobot/milestone_4/mxen_ws/install/dobot_interface/share/dobot_interface/environment/ament_prefix_path.sh
[0.955s] -- Up-to-date: /home/yasiru/Documents/dobot/milestone_4/mxen_ws/install/dobot_interface/share/dobot_interface/environment/ament_prefix_path.dsv
[0.955s] -- Up-to-date: /home/yasiru/Documents/dobot/milestone_4/mxen_ws/install/dobot_interface/share/dobot_interface/environment/path.sh
[0.955s] -- Up-to-date: /home/yasiru/Documents/dobot/milestone_4/mxen_ws/install/dobot_interface/share/dobot_interface/environment/path.dsv
[0.955s] -- Up-to-date: /home/yasiru/Documents/dobot/milestone_4/mxen_ws/install/dobot_interface/share/dobot_interface/local_setup.bash
[0.956s] -- Up-to-date: /home/yasiru/Documents/dobot/milestone_4/mxen_ws/install/dobot_interface/share/dobot_interface/local_setup.sh
[0.956s] -- Up-to-date: /home/yasiru/Documents/dobot/milestone_4/mxen_ws/install/dobot_interface/share/dobot_interface/local_setup.zsh
[0.956s] -- Up-to-date: /home/yasiru/Documents/dobot/milestone_4/mxen_ws/install/dobot_interface/share/dobot_interface/local_setup.dsv
[0.956s] -- Installing: /home/yasiru/Documents/dobot/milestone_4/mxen_ws/install/dobot_interface/share/dobot_interface/package.dsv
[0.956s] -- Up-to-date: /home/yasiru/Documents/dobot/milestone_4/mxen_ws/install/dobot_interface/share/ament_index/resource_index/packages/dobot_interface
[0.956s] -- Up-to-date: /home/yasiru/Documents/dobot/milestone_4/mxen_ws/install/dobot_interface/share/dobot_interface/cmake/export_dobot_interface__rosidl_generator_cExport.cmake
[0.957s] -- Up-to-date: /home/yasiru/Documents/dobot/milestone_4/mxen_ws/install/dobot_interface/share/dobot_interface/cmake/export_dobot_interface__rosidl_generator_cExport-noconfig.cmake
[0.957s] -- Up-to-date: /home/yasiru/Documents/dobot/milestone_4/mxen_ws/install/dobot_interface/share/dobot_interface/cmake/export_dobot_interface__rosidl_typesupport_fastrtps_cExport.cmake
[0.957s] -- Up-to-date: /home/yasiru/Documents/dobot/milestone_4/mxen_ws/install/dobot_interface/share/dobot_interface/cmake/export_dobot_interface__rosidl_typesupport_fastrtps_cExport-noconfig.cmake
[0.957s] -- Up-to-date: /home/yasiru/Documents/dobot/milestone_4/mxen_ws/install/dobot_interface/share/dobot_interface/cmake/dobot_interface__rosidl_typesupport_introspection_cExport.cmake
[0.957s] -- Up-to-date: /home/yasiru/Documents/dobot/milestone_4/mxen_ws/install/dobot_interface/share/dobot_interface/cmake/dobot_interface__rosidl_typesupport_introspection_cExport-noconfig.cmake
[0.957s] -- Up-to-date: /home/yasiru/Documents/dobot/milestone_4/mxen_ws/install/dobot_interface/share/dobot_interface/cmake/dobot_interface__rosidl_typesupport_cExport.cmake
[0.957s] -- Up-to-date: /home/yasiru/Documents/dobot/milestone_4/mxen_ws/install/dobot_interface/share/dobot_interface/cmake/dobot_interface__rosidl_typesupport_cExport-noconfig.cmake
[0.958s] -- Up-to-date: /home/yasiru/Documents/dobot/milestone_4/mxen_ws/install/dobot_interface/share/dobot_interface/cmake/export_dobot_interface__rosidl_generator_cppExport.cmake
[0.958s] -- Up-to-date: /home/yasiru/Documents/dobot/milestone_4/mxen_ws/install/dobot_interface/share/dobot_interface/cmake/export_dobot_interface__rosidl_typesupport_fastrtps_cppExport.cmake
[0.958s] -- Up-to-date: /home/yasiru/Documents/dobot/milestone_4/mxen_ws/install/dobot_interface/share/dobot_interface/cmake/export_dobot_interface__rosidl_typesupport_fastrtps_cppExport-noconfig.cmake
[0.958s] -- Up-to-date: /home/yasiru/Documents/dobot/milestone_4/mxen_ws/install/dobot_interface/share/dobot_interface/cmake/dobot_interface__rosidl_typesupport_introspection_cppExport.cmake
[0.958s] -- Up-to-date: /home/yasiru/Documents/dobot/milestone_4/mxen_ws/install/dobot_interface/share/dobot_interface/cmake/dobot_interface__rosidl_typesupport_introspection_cppExport-noconfig.cmake
[0.959s] -- Up-to-date: /home/yasiru/Documents/dobot/milestone_4/mxen_ws/install/dobot_interface/share/dobot_interface/cmake/dobot_interface__rosidl_typesupport_cppExport.cmake
[0.960s] -- Up-to-date: /home/yasiru/Documents/dobot/milestone_4/mxen_ws/install/dobot_interface/share/dobot_interface/cmake/dobot_interface__rosidl_typesupport_cppExport-noconfig.cmake
[0.960s] -- Up-to-date: /home/yasiru/Documents/dobot/milestone_4/mxen_ws/install/dobot_interface/share/dobot_interface/cmake/export_dobot_interface__rosidl_generator_pyExport.cmake
[0.960s] -- Up-to-date: /home/yasiru/Documents/dobot/milestone_4/mxen_ws/install/dobot_interface/share/dobot_interface/cmake/export_dobot_interface__rosidl_generator_pyExport-noconfig.cmake
[0.960s] -- Up-to-date: /home/yasiru/Documents/dobot/milestone_4/mxen_ws/install/dobot_interface/share/dobot_interface/cmake/rosidl_cmake-extras.cmake
[0.961s] -- Up-to-date: /home/yasiru/Documents/dobot/milestone_4/mxen_ws/install/dobot_interface/share/dobot_interface/cmake/ament_cmake_export_dependencies-extras.cmake
[0.961s] -- Up-to-date: /home/yasiru/Documents/dobot/milestone_4/mxen_ws/install/dobot_interface/share/dobot_interface/cmake/ament_cmake_export_include_directories-extras.cmake
[0.962s] -- Up-to-date: /home/yasiru/Documents/dobot/milestone_4/mxen_ws/install/dobot_interface/share/dobot_interface/cmake/ament_cmake_export_libraries-extras.cmake
[0.962s] -- Up-to-date: /home/yasiru/Documents/dobot/milestone_4/mxen_ws/install/dobot_interface/share/dobot_interface/cmake/ament_cmake_export_targets-extras.cmake
[0.962s] -- Up-to-date: /home/yasiru/Documents/dobot/milestone_4/mxen_ws/install/dobot_interface/share/dobot_interface/cmake/rosidl_cmake_export_typesupport_targets-extras.cmake
[0.962s] -- Up-to-date: /home/yasiru/Documents/dobot/milestone_4/mxen_ws/install/dobot_interface/share/dobot_interface/cmake/rosidl_cmake_export_typesupport_libraries-extras.cmake
[0.963s] -- Up-to-date: /home/yasiru/Documents/dobot/milestone_4/mxen_ws/install/dobot_interface/share/dobot_interface/cmake/dobot_interfaceConfig.cmake
[0.963s] -- Up-to-date: /home/yasiru/Documents/dobot/milestone_4/mxen_ws/install/dobot_interface/share/dobot_interface/cmake/dobot_interfaceConfig-version.cmake
[0.964s] -- Up-to-date: /home/yasiru/Documents/dobot/milestone_4/mxen_ws/install/dobot_interface/share/dobot_interface/package.xml
[0.964s] Invoked command in '/home/yasiru/Documents/dobot/milestone_4/mxen_ws/build/dobot_interface' returned '0': CMAKE_PREFIX_PATH=${CMAKE_PREFIX_PATH}:/home/yasiru/Documents/dobot/milestone_4/mxen_ws/install/dobot:/opt/ros/kilted DEBUGINFOD_URLS=https://debuginfod.ubuntu.com PS1=\[\e]0;\u@\h: \w\a\]${debian_chroot:+($debian_chroot)}\[\033[01;32m\]\u@\h\[\033[00m\]:\[\033[01;34m\]\w\[\033[00m\]\$ VIRTUAL_ENV_PROMPT=(venv-ardupilot) /usr/bin/cmake --install /home/yasiru/Documents/dobot/milestone_4/mxen_ws/build/dobot_interface
