/home/yasiru/Documents/dobot/milestone_4/mxen_ws/install/dobot/lib/python3.12/site-packages/dobot/homing_node.py
/home/yasiru/Documents/dobot/milestone_4/mxen_ws/install/dobot/lib/python3.12/site-packages/dobot/joint_state_node.py
/home/yasiru/Documents/dobot/milestone_4/mxen_ws/install/dobot/lib/python3.12/site-packages/dobot/__init__.py
/home/yasiru/Documents/dobot/milestone_4/mxen_ws/install/dobot/lib/python3.12/site-packages/dobot/joint_ptp_node.py
/home/yasiru/Documents/dobot/milestone_4/mxen_ws/install/dobot/lib/python3.12/site-packages/dobot/dobot_client.py
/home/yasiru/Documents/dobot/milestone_4/mxen_ws/install/dobot/lib/python3.12/site-packages/dobot/suction_cup_node.py
/home/yasiru/Documents/dobot/milestone_4/mxen_ws/install/dobot/lib/python3.12/site-packages/dobot/py.typed
/home/yasiru/Documents/dobot/milestone_4/mxen_ws/install/dobot/lib/python3.12/site-packages/dobot/__pycache__/homing_node.cpython-312.pyc
/home/yasiru/Documents/dobot/milestone_4/mxen_ws/install/dobot/lib/python3.12/site-packages/dobot/__pycache__/joint_state_node.cpython-312.pyc
/home/yasiru/Documents/dobot/milestone_4/mxen_ws/install/dobot/lib/python3.12/site-packages/dobot/__pycache__/__init__.cpython-312.pyc
/home/yasiru/Documents/dobot/milestone_4/mxen_ws/install/dobot/lib/python3.12/site-packages/dobot/__pycache__/joint_ptp_node.cpython-312.pyc
/home/yasiru/Documents/dobot/milestone_4/mxen_ws/install/dobot/lib/python3.12/site-packages/dobot/__pycache__/dobot_client.cpython-312.pyc
/home/yasiru/Documents/dobot/milestone_4/mxen_ws/install/dobot/lib/python3.12/site-packages/dobot/__pycache__/suction_cup_node.cpython-312.pyc
/home/yasiru/Documents/dobot/milestone_4/mxen_ws/install/dobot/share/ament_index/resource_index/packages/dobot
/home/yasiru/Documents/dobot/milestone_4/mxen_ws/install/dobot/share/dobot/package.xml
/home/yasiru/Documents/dobot/milestone_4/mxen_ws/install/dobot/share/dobot/launch/dobot_launch.xml
/home/yasiru/Documents/dobot/milestone_4/mxen_ws/install/dobot/share/dobot/resource/dobot_server.py
/home/yasiru/Documents/dobot/milestone_4/mxen_ws/install/dobot/share/dobot/resource/dobot_driver.py
/home/yasiru/Documents/dobot/milestone_4/mxen_ws/install/dobot/lib/python3.12/site-packages/dobot-0.0.0-py3.12.egg-info/SOURCES.txt
/home/yasiru/Documents/dobot/milestone_4/mxen_ws/install/dobot/lib/python3.12/site-packages/dobot-0.0.0-py3.12.egg-info/dependency_links.txt
/home/yasiru/Documents/dobot/milestone_4/mxen_ws/install/dobot/lib/python3.12/site-packages/dobot-0.0.0-py3.12.egg-info/PKG-INFO
/home/yasiru/Documents/dobot/milestone_4/mxen_ws/install/dobot/lib/python3.12/site-packages/dobot-0.0.0-py3.12.egg-info/top_level.txt
/home/yasiru/Documents/dobot/milestone_4/mxen_ws/install/dobot/lib/python3.12/site-packages/dobot-0.0.0-py3.12.egg-info/entry_points.txt
/home/yasiru/Documents/dobot/milestone_4/mxen_ws/install/dobot/lib/python3.12/site-packages/dobot-0.0.0-py3.12.egg-info/zip-safe
/home/yasiru/Documents/dobot/milestone_4/mxen_ws/install/dobot/lib/python3.12/site-packages/dobot-0.0.0-py3.12.egg-info/requires.txt
/home/yasiru/Documents/dobot/milestone_4/mxen_ws/install/dobot/lib/dobot/homing_node
/home/yasiru/Documents/dobot/milestone_4/mxen_ws/install/dobot/lib/dobot/joint_ptp_node
/home/yasiru/Documents/dobot/milestone_4/mxen_ws/install/dobot/lib/dobot/joint_state_node
/home/yasiru/Documents/dobot/milestone_4/mxen_ws/install/dobot/lib/dobot/suction_cup_node
