[0.016s] Invoking command in '/home/yasiru/Documents/dobot/milestone_4/mxen_ws/build/dobot_interface': CMAKE_PREFIX_PATH=${CMAKE_PREFIX_PATH}:/opt/ros/kilted DEBUGINFOD_URLS=https://debuginfod.ubuntu.com PS1=\[\e]0;\u@\h: \w\a\]${debian_chroot:+($debian_chroot)}\[\033[01;32m\]\u@\h\[\033[00m\]:\[\033[01;34m\]\w\[\033[00m\]\$ VIRTUAL_ENV_PROMPT=(venv-ardupilot) /usr/bin/cmake --build /home/yasiru/Documents/dobot/milestone_4/mxen_ws/build/dobot_interface -- -j8 -l8
[0.112s] [  2%] Built target dobot_interface__rosidl_generator_type_description
[0.125s] [  2%] Built target ament_cmake_python_copy_dobot_interface
[0.134s] [  5%] Built target dobot_interface__cpp
[0.151s] [ 20%] Built target dobot_interface__rosidl_generator_c
[0.184s] [ 29%] Built target dobot_interface__rosidl_typesupport_introspection_c
[0.190s] [ 38%] Built target dobot_interface__rosidl_typesupport_c
[0.191s] [ 64%] Built target dobot_interface__rosidl_typesupport_fastrtps_cpp
[0.191s] [ 64%] Built target dobot_interface__rosidl_typesupport_fastrtps_c
[0.192s] [ 64%] Built target dobot_interface__rosidl_typesupport_cpp
[0.192s] [ 73%] Built target dobot_interface__rosidl_typesupport_introspection_cpp
[0.216s] [ 73%] Built target dobot_interface
[0.247s] [ 76%] Built target dobot_interface__py
[0.295s] [ 82%] Built target dobot_interface__rosidl_generator_py
[0.328s] [ 94%] Built target dobot_interface_s__rosidl_typesupport_c
[0.328s] [ 94%] Built target dobot_interface_s__rosidl_typesupport_introspection_c
[0.331s] [100%] Built target dobot_interface_s__rosidl_typesupport_fastrtps_c
[0.547s] running egg_info
[0.577s] writing dobot_interface.egg-info/PKG-INFO
[0.577s] writing dependency_links to dobot_interface.egg-info/dependency_links.txt
[0.577s] writing top-level names to dobot_interface.egg-info/top_level.txt
[0.675s] reading manifest file 'dobot_interface.egg-info/SOURCES.txt'
[0.676s] writing manifest file 'dobot_interface.egg-info/SOURCES.txt'
[0.707s] [100%] Built target ament_cmake_python_build_dobot_interface_egg
[0.720s] Invoked command in '/home/yasiru/Documents/dobot/milestone_4/mxen_ws/build/dobot_interface' returned '0': CMAKE_PREFIX_PATH=${CMAKE_PREFIX_PATH}:/opt/ros/kilted DEBUGINFOD_URLS=https://debuginfod.ubuntu.com PS1=\[\e]0;\u@\h: \w\a\]${debian_chroot:+($debian_chroot)}\[\033[01;32m\]\u@\h\[\033[00m\]:\[\033[01;34m\]\w\[\033[00m\]\$ VIRTUAL_ENV_PROMPT=(venv-ardupilot) /usr/bin/cmake --build /home/yasiru/Documents/dobot/milestone_4/mxen_ws/build/dobot_interface -- -j8 -l8
[0.736s] Invoking command in '/home/yasiru/Documents/dobot/milestone_4/mxen_ws/build/dobot_interface': CMAKE_PREFIX_PATH=${CMAKE_PREFIX_PATH}:/opt/ros/kilted DEBUGINFOD_URLS=https://debuginfod.ubuntu.com PS1=\[\e]0;\u@\h: \w\a\]${debian_chroot:+($debian_chroot)}\[\033[01;32m\]\u@\h\[\033[00m\]:\[\033[01;34m\]\w\[\033[00m\]\$ VIRTUAL_ENV_PROMPT=(venv-ardupilot) /usr/bin/cmake --install /home/yasiru/Documents/dobot/milestone_4/mxen_ws/build/dobot_interface
[0.748s] -- Install configuration: ""
[0.754s] -- Up-to-date: /home/yasiru/Documents/dobot/milestone_4/mxen_ws/install/dobot_interface/share/ament_index/resource_index/rosidl_interfaces/dobot_interface
[0.754s] -- Up-to-date: /home/yasiru/Documents/dobot/milestone_4/mxen_ws/install/dobot_interface/share/dobot_interface/action/JointPTP.json
[0.754s] -- Up-to-date: /home/yasiru/Documents/dobot/milestone_4/mxen_ws/install/dobot_interface/include/dobot_interface/dobot_interface
[0.755s] -- Up-to-date: /home/yasiru/Documents/dobot/milestone_4/mxen_ws/install/dobot_interface/include/dobot_interface/dobot_interface/msg
[0.755s] -- Up-to-date: /home/yasiru/Documents/dobot/milestone_4/mxen_ws/install/dobot_interface/include/dobot_interface/dobot_interface/msg/rosidl_generator_c__visibility_control.h
[0.755s] -- Up-to-date: /home/yasiru/Documents/dobot/milestone_4/mxen_ws/install/dobot_interface/include/dobot_interface/dobot_interface/action
[0.755s] -- Up-to-date: /home/yasiru/Documents/dobot/milestone_4/mxen_ws/install/dobot_interface/include/dobot_interface/dobot_interface/action/detail
[0.755s] -- Up-to-date: /home/yasiru/Documents/dobot/milestone_4/mxen_ws/install/dobot_interface/include/dobot_interface/dobot_interface/action/detail/joint_ptp__description.c
[0.755s] -- Up-to-date: /home/yasiru/Documents/dobot/milestone_4/mxen_ws/install/dobot_interface/include/dobot_interface/dobot_interface/action/detail/joint_ptp__type_support.h
[0.755s] -- Up-to-date: /home/yasiru/Documents/dobot/milestone_4/mxen_ws/install/dobot_interface/include/dobot_interface/dobot_interface/action/detail/joint_ptp__functions.c
[0.756s] -- Up-to-date: /home/yasiru/Documents/dobot/milestone_4/mxen_ws/install/dobot_interface/include/dobot_interface/dobot_interface/action/detail/joint_ptp__functions.h
[0.756s] -- Up-to-date: /home/yasiru/Documents/dobot/milestone_4/mxen_ws/install/dobot_interface/include/dobot_interface/dobot_interface/action/detail/joint_ptp__type_support.c
[0.756s] -- Up-to-date: /home/yasiru/Documents/dobot/milestone_4/mxen_ws/install/dobot_interface/include/dobot_interface/dobot_interface/action/detail/joint_ptp__struct.h
[0.756s] -- Up-to-date: /home/yasiru/Documents/dobot/milestone_4/mxen_ws/install/dobot_interface/include/dobot_interface/dobot_interface/action/joint_ptp.h
[0.756s] -- Up-to-date: /home/yasiru/Documents/dobot/milestone_4/mxen_ws/install/dobot_interface/share/dobot_interface/environment/library_path.sh
[0.756s] -- Up-to-date: /home/yasiru/Documents/dobot/milestone_4/mxen_ws/install/dobot_interface/share/dobot_interface/environment/library_path.dsv
[0.758s] -- Up-to-date: /home/yasiru/Documents/dobot/milestone_4/mxen_ws/install/dobot_interface/lib/libdobot_interface__rosidl_generator_c.so
[0.758s] -- Up-to-date: /home/yasiru/Documents/dobot/milestone_4/mxen_ws/install/dobot_interface/include/dobot_interface/dobot_interface
[0.759s] -- Up-to-date: /home/yasiru/Documents/dobot/milestone_4/mxen_ws/install/dobot_interface/include/dobot_interface/dobot_interface/msg
[0.759s] -- Up-to-date: /home/yasiru/Documents/dobot/milestone_4/mxen_ws/install/dobot_interface/include/dobot_interface/dobot_interface/msg/rosidl_typesupport_fastrtps_c__visibility_control.h
[0.759s] -- Up-to-date: /home/yasiru/Documents/dobot/milestone_4/mxen_ws/install/dobot_interface/include/dobot_interface/dobot_interface/action
[0.759s] -- Up-to-date: /home/yasiru/Documents/dobot/milestone_4/mxen_ws/install/dobot_interface/include/dobot_interface/dobot_interface/action/detail
[0.759s] -- Up-to-date: /home/yasiru/Documents/dobot/milestone_4/mxen_ws/install/dobot_interface/include/dobot_interface/dobot_interface/action/detail/joint_ptp__rosidl_typesupport_fastrtps_c.h
[0.760s] -- Up-to-date: /home/yasiru/Documents/dobot/milestone_4/mxen_ws/install/dobot_interface/lib/libdobot_interface__rosidl_typesupport_fastrtps_c.so
[0.760s] -- Up-to-date: /home/yasiru/Documents/dobot/milestone_4/mxen_ws/install/dobot_interface/include/dobot_interface/dobot_interface
[0.761s] -- Up-to-date: /home/yasiru/Documents/dobot/milestone_4/mxen_ws/install/dobot_interface/include/dobot_interface/dobot_interface/msg
[0.761s] -- Up-to-date: /home/yasiru/Documents/dobot/milestone_4/mxen_ws/install/dobot_interface/include/dobot_interface/dobot_interface/msg/rosidl_typesupport_introspection_c__visibility_control.h
[0.761s] -- Up-to-date: /home/yasiru/Documents/dobot/milestone_4/mxen_ws/install/dobot_interface/include/dobot_interface/dobot_interface/action
[0.761s] -- Up-to-date: /home/yasiru/Documents/dobot/milestone_4/mxen_ws/install/dobot_interface/include/dobot_interface/dobot_interface/action/detail
[0.761s] -- Up-to-date: /home/yasiru/Documents/dobot/milestone_4/mxen_ws/install/dobot_interface/include/dobot_interface/dobot_interface/action/detail/joint_ptp__rosidl_typesupport_introspection_c.h
[0.762s] -- Up-to-date: /home/yasiru/Documents/dobot/milestone_4/mxen_ws/install/dobot_interface/include/dobot_interface/dobot_interface/action/detail/joint_ptp__type_support.c
[0.762s] -- Up-to-date: /home/yasiru/Documents/dobot/milestone_4/mxen_ws/install/dobot_interface/lib/libdobot_interface__rosidl_typesupport_introspection_c.so
[0.762s] -- Up-to-date: /home/yasiru/Documents/dobot/milestone_4/mxen_ws/install/dobot_interface/lib/libdobot_interface__rosidl_typesupport_c.so
[0.762s] -- Up-to-date: /home/yasiru/Documents/dobot/milestone_4/mxen_ws/install/dobot_interface/include/dobot_interface/dobot_interface
[0.762s] -- Up-to-date: /home/yasiru/Documents/dobot/milestone_4/mxen_ws/install/dobot_interface/include/dobot_interface/dobot_interface/msg
[0.762s] -- Up-to-date: /home/yasiru/Documents/dobot/milestone_4/mxen_ws/install/dobot_interface/include/dobot_interface/dobot_interface/msg/rosidl_generator_cpp__visibility_control.hpp
[0.762s] -- Up-to-date: /home/yasiru/Documents/dobot/milestone_4/mxen_ws/install/dobot_interface/include/dobot_interface/dobot_interface/action
[0.762s] -- Up-to-date: /home/yasiru/Documents/dobot/milestone_4/mxen_ws/install/dobot_interface/include/dobot_interface/dobot_interface/action/joint_ptp.hpp
[0.762s] -- Up-to-date: /home/yasiru/Documents/dobot/milestone_4/mxen_ws/install/dobot_interface/include/dobot_interface/dobot_interface/action/detail
[0.763s] -- Up-to-date: /home/yasiru/Documents/dobot/milestone_4/mxen_ws/install/dobot_interface/include/dobot_interface/dobot_interface/action/detail/joint_ptp__type_support.hpp
[0.763s] -- Up-to-date: /home/yasiru/Documents/dobot/milestone_4/mxen_ws/install/dobot_interface/include/dobot_interface/dobot_interface/action/detail/joint_ptp__traits.hpp
[0.763s] -- Up-to-date: /home/yasiru/Documents/dobot/milestone_4/mxen_ws/install/dobot_interface/include/dobot_interface/dobot_interface/action/detail/joint_ptp__builder.hpp
[0.763s] -- Up-to-date: /home/yasiru/Documents/dobot/milestone_4/mxen_ws/install/dobot_interface/include/dobot_interface/dobot_interface/action/detail/joint_ptp__struct.hpp
[0.763s] -- Up-to-date: /home/yasiru/Documents/dobot/milestone_4/mxen_ws/install/dobot_interface/include/dobot_interface/dobot_interface
[0.763s] -- Up-to-date: /home/yasiru/Documents/dobot/milestone_4/mxen_ws/install/dobot_interface/include/dobot_interface/dobot_interface/msg
[0.763s] -- Up-to-date: /home/yasiru/Documents/dobot/milestone_4/mxen_ws/install/dobot_interface/include/dobot_interface/dobot_interface/msg/rosidl_typesupport_fastrtps_cpp__visibility_control.h
[0.764s] -- Up-to-date: /home/yasiru/Documents/dobot/milestone_4/mxen_ws/install/dobot_interface/include/dobot_interface/dobot_interface/action
[0.764s] -- Up-to-date: /home/yasiru/Documents/dobot/milestone_4/mxen_ws/install/dobot_interface/include/dobot_interface/dobot_interface/action/detail
[0.764s] -- Up-to-date: /home/yasiru/Documents/dobot/milestone_4/mxen_ws/install/dobot_interface/include/dobot_interface/dobot_interface/action/detail/joint_ptp__rosidl_typesupport_fastrtps_cpp.hpp
[0.764s] -- Up-to-date: /home/yasiru/Documents/dobot/milestone_4/mxen_ws/install/dobot_interface/include/dobot_interface/dobot_interface/action/detail/dds_fastrtps
[0.764s] -- Up-to-date: /home/yasiru/Documents/dobot/milestone_4/mxen_ws/install/dobot_interface/lib/libdobot_interface__rosidl_typesupport_fastrtps_cpp.so
[0.764s] -- Up-to-date: /home/yasiru/Documents/dobot/milestone_4/mxen_ws/install/dobot_interface/include/dobot_interface/dobot_interface
[0.764s] -- Up-to-date: /home/yasiru/Documents/dobot/milestone_4/mxen_ws/install/dobot_interface/include/dobot_interface/dobot_interface/action
[0.764s] -- Up-to-date: /home/yasiru/Documents/dobot/milestone_4/mxen_ws/install/dobot_interface/include/dobot_interface/dobot_interface/action/detail
[0.765s] -- Up-to-date: /home/yasiru/Documents/dobot/milestone_4/mxen_ws/install/dobot_interface/include/dobot_interface/dobot_interface/action/detail/joint_ptp__rosidl_typesupport_introspection_cpp.hpp
[0.765s] -- Up-to-date: /home/yasiru/Documents/dobot/milestone_4/mxen_ws/install/dobot_interface/include/dobot_interface/dobot_interface/action/detail/joint_ptp__type_support.cpp
[0.765s] -- Up-to-date: /home/yasiru/Documents/dobot/milestone_4/mxen_ws/install/dobot_interface/lib/libdobot_interface__rosidl_typesupport_introspection_cpp.so
[0.765s] -- Up-to-date: /home/yasiru/Documents/dobot/milestone_4/mxen_ws/install/dobot_interface/lib/libdobot_interface__rosidl_typesupport_cpp.so
[0.765s] -- Up-to-date: /home/yasiru/Documents/dobot/milestone_4/mxen_ws/install/dobot_interface/share/dobot_interface/environment/pythonpath.sh
[0.766s] -- Up-to-date: /home/yasiru/Documents/dobot/milestone_4/mxen_ws/install/dobot_interface/share/dobot_interface/environment/pythonpath.dsv
[0.766s] -- Up-to-date: /home/yasiru/Documents/dobot/milestone_4/mxen_ws/install/dobot_interface/lib/python3.12/site-packages/dobot_interface-0.0.0-py3.12.egg-info
[0.766s] -- Installing: /home/yasiru/Documents/dobot/milestone_4/mxen_ws/install/dobot_interface/lib/python3.12/site-packages/dobot_interface-0.0.0-py3.12.egg-info/SOURCES.txt
[0.766s] -- Installing: /home/yasiru/Documents/dobot/milestone_4/mxen_ws/install/dobot_interface/lib/python3.12/site-packages/dobot_interface-0.0.0-py3.12.egg-info/dependency_links.txt
[0.766s] -- Installing: /home/yasiru/Documents/dobot/milestone_4/mxen_ws/install/dobot_interface/lib/python3.12/site-packages/dobot_interface-0.0.0-py3.12.egg-info/PKG-INFO
[0.766s] -- Installing: /home/yasiru/Documents/dobot/milestone_4/mxen_ws/install/dobot_interface/lib/python3.12/site-packages/dobot_interface-0.0.0-py3.12.egg-info/top_level.txt
[0.766s] -- Up-to-date: /home/yasiru/Documents/dobot/milestone_4/mxen_ws/install/dobot_interface/lib/python3.12/site-packages/dobot_interface
[0.766s] -- Up-to-date: /home/yasiru/Documents/dobot/milestone_4/mxen_ws/install/dobot_interface/lib/python3.12/site-packages/dobot_interface/dobot_interface_s__rosidl_typesupport_fastrtps_c.so
[0.766s] -- Up-to-date: /home/yasiru/Documents/dobot/milestone_4/mxen_ws/install/dobot_interface/lib/python3.12/site-packages/dobot_interface/_dobot_interface_s.ep.rosidl_typesupport_c.c
[0.766s] -- Up-to-date: /home/yasiru/Documents/dobot/milestone_4/mxen_ws/install/dobot_interface/lib/python3.12/site-packages/dobot_interface/_dobot_interface_s.ep.rosidl_typesupport_introspection_c.c
[0.766s] -- Up-to-date: /home/yasiru/Documents/dobot/milestone_4/mxen_ws/install/dobot_interface/lib/python3.12/site-packages/dobot_interface/__init__.py
[0.767s] -- Up-to-date: /home/yasiru/Documents/dobot/milestone_4/mxen_ws/install/dobot_interface/lib/python3.12/site-packages/dobot_interface/_dobot_interface_s.ep.rosidl_typesupport_fastrtps_c.c
[0.767s] -- Up-to-date: /home/yasiru/Documents/dobot/milestone_4/mxen_ws/install/dobot_interface/lib/python3.12/site-packages/dobot_interface/dobot_interface_s__rosidl_typesupport_c.so
[0.767s] -- Up-to-date: /home/yasiru/Documents/dobot/milestone_4/mxen_ws/install/dobot_interface/lib/python3.12/site-packages/dobot_interface/dobot_interface_s__rosidl_typesupport_introspection_c.so
[0.767s] -- Up-to-date: /home/yasiru/Documents/dobot/milestone_4/mxen_ws/install/dobot_interface/lib/python3.12/site-packages/dobot_interface/action
[0.767s] -- Up-to-date: /home/yasiru/Documents/dobot/milestone_4/mxen_ws/install/dobot_interface/lib/python3.12/site-packages/dobot_interface/action/__init__.py
[0.767s] -- Up-to-date: /home/yasiru/Documents/dobot/milestone_4/mxen_ws/install/dobot_interface/lib/python3.12/site-packages/dobot_interface/action/_joint_ptp_s.c
[0.767s] -- Up-to-date: /home/yasiru/Documents/dobot/milestone_4/mxen_ws/install/dobot_interface/lib/python3.12/site-packages/dobot_interface/action/_joint_ptp.py
[0.823s] Listing '/home/yasiru/Documents/dobot/milestone_4/mxen_ws/install/dobot_interface/lib/python3.12/site-packages/dobot_interface'...
[0.823s] Listing '/home/yasiru/Documents/dobot/milestone_4/mxen_ws/install/dobot_interface/lib/python3.12/site-packages/dobot_interface/action'...
[0.830s] -- Up-to-date: /home/yasiru/Documents/dobot/milestone_4/mxen_ws/install/dobot_interface/lib/python3.12/site-packages/dobot_interface/dobot_interface_s__rosidl_typesupport_fastrtps_c.so
[0.830s] -- Up-to-date: /home/yasiru/Documents/dobot/milestone_4/mxen_ws/install/dobot_interface/lib/python3.12/site-packages/dobot_interface/dobot_interface_s__rosidl_typesupport_introspection_c.so
[0.831s] -- Up-to-date: /home/yasiru/Documents/dobot/milestone_4/mxen_ws/install/dobot_interface/lib/python3.12/site-packages/dobot_interface/dobot_interface_s__rosidl_typesupport_c.so
[0.832s] -- Up-to-date: /home/yasiru/Documents/dobot/milestone_4/mxen_ws/install/dobot_interface/lib/libdobot_interface__rosidl_generator_py.so
[0.832s] -- Up-to-date: /home/yasiru/Documents/dobot/milestone_4/mxen_ws/install/dobot_interface/share/dobot_interface/action/JointPTP.idl
[0.832s] -- Up-to-date: /home/yasiru/Documents/dobot/milestone_4/mxen_ws/install/dobot_interface/share/dobot_interface/action/JointPTP.action
[0.832s] -- Up-to-date: /home/yasiru/Documents/dobot/milestone_4/mxen_ws/install/dobot_interface/share/ament_index/resource_index/package_run_dependencies/dobot_interface
[0.833s] -- Up-to-date: /home/yasiru/Documents/dobot/milestone_4/mxen_ws/install/dobot_interface/share/ament_index/resource_index/parent_prefix_path/dobot_interface
[0.833s] -- Up-to-date: /home/yasiru/Documents/dobot/milestone_4/mxen_ws/install/dobot_interface/share/dobot_interface/environment/ament_prefix_path.sh
[0.833s] -- Up-to-date: /home/yasiru/Documents/dobot/milestone_4/mxen_ws/install/dobot_interface/share/dobot_interface/environment/ament_prefix_path.dsv
[0.833s] -- Up-to-date: /home/yasiru/Documents/dobot/milestone_4/mxen_ws/install/dobot_interface/share/dobot_interface/environment/path.sh
[0.833s] -- Up-to-date: /home/yasiru/Documents/dobot/milestone_4/mxen_ws/install/dobot_interface/share/dobot_interface/environment/path.dsv
[0.834s] -- Up-to-date: /home/yasiru/Documents/dobot/milestone_4/mxen_ws/install/dobot_interface/share/dobot_interface/local_setup.bash
[0.834s] -- Up-to-date: /home/yasiru/Documents/dobot/milestone_4/mxen_ws/install/dobot_interface/share/dobot_interface/local_setup.sh
[0.834s] -- Up-to-date: /home/yasiru/Documents/dobot/milestone_4/mxen_ws/install/dobot_interface/share/dobot_interface/local_setup.zsh
[0.834s] -- Up-to-date: /home/yasiru/Documents/dobot/milestone_4/mxen_ws/install/dobot_interface/share/dobot_interface/local_setup.dsv
[0.834s] -- Installing: /home/yasiru/Documents/dobot/milestone_4/mxen_ws/install/dobot_interface/share/dobot_interface/package.dsv
[0.834s] -- Up-to-date: /home/yasiru/Documents/dobot/milestone_4/mxen_ws/install/dobot_interface/share/ament_index/resource_index/packages/dobot_interface
[0.834s] -- Up-to-date: /home/yasiru/Documents/dobot/milestone_4/mxen_ws/install/dobot_interface/share/dobot_interface/cmake/export_dobot_interface__rosidl_generator_cExport.cmake
[0.835s] -- Up-to-date: /home/yasiru/Documents/dobot/milestone_4/mxen_ws/install/dobot_interface/share/dobot_interface/cmake/export_dobot_interface__rosidl_generator_cExport-noconfig.cmake
[0.835s] -- Up-to-date: /home/yasiru/Documents/dobot/milestone_4/mxen_ws/install/dobot_interface/share/dobot_interface/cmake/export_dobot_interface__rosidl_typesupport_fastrtps_cExport.cmake
[0.835s] -- Up-to-date: /home/yasiru/Documents/dobot/milestone_4/mxen_ws/install/dobot_interface/share/dobot_interface/cmake/export_dobot_interface__rosidl_typesupport_fastrtps_cExport-noconfig.cmake
[0.835s] -- Up-to-date: /home/yasiru/Documents/dobot/milestone_4/mxen_ws/install/dobot_interface/share/dobot_interface/cmake/dobot_interface__rosidl_typesupport_introspection_cExport.cmake
[0.835s] -- Up-to-date: /home/yasiru/Documents/dobot/milestone_4/mxen_ws/install/dobot_interface/share/dobot_interface/cmake/dobot_interface__rosidl_typesupport_introspection_cExport-noconfig.cmake
[0.835s] -- Up-to-date: /home/yasiru/Documents/dobot/milestone_4/mxen_ws/install/dobot_interface/share/dobot_interface/cmake/dobot_interface__rosidl_typesupport_cExport.cmake
[0.835s] -- Up-to-date: /home/yasiru/Documents/dobot/milestone_4/mxen_ws/install/dobot_interface/share/dobot_interface/cmake/dobot_interface__rosidl_typesupport_cExport-noconfig.cmake
[0.836s] -- Up-to-date: /home/yasiru/Documents/dobot/milestone_4/mxen_ws/install/dobot_interface/share/dobot_interface/cmake/export_dobot_interface__rosidl_generator_cppExport.cmake
[0.839s] -- Up-to-date: /home/yasiru/Documents/dobot/milestone_4/mxen_ws/install/dobot_interface/share/dobot_interface/cmake/export_dobot_interface__rosidl_typesupport_fastrtps_cppExport.cmake
[0.839s] -- Up-to-date: /home/yasiru/Documents/dobot/milestone_4/mxen_ws/install/dobot_interface/share/dobot_interface/cmake/export_dobot_interface__rosidl_typesupport_fastrtps_cppExport-noconfig.cmake
[0.841s] -- Up-to-date: /home/yasiru/Documents/dobot/milestone_4/mxen_ws/install/dobot_interface/share/dobot_interface/cmake/dobot_interface__rosidl_typesupport_introspection_cppExport.cmake
[0.841s] -- Up-to-date: /home/yasiru/Documents/dobot/milestone_4/mxen_ws/install/dobot_interface/share/dobot_interface/cmake/dobot_interface__rosidl_typesupport_introspection_cppExport-noconfig.cmake
[0.842s] -- Up-to-date: /home/yasiru/Documents/dobot/milestone_4/mxen_ws/install/dobot_interface/share/dobot_interface/cmake/dobot_interface__rosidl_typesupport_cppExport.cmake
[0.842s] -- Up-to-date: /home/yasiru/Documents/dobot/milestone_4/mxen_ws/install/dobot_interface/share/dobot_interface/cmake/dobot_interface__rosidl_typesupport_cppExport-noconfig.cmake
[0.842s] -- Up-to-date: /home/yasiru/Documents/dobot/milestone_4/mxen_ws/install/dobot_interface/share/dobot_interface/cmake/export_dobot_interface__rosidl_generator_pyExport.cmake
[0.842s] -- Up-to-date: /home/yasiru/Documents/dobot/milestone_4/mxen_ws/install/dobot_interface/share/dobot_interface/cmake/export_dobot_interface__rosidl_generator_pyExport-noconfig.cmake
[0.842s] -- Up-to-date: /home/yasiru/Documents/dobot/milestone_4/mxen_ws/install/dobot_interface/share/dobot_interface/cmake/rosidl_cmake-extras.cmake
[0.843s] -- Up-to-date: /home/yasiru/Documents/dobot/milestone_4/mxen_ws/install/dobot_interface/share/dobot_interface/cmake/ament_cmake_export_dependencies-extras.cmake
[0.843s] -- Up-to-date: /home/yasiru/Documents/dobot/milestone_4/mxen_ws/install/dobot_interface/share/dobot_interface/cmake/ament_cmake_export_include_directories-extras.cmake
[0.844s] -- Up-to-date: /home/yasiru/Documents/dobot/milestone_4/mxen_ws/install/dobot_interface/share/dobot_interface/cmake/ament_cmake_export_libraries-extras.cmake
[0.844s] -- Up-to-date: /home/yasiru/Documents/dobot/milestone_4/mxen_ws/install/dobot_interface/share/dobot_interface/cmake/ament_cmake_export_targets-extras.cmake
[0.844s] -- Up-to-date: /home/yasiru/Documents/dobot/milestone_4/mxen_ws/install/dobot_interface/share/dobot_interface/cmake/rosidl_cmake_export_typesupport_targets-extras.cmake
[0.844s] -- Up-to-date: /home/yasiru/Documents/dobot/milestone_4/mxen_ws/install/dobot_interface/share/dobot_interface/cmake/rosidl_cmake_export_typesupport_libraries-extras.cmake
[0.844s] -- Up-to-date: /home/yasiru/Documents/dobot/milestone_4/mxen_ws/install/dobot_interface/share/dobot_interface/cmake/dobot_interfaceConfig.cmake
[0.844s] -- Up-to-date: /home/yasiru/Documents/dobot/milestone_4/mxen_ws/install/dobot_interface/share/dobot_interface/cmake/dobot_interfaceConfig-version.cmake
[0.845s] -- Up-to-date: /home/yasiru/Documents/dobot/milestone_4/mxen_ws/install/dobot_interface/share/dobot_interface/package.xml
[0.845s] Invoked command in '/home/yasiru/Documents/dobot/milestone_4/mxen_ws/build/dobot_interface' returned '0': CMAKE_PREFIX_PATH=${CMAKE_PREFIX_PATH}:/opt/ros/kilted DEBUGINFOD_URLS=https://debuginfod.ubuntu.com PS1=\[\e]0;\u@\h: \w\a\]${debian_chroot:+($debian_chroot)}\[\033[01;32m\]\u@\h\[\033[00m\]:\[\033[01;34m\]\w\[\033[00m\]\$ VIRTUAL_ENV_PROMPT=(venv-ardupilot) /usr/bin/cmake --install /home/yasiru/Documents/dobot/milestone_4/mxen_ws/build/dobot_interface
