[0.299s] DEBUG:colcon:Command line arguments: ['/usr/bin/colcon', 'build']
[0.300s] DEBUG:colcon:Parsed command line arguments: Namespace(log_base=None, log_level=None, verb_name='build', build_base='build', install_base='install', merge_install=False, symlink_install=False, test_result_base=None, continue_on_error=False, executor='parallel', parallel_workers=8, event_handlers=None, ignore_user_meta=False, metas=['./colcon.meta'], base_paths=['.'], packages_ignore=None, packages_ignore_regex=None, paths=None, packages_up_to=None, packages_up_to_regex=None, packages_above=None, packages_above_and_dependencies=None, packages_above_depth=None, packages_select_by_dep=None, packages_skip_by_dep=None, packages_skip_up_to=None, packages_select_build_failed=False, packages_skip_build_finished=False, packages_select_test_failures=False, packages_skip_test_passed=False, packages_select=None, packages_skip=None, packages_select_regex=None, packages_skip_regex=None, packages_start=None, packages_end=None, allow_overriding=[], cmake_args=None, cmake_target=None, cmake_target_skip_unavailable=False, cmake_clean_cache=False, cmake_clean_first=False, cmake_force_configure=False, ament_cmake_args=None, catkin_cmake_args=None, catkin_skip_building_tests=False, mixin_files=None, mixin=None, verb_parser=<colcon_mixin.mixin.mixin_argument.MixinArgumentDecorator object at 0x700049cbbd10>, verb_extension=<colcon_core.verb.build.BuildVerb object at 0x70004a6c6570>, main=<bound method BuildVerb.main of <colcon_core.verb.build.BuildVerb object at 0x70004a6c6570>>, mixin_verb=('build',))
[0.393s] Level 1:colcon.colcon_core.package_discovery:discover_packages(colcon_meta) check parameters
[0.393s] Level 1:colcon.colcon_core.package_discovery:discover_packages(recursive) check parameters
[0.393s] Level 1:colcon.colcon_core.package_discovery:discover_packages(ignore) check parameters
[0.393s] Level 1:colcon.colcon_core.package_discovery:discover_packages(path) check parameters
[0.394s] Level 1:colcon.colcon_core.package_discovery:discover_packages(colcon_meta) discover
[0.394s] Level 1:colcon.colcon_core.package_discovery:discover_packages(recursive) discover
[0.394s] INFO:colcon.colcon_core.package_discovery:Crawling recursively for packages in '/home/yasiru/Documents/dobot/milestone_4/mxen_ws'
[0.394s] Level 1:colcon.colcon_core.package_identification:_identify(.) by extensions ['ignore', 'ignore_ament_install']
[0.395s] Level 1:colcon.colcon_core.package_identification:_identify(.) by extension 'ignore'
[0.395s] Level 1:colcon.colcon_core.package_identification:_identify(.) by extension 'ignore_ament_install'
[0.395s] Level 1:colcon.colcon_core.package_identification:_identify(.) by extensions ['colcon_pkg']
[0.395s] Level 1:colcon.colcon_core.package_identification:_identify(.) by extension 'colcon_pkg'
[0.396s] Level 1:colcon.colcon_core.package_identification:_identify(.) by extensions ['colcon_meta']
[0.396s] Level 1:colcon.colcon_core.package_identification:_identify(.) by extension 'colcon_meta'
[0.396s] Level 1:colcon.colcon_core.package_identification:_identify(.) by extensions ['ros']
[0.396s] Level 1:colcon.colcon_core.package_identification:_identify(.) by extension 'ros'
[0.459s] Level 1:colcon.colcon_core.package_identification:_identify(.) by extensions ['cmake', 'python']
[0.459s] Level 1:colcon.colcon_core.package_identification:_identify(.) by extension 'cmake'
[0.459s] Level 1:colcon.colcon_core.package_identification:_identify(.) by extension 'python'
[0.459s] Level 1:colcon.colcon_core.package_identification:_identify(.) by extensions ['python_setup_py']
[0.460s] Level 1:colcon.colcon_core.package_identification:_identify(.) by extension 'python_setup_py'
[0.460s] Level 1:colcon.colcon_core.package_identification:_identify(build) by extensions ['ignore', 'ignore_ament_install']
[0.460s] Level 1:colcon.colcon_core.package_identification:_identify(build) by extension 'ignore'
[0.460s] Level 1:colcon.colcon_core.package_identification:_identify(build) ignored
[0.461s] Level 1:colcon.colcon_core.package_identification:_identify(install) by extensions ['ignore', 'ignore_ament_install']
[0.461s] Level 1:colcon.colcon_core.package_identification:_identify(install) by extension 'ignore'
[0.461s] Level 1:colcon.colcon_core.package_identification:_identify(install) ignored
[0.461s] Level 1:colcon.colcon_core.package_identification:_identify(log) by extensions ['ignore', 'ignore_ament_install']
[0.462s] Level 1:colcon.colcon_core.package_identification:_identify(log) by extension 'ignore'
[0.462s] Level 1:colcon.colcon_core.package_identification:_identify(log) ignored
[0.462s] Level 1:colcon.colcon_core.package_identification:_identify(src) by extensions ['ignore', 'ignore_ament_install']
[0.462s] Level 1:colcon.colcon_core.package_identification:_identify(src) by extension 'ignore'
[0.462s] Level 1:colcon.colcon_core.package_identification:_identify(src) by extension 'ignore_ament_install'
[0.462s] Level 1:colcon.colcon_core.package_identification:_identify(src) by extensions ['colcon_pkg']
[0.463s] Level 1:colcon.colcon_core.package_identification:_identify(src) by extension 'colcon_pkg'
[0.463s] Level 1:colcon.colcon_core.package_identification:_identify(src) by extensions ['colcon_meta']
[0.463s] Level 1:colcon.colcon_core.package_identification:_identify(src) by extension 'colcon_meta'
[0.463s] Level 1:colcon.colcon_core.package_identification:_identify(src) by extensions ['ros']
[0.463s] Level 1:colcon.colcon_core.package_identification:_identify(src) by extension 'ros'
[0.463s] Level 1:colcon.colcon_core.package_identification:_identify(src) by extensions ['cmake', 'python']
[0.463s] Level 1:colcon.colcon_core.package_identification:_identify(src) by extension 'cmake'
[0.463s] Level 1:colcon.colcon_core.package_identification:_identify(src) by extension 'python'
[0.463s] Level 1:colcon.colcon_core.package_identification:_identify(src) by extensions ['python_setup_py']
[0.463s] Level 1:colcon.colcon_core.package_identification:_identify(src) by extension 'python_setup_py'
[0.464s] Level 1:colcon.colcon_core.package_identification:_identify(src/dobot) by extensions ['ignore', 'ignore_ament_install']
[0.464s] Level 1:colcon.colcon_core.package_identification:_identify(src/dobot) by extension 'ignore'
[0.464s] Level 1:colcon.colcon_core.package_identification:_identify(src/dobot) by extension 'ignore_ament_install'
[0.464s] Level 1:colcon.colcon_core.package_identification:_identify(src/dobot) by extensions ['colcon_pkg']
[0.464s] Level 1:colcon.colcon_core.package_identification:_identify(src/dobot) by extension 'colcon_pkg'
[0.464s] Level 1:colcon.colcon_core.package_identification:_identify(src/dobot) by extensions ['colcon_meta']
[0.464s] Level 1:colcon.colcon_core.package_identification:_identify(src/dobot) by extension 'colcon_meta'
[0.465s] Level 1:colcon.colcon_core.package_identification:_identify(src/dobot) by extensions ['ros']
[0.465s] Level 1:colcon.colcon_core.package_identification:_identify(src/dobot) by extension 'ros'
[0.470s] DEBUG:colcon.colcon_core.package_identification:Package 'src/dobot' with type 'ros.ament_python' and name 'dobot'
[0.471s] Level 1:colcon.colcon_core.package_identification:_identify(src/dobot_interface) by extensions ['ignore', 'ignore_ament_install']
[0.471s] Level 1:colcon.colcon_core.package_identification:_identify(src/dobot_interface) by extension 'ignore'
[0.471s] Level 1:colcon.colcon_core.package_identification:_identify(src/dobot_interface) by extension 'ignore_ament_install'
[0.471s] Level 1:colcon.colcon_core.package_identification:_identify(src/dobot_interface) by extensions ['colcon_pkg']
[0.471s] Level 1:colcon.colcon_core.package_identification:_identify(src/dobot_interface) by extension 'colcon_pkg'
[0.471s] Level 1:colcon.colcon_core.package_identification:_identify(src/dobot_interface) by extensions ['colcon_meta']
[0.472s] Level 1:colcon.colcon_core.package_identification:_identify(src/dobot_interface) by extension 'colcon_meta'
[0.472s] Level 1:colcon.colcon_core.package_identification:_identify(src/dobot_interface) by extensions ['ros']
[0.472s] Level 1:colcon.colcon_core.package_identification:_identify(src/dobot_interface) by extension 'ros'
[0.473s] DEBUG:colcon.colcon_core.package_identification:Package 'src/dobot_interface' with type 'ros.ament_cmake' and name 'dobot_interface'
[0.473s] Level 1:colcon.colcon_core.package_discovery:discover_packages(recursive) using defaults
[0.473s] Level 1:colcon.colcon_core.package_discovery:discover_packages(ignore) discover
[0.473s] Level 1:colcon.colcon_core.package_discovery:discover_packages(ignore) using defaults
[0.473s] Level 1:colcon.colcon_core.package_discovery:discover_packages(path) discover
[0.473s] Level 1:colcon.colcon_core.package_discovery:discover_packages(path) using defaults
[0.514s] Level 1:colcon.colcon_core.package_discovery:discover_packages(prefix_path) check parameters
[0.514s] Level 1:colcon.colcon_core.package_discovery:discover_packages(prefix_path) discover
[0.518s] DEBUG:colcon.colcon_installed_package_information.package_discovery:Found 2 installed packages in /home/yasiru/Documents/dobot/milestone_4/mxen_ws/install
[0.523s] DEBUG:colcon.colcon_installed_package_information.package_discovery:Found 416 installed packages in /opt/ros/kilted
[0.527s] Level 1:colcon.colcon_core.package_discovery:discover_packages(prefix_path) using defaults
[0.654s] Level 5:colcon.colcon_core.verb:set package 'dobot_interface' build argument 'cmake_args' from command line to 'None'
[0.654s] Level 5:colcon.colcon_core.verb:set package 'dobot_interface' build argument 'cmake_target' from command line to 'None'
[0.654s] Level 5:colcon.colcon_core.verb:set package 'dobot_interface' build argument 'cmake_target_skip_unavailable' from command line to 'False'
[0.654s] Level 5:colcon.colcon_core.verb:set package 'dobot_interface' build argument 'cmake_clean_cache' from command line to 'False'
[0.654s] Level 5:colcon.colcon_core.verb:set package 'dobot_interface' build argument 'cmake_clean_first' from command line to 'False'
[0.655s] Level 5:colcon.colcon_core.verb:set package 'dobot_interface' build argument 'cmake_force_configure' from command line to 'False'
[0.655s] Level 5:colcon.colcon_core.verb:set package 'dobot_interface' build argument 'ament_cmake_args' from command line to 'None'
[0.655s] Level 5:colcon.colcon_core.verb:set package 'dobot_interface' build argument 'catkin_cmake_args' from command line to 'None'
[0.655s] Level 5:colcon.colcon_core.verb:set package 'dobot_interface' build argument 'catkin_skip_building_tests' from command line to 'False'
[0.655s] DEBUG:colcon.colcon_core.verb:Building package 'dobot_interface' with the following arguments: {'ament_cmake_args': None, 'build_base': '/home/yasiru/Documents/dobot/milestone_4/mxen_ws/build/dobot_interface', 'catkin_cmake_args': None, 'catkin_skip_building_tests': False, 'cmake_args': None, 'cmake_clean_cache': False, 'cmake_clean_first': False, 'cmake_force_configure': False, 'cmake_target': None, 'cmake_target_skip_unavailable': False, 'install_base': '/home/yasiru/Documents/dobot/milestone_4/mxen_ws/install/dobot_interface', 'merge_install': False, 'path': '/home/yasiru/Documents/dobot/milestone_4/mxen_ws/src/dobot_interface', 'symlink_install': False, 'test_result_base': None}
[0.655s] Level 5:colcon.colcon_core.verb:set package 'dobot' build argument 'cmake_args' from command line to 'None'
[0.656s] Level 5:colcon.colcon_core.verb:set package 'dobot' build argument 'cmake_target' from command line to 'None'
[0.656s] Level 5:colcon.colcon_core.verb:set package 'dobot' build argument 'cmake_target_skip_unavailable' from command line to 'False'
[0.656s] Level 5:colcon.colcon_core.verb:set package 'dobot' build argument 'cmake_clean_cache' from command line to 'False'
[0.656s] Level 5:colcon.colcon_core.verb:set package 'dobot' build argument 'cmake_clean_first' from command line to 'False'
[0.656s] Level 5:colcon.colcon_core.verb:set package 'dobot' build argument 'cmake_force_configure' from command line to 'False'
[0.656s] Level 5:colcon.colcon_core.verb:set package 'dobot' build argument 'ament_cmake_args' from command line to 'None'
[0.656s] Level 5:colcon.colcon_core.verb:set package 'dobot' build argument 'catkin_cmake_args' from command line to 'None'
[0.656s] Level 5:colcon.colcon_core.verb:set package 'dobot' build argument 'catkin_skip_building_tests' from command line to 'False'
[0.656s] DEBUG:colcon.colcon_core.verb:Building package 'dobot' with the following arguments: {'ament_cmake_args': None, 'build_base': '/home/yasiru/Documents/dobot/milestone_4/mxen_ws/build/dobot', 'catkin_cmake_args': None, 'catkin_skip_building_tests': False, 'cmake_args': None, 'cmake_clean_cache': False, 'cmake_clean_first': False, 'cmake_force_configure': False, 'cmake_target': None, 'cmake_target_skip_unavailable': False, 'install_base': '/home/yasiru/Documents/dobot/milestone_4/mxen_ws/install/dobot', 'merge_install': False, 'path': '/home/yasiru/Documents/dobot/milestone_4/mxen_ws/src/dobot', 'symlink_install': False, 'test_result_base': None}
[0.656s] INFO:colcon.colcon_core.executor:Executing jobs using 'parallel' executor
[0.658s] DEBUG:colcon.colcon_parallel_executor.executor.parallel:run_until_complete
[0.659s] INFO:colcon.colcon_ros.task.ament_cmake.build:Building ROS package in '/home/yasiru/Documents/dobot/milestone_4/mxen_ws/src/dobot_interface' with build type 'ament_cmake'
[0.659s] INFO:colcon.colcon_cmake.task.cmake.build:Building CMake package in '/home/yasiru/Documents/dobot/milestone_4/mxen_ws/src/dobot_interface'
[0.664s] INFO:colcon.colcon_core.plugin_system:Skipping extension 'colcon_core.shell.bat': Not used on non-Windows systems
[0.664s] INFO:colcon.colcon_core.shell:Skip shell extension 'powershell' for command environment: Not usable outside of PowerShell
[0.664s] DEBUG:colcon.colcon_core.shell:Skip shell extension 'dsv' for command environment
[0.685s] DEBUG:colcon.colcon_core.event_handler.log_command:Invoking command in '/home/yasiru/Documents/dobot/milestone_4/mxen_ws/build/dobot_interface': CMAKE_PREFIX_PATH=${CMAKE_PREFIX_PATH}:/home/yasiru/Documents/dobot/milestone_4/mxen_ws/install/dobot:/opt/ros/kilted DEBUGINFOD_URLS=https://debuginfod.ubuntu.com PS1=\[\e]0;\u@\h: \w\a\]${debian_chroot:+($debian_chroot)}\[\033[01;32m\]\u@\h\[\033[00m\]:\[\033[01;34m\]\w\[\033[00m\]\$ VIRTUAL_ENV_PROMPT=(venv-ardupilot) /usr/bin/cmake --build /home/yasiru/Documents/dobot/milestone_4/mxen_ws/build/dobot_interface -- -j8 -l8
[2.137s] DEBUG:colcon.colcon_core.event_handler.log_command:Invoked command in '/home/yasiru/Documents/dobot/milestone_4/mxen_ws/build/dobot_interface' returned '0': CMAKE_PREFIX_PATH=${CMAKE_PREFIX_PATH}:/home/yasiru/Documents/dobot/milestone_4/mxen_ws/install/dobot:/opt/ros/kilted DEBUGINFOD_URLS=https://debuginfod.ubuntu.com PS1=\[\e]0;\u@\h: \w\a\]${debian_chroot:+($debian_chroot)}\[\033[01;32m\]\u@\h\[\033[00m\]:\[\033[01;34m\]\w\[\033[00m\]\$ VIRTUAL_ENV_PROMPT=(venv-ardupilot) /usr/bin/cmake --build /home/yasiru/Documents/dobot/milestone_4/mxen_ws/build/dobot_interface -- -j8 -l8
[2.159s] DEBUG:colcon.colcon_core.event_handler.log_command:Invoking command in '/home/yasiru/Documents/dobot/milestone_4/mxen_ws/build/dobot_interface': CMAKE_PREFIX_PATH=${CMAKE_PREFIX_PATH}:/home/yasiru/Documents/dobot/milestone_4/mxen_ws/install/dobot:/opt/ros/kilted DEBUGINFOD_URLS=https://debuginfod.ubuntu.com PS1=\[\e]0;\u@\h: \w\a\]${debian_chroot:+($debian_chroot)}\[\033[01;32m\]\u@\h\[\033[00m\]:\[\033[01;34m\]\w\[\033[00m\]\$ VIRTUAL_ENV_PROMPT=(venv-ardupilot) /usr/bin/cmake --install /home/yasiru/Documents/dobot/milestone_4/mxen_ws/build/dobot_interface
[2.321s] Level 1:colcon.colcon_core.environment:create_environment_scripts_only(dobot_interface)
[2.333s] Level 1:colcon.colcon_core.environment:checking '/home/yasiru/Documents/dobot/milestone_4/mxen_ws/install/dobot_interface' for CMake module files
[2.336s] Level 1:colcon.colcon_core.environment:checking '/home/yasiru/Documents/dobot/milestone_4/mxen_ws/install/dobot_interface' for CMake config files
[2.338s] DEBUG:colcon.colcon_core.event_handler.log_command:Invoked command in '/home/yasiru/Documents/dobot/milestone_4/mxen_ws/build/dobot_interface' returned '0': CMAKE_PREFIX_PATH=${CMAKE_PREFIX_PATH}:/home/yasiru/Documents/dobot/milestone_4/mxen_ws/install/dobot:/opt/ros/kilted DEBUGINFOD_URLS=https://debuginfod.ubuntu.com PS1=\[\e]0;\u@\h: \w\a\]${debian_chroot:+($debian_chroot)}\[\033[01;32m\]\u@\h\[\033[00m\]:\[\033[01;34m\]\w\[\033[00m\]\$ VIRTUAL_ENV_PROMPT=(venv-ardupilot) /usr/bin/cmake --install /home/yasiru/Documents/dobot/milestone_4/mxen_ws/build/dobot_interface
[2.339s] Level 1:colcon.colcon_core.shell:create_environment_hook('dobot_interface', 'cmake_prefix_path')
[2.340s] INFO:colcon.colcon_core.shell:Creating environment hook '/home/yasiru/Documents/dobot/milestone_4/mxen_ws/install/dobot_interface/share/dobot_interface/hook/cmake_prefix_path.ps1'
[2.341s] INFO:colcon.colcon_core.shell:Creating environment descriptor '/home/yasiru/Documents/dobot/milestone_4/mxen_ws/install/dobot_interface/share/dobot_interface/hook/cmake_prefix_path.dsv'
[2.342s] INFO:colcon.colcon_core.shell:Creating environment hook '/home/yasiru/Documents/dobot/milestone_4/mxen_ws/install/dobot_interface/share/dobot_interface/hook/cmake_prefix_path.sh'
[2.344s] Level 1:colcon.colcon_core.environment:checking '/home/yasiru/Documents/dobot/milestone_4/mxen_ws/install/dobot_interface/lib'
[2.344s] Level 1:colcon.colcon_core.shell:create_environment_hook('dobot_interface', 'ld_library_path_lib')
[2.345s] INFO:colcon.colcon_core.shell:Creating environment hook '/home/yasiru/Documents/dobot/milestone_4/mxen_ws/install/dobot_interface/share/dobot_interface/hook/ld_library_path_lib.ps1'
[2.345s] INFO:colcon.colcon_core.shell:Creating environment descriptor '/home/yasiru/Documents/dobot/milestone_4/mxen_ws/install/dobot_interface/share/dobot_interface/hook/ld_library_path_lib.dsv'
[2.346s] INFO:colcon.colcon_core.shell:Creating environment hook '/home/yasiru/Documents/dobot/milestone_4/mxen_ws/install/dobot_interface/share/dobot_interface/hook/ld_library_path_lib.sh'
[2.347s] Level 1:colcon.colcon_core.environment:checking '/home/yasiru/Documents/dobot/milestone_4/mxen_ws/install/dobot_interface/bin'
[2.347s] Level 1:colcon.colcon_core.environment:checking '/home/yasiru/Documents/dobot/milestone_4/mxen_ws/install/dobot_interface/lib/pkgconfig/dobot_interface.pc'
[2.348s] Level 1:colcon.colcon_core.environment:checking '/home/yasiru/Documents/dobot/milestone_4/mxen_ws/install/dobot_interface/lib/python3.12/site-packages'
[2.348s] Level 1:colcon.colcon_core.shell:create_environment_hook('dobot_interface', 'pythonpath')
[2.348s] INFO:colcon.colcon_core.shell:Creating environment hook '/home/yasiru/Documents/dobot/milestone_4/mxen_ws/install/dobot_interface/share/dobot_interface/hook/pythonpath.ps1'
[2.349s] INFO:colcon.colcon_core.shell:Creating environment descriptor '/home/yasiru/Documents/dobot/milestone_4/mxen_ws/install/dobot_interface/share/dobot_interface/hook/pythonpath.dsv'
[2.350s] INFO:colcon.colcon_core.shell:Creating environment hook '/home/yasiru/Documents/dobot/milestone_4/mxen_ws/install/dobot_interface/share/dobot_interface/hook/pythonpath.sh'
[2.353s] Level 1:colcon.colcon_core.environment:checking '/home/yasiru/Documents/dobot/milestone_4/mxen_ws/install/dobot_interface/bin'
[2.354s] INFO:colcon.colcon_core.shell:Creating package script '/home/yasiru/Documents/dobot/milestone_4/mxen_ws/install/dobot_interface/share/dobot_interface/package.ps1'
[2.356s] INFO:colcon.colcon_core.shell:Creating package descriptor '/home/yasiru/Documents/dobot/milestone_4/mxen_ws/install/dobot_interface/share/dobot_interface/package.dsv'
[2.358s] INFO:colcon.colcon_core.shell:Creating package script '/home/yasiru/Documents/dobot/milestone_4/mxen_ws/install/dobot_interface/share/dobot_interface/package.sh'
[2.361s] INFO:colcon.colcon_core.shell:Creating package script '/home/yasiru/Documents/dobot/milestone_4/mxen_ws/install/dobot_interface/share/dobot_interface/package.bash'
[2.363s] INFO:colcon.colcon_core.shell:Creating package script '/home/yasiru/Documents/dobot/milestone_4/mxen_ws/install/dobot_interface/share/dobot_interface/package.zsh'
[2.365s] Level 1:colcon.colcon_core.environment:create_file_with_runtime_dependencies(/home/yasiru/Documents/dobot/milestone_4/mxen_ws/install/dobot_interface/share/colcon-core/packages/dobot_interface)
[2.368s] Level 1:colcon.colcon_core.environment:create_environment_scripts_only(dobot_interface)
[2.368s] Level 1:colcon.colcon_core.environment:checking '/home/yasiru/Documents/dobot/milestone_4/mxen_ws/install/dobot_interface' for CMake module files
[2.371s] Level 1:colcon.colcon_core.environment:checking '/home/yasiru/Documents/dobot/milestone_4/mxen_ws/install/dobot_interface' for CMake config files
[2.373s] Level 1:colcon.colcon_core.shell:create_environment_hook('dobot_interface', 'cmake_prefix_path')
[2.374s] INFO:colcon.colcon_core.shell:Creating environment hook '/home/yasiru/Documents/dobot/milestone_4/mxen_ws/install/dobot_interface/share/dobot_interface/hook/cmake_prefix_path.ps1'
[2.376s] INFO:colcon.colcon_core.shell:Creating environment descriptor '/home/yasiru/Documents/dobot/milestone_4/mxen_ws/install/dobot_interface/share/dobot_interface/hook/cmake_prefix_path.dsv'
[2.377s] INFO:colcon.colcon_core.shell:Creating environment hook '/home/yasiru/Documents/dobot/milestone_4/mxen_ws/install/dobot_interface/share/dobot_interface/hook/cmake_prefix_path.sh'
[2.379s] Level 1:colcon.colcon_core.environment:checking '/home/yasiru/Documents/dobot/milestone_4/mxen_ws/install/dobot_interface/lib'
[2.379s] Level 1:colcon.colcon_core.shell:create_environment_hook('dobot_interface', 'ld_library_path_lib')
[2.380s] INFO:colcon.colcon_core.shell:Creating environment hook '/home/yasiru/Documents/dobot/milestone_4/mxen_ws/install/dobot_interface/share/dobot_interface/hook/ld_library_path_lib.ps1'
[2.381s] INFO:colcon.colcon_core.shell:Creating environment descriptor '/home/yasiru/Documents/dobot/milestone_4/mxen_ws/install/dobot_interface/share/dobot_interface/hook/ld_library_path_lib.dsv'
[2.382s] INFO:colcon.colcon_core.shell:Creating environment hook '/home/yasiru/Documents/dobot/milestone_4/mxen_ws/install/dobot_interface/share/dobot_interface/hook/ld_library_path_lib.sh'
[2.384s] Level 1:colcon.colcon_core.environment:checking '/home/yasiru/Documents/dobot/milestone_4/mxen_ws/install/dobot_interface/bin'
[2.384s] Level 1:colcon.colcon_core.environment:checking '/home/yasiru/Documents/dobot/milestone_4/mxen_ws/install/dobot_interface/lib/pkgconfig/dobot_interface.pc'
[2.385s] Level 1:colcon.colcon_core.environment:checking '/home/yasiru/Documents/dobot/milestone_4/mxen_ws/install/dobot_interface/lib/python3.12/site-packages'
[2.386s] Level 1:colcon.colcon_core.shell:create_environment_hook('dobot_interface', 'pythonpath')
[2.386s] INFO:colcon.colcon_core.shell:Creating environment hook '/home/yasiru/Documents/dobot/milestone_4/mxen_ws/install/dobot_interface/share/dobot_interface/hook/pythonpath.ps1'
[2.388s] INFO:colcon.colcon_core.shell:Creating environment descriptor '/home/yasiru/Documents/dobot/milestone_4/mxen_ws/install/dobot_interface/share/dobot_interface/hook/pythonpath.dsv'
[2.389s] INFO:colcon.colcon_core.shell:Creating environment hook '/home/yasiru/Documents/dobot/milestone_4/mxen_ws/install/dobot_interface/share/dobot_interface/hook/pythonpath.sh'
[2.391s] Level 1:colcon.colcon_core.environment:checking '/home/yasiru/Documents/dobot/milestone_4/mxen_ws/install/dobot_interface/bin'
[2.393s] INFO:colcon.colcon_core.shell:Creating package script '/home/yasiru/Documents/dobot/milestone_4/mxen_ws/install/dobot_interface/share/dobot_interface/package.ps1'
[2.395s] INFO:colcon.colcon_core.shell:Creating package descriptor '/home/yasiru/Documents/dobot/milestone_4/mxen_ws/install/dobot_interface/share/dobot_interface/package.dsv'
[2.397s] INFO:colcon.colcon_core.shell:Creating package script '/home/yasiru/Documents/dobot/milestone_4/mxen_ws/install/dobot_interface/share/dobot_interface/package.sh'
[2.398s] INFO:colcon.colcon_core.shell:Creating package script '/home/yasiru/Documents/dobot/milestone_4/mxen_ws/install/dobot_interface/share/dobot_interface/package.bash'
[2.400s] INFO:colcon.colcon_core.shell:Creating package script '/home/yasiru/Documents/dobot/milestone_4/mxen_ws/install/dobot_interface/share/dobot_interface/package.zsh'
[2.401s] Level 1:colcon.colcon_core.environment:create_file_with_runtime_dependencies(/home/yasiru/Documents/dobot/milestone_4/mxen_ws/install/dobot_interface/share/colcon-core/packages/dobot_interface)
[2.402s] INFO:colcon.colcon_ros.task.ament_python.build:Building ROS package in '/home/yasiru/Documents/dobot/milestone_4/mxen_ws/src/dobot' with build type 'ament_python'
[2.403s] Level 1:colcon.colcon_core.shell:create_environment_hook('dobot', 'ament_prefix_path')
[2.404s] INFO:colcon.colcon_core.shell:Creating environment hook '/home/yasiru/Documents/dobot/milestone_4/mxen_ws/install/dobot/share/dobot/hook/ament_prefix_path.ps1'
[2.406s] INFO:colcon.colcon_core.shell:Creating environment descriptor '/home/yasiru/Documents/dobot/milestone_4/mxen_ws/install/dobot/share/dobot/hook/ament_prefix_path.dsv'
[2.408s] INFO:colcon.colcon_core.shell:Creating environment hook '/home/yasiru/Documents/dobot/milestone_4/mxen_ws/install/dobot/share/dobot/hook/ament_prefix_path.sh'
[2.410s] INFO:colcon.colcon_core.shell:Skip shell extension 'powershell' for command environment: Not usable outside of PowerShell
[2.410s] DEBUG:colcon.colcon_core.shell:Skip shell extension 'dsv' for command environment
[3.095s] INFO:colcon.colcon_core.task.python.build:Building Python package in '/home/yasiru/Documents/dobot/milestone_4/mxen_ws/src/dobot'
[3.095s] INFO:colcon.colcon_core.shell:Skip shell extension 'powershell' for command environment: Not usable outside of PowerShell
[3.095s] DEBUG:colcon.colcon_core.shell:Skip shell extension 'dsv' for command environment
[5.080s] DEBUG:colcon.colcon_core.event_handler.log_command:Invoking command in '/home/yasiru/Documents/dobot/milestone_4/mxen_ws/src/dobot': DEBUGINFOD_URLS=https://debuginfod.ubuntu.com PS1=\[\e]0;\u@\h: \w\a\]${debian_chroot:+($debian_chroot)}\[\033[01;32m\]\u@\h\[\033[00m\]:\[\033[01;34m\]\w\[\033[00m\]\$ PYTHONPATH=/home/yasiru/Documents/dobot/milestone_4/mxen_ws/build/dobot/prefix_override:/usr/lib/python3/dist-packages/colcon_core/task/python/colcon_distutils_commands:/home/yasiru/Documents/dobot/milestone_4/mxen_ws/install/dobot/lib/python3.12/site-packages:/home/yasiru/Documents/dobot/milestone_4/mxen_ws/install/dobot_interface/lib/python3.12/site-packages:/home/yasiru/Documents/dobot/milestone_4/mxen_ws/install/dobot/lib/python3.12/site-packages:/opt/ros/kilted/lib/python3.12/site-packages VIRTUAL_ENV_PROMPT=(venv-ardupilot) /usr/bin/python3 -W ignore:setup.py install is deprecated -W ignore:easy_install command is deprecated setup.py egg_info --egg-base ../../build/dobot build --build-base /home/yasiru/Documents/dobot/milestone_4/mxen_ws/build/dobot/build install --record /home/yasiru/Documents/dobot/milestone_4/mxen_ws/build/dobot/install.log --single-version-externally-managed install_data
[6.970s] Level 1:colcon.colcon_core.environment:checking '/home/yasiru/Documents/dobot/milestone_4/mxen_ws/install/dobot' for CMake module files
[6.971s] DEBUG:colcon.colcon_core.event_handler.log_command:Invoked command in '/home/yasiru/Documents/dobot/milestone_4/mxen_ws/src/dobot' returned '0': DEBUGINFOD_URLS=https://debuginfod.ubuntu.com PS1=\[\e]0;\u@\h: \w\a\]${debian_chroot:+($debian_chroot)}\[\033[01;32m\]\u@\h\[\033[00m\]:\[\033[01;34m\]\w\[\033[00m\]\$ PYTHONPATH=/home/yasiru/Documents/dobot/milestone_4/mxen_ws/build/dobot/prefix_override:/usr/lib/python3/dist-packages/colcon_core/task/python/colcon_distutils_commands:/home/yasiru/Documents/dobot/milestone_4/mxen_ws/install/dobot/lib/python3.12/site-packages:/home/yasiru/Documents/dobot/milestone_4/mxen_ws/install/dobot_interface/lib/python3.12/site-packages:/home/yasiru/Documents/dobot/milestone_4/mxen_ws/install/dobot/lib/python3.12/site-packages:/opt/ros/kilted/lib/python3.12/site-packages VIRTUAL_ENV_PROMPT=(venv-ardupilot) /usr/bin/python3 -W ignore:setup.py install is deprecated -W ignore:easy_install command is deprecated setup.py egg_info --egg-base ../../build/dobot build --build-base /home/yasiru/Documents/dobot/milestone_4/mxen_ws/build/dobot/build install --record /home/yasiru/Documents/dobot/milestone_4/mxen_ws/build/dobot/install.log --single-version-externally-managed install_data
[6.972s] Level 1:colcon.colcon_core.environment:checking '/home/yasiru/Documents/dobot/milestone_4/mxen_ws/install/dobot' for CMake config files
[6.973s] Level 1:colcon.colcon_core.environment:checking '/home/yasiru/Documents/dobot/milestone_4/mxen_ws/install/dobot/lib'
[6.973s] Level 1:colcon.colcon_core.environment:checking '/home/yasiru/Documents/dobot/milestone_4/mxen_ws/install/dobot/bin'
[6.974s] Level 1:colcon.colcon_core.environment:checking '/home/yasiru/Documents/dobot/milestone_4/mxen_ws/install/dobot/lib/pkgconfig/dobot.pc'
[6.974s] Level 1:colcon.colcon_core.environment:checking '/home/yasiru/Documents/dobot/milestone_4/mxen_ws/install/dobot/lib/python3.12/site-packages'
[6.974s] Level 1:colcon.colcon_core.shell:create_environment_hook('dobot', 'pythonpath')
[6.975s] INFO:colcon.colcon_core.shell:Creating environment hook '/home/yasiru/Documents/dobot/milestone_4/mxen_ws/install/dobot/share/dobot/hook/pythonpath.ps1'
[6.976s] INFO:colcon.colcon_core.shell:Creating environment descriptor '/home/yasiru/Documents/dobot/milestone_4/mxen_ws/install/dobot/share/dobot/hook/pythonpath.dsv'
[6.977s] INFO:colcon.colcon_core.shell:Creating environment hook '/home/yasiru/Documents/dobot/milestone_4/mxen_ws/install/dobot/share/dobot/hook/pythonpath.sh'
[6.978s] Level 1:colcon.colcon_core.environment:checking '/home/yasiru/Documents/dobot/milestone_4/mxen_ws/install/dobot/bin'
[6.978s] Level 1:colcon.colcon_core.environment:create_environment_scripts_only(dobot)
[6.979s] INFO:colcon.colcon_core.shell:Creating package script '/home/yasiru/Documents/dobot/milestone_4/mxen_ws/install/dobot/share/dobot/package.ps1'
[6.980s] INFO:colcon.colcon_core.shell:Creating package descriptor '/home/yasiru/Documents/dobot/milestone_4/mxen_ws/install/dobot/share/dobot/package.dsv'
[6.981s] INFO:colcon.colcon_core.shell:Creating package script '/home/yasiru/Documents/dobot/milestone_4/mxen_ws/install/dobot/share/dobot/package.sh'
[6.982s] INFO:colcon.colcon_core.shell:Creating package script '/home/yasiru/Documents/dobot/milestone_4/mxen_ws/install/dobot/share/dobot/package.bash'
[6.983s] INFO:colcon.colcon_core.shell:Creating package script '/home/yasiru/Documents/dobot/milestone_4/mxen_ws/install/dobot/share/dobot/package.zsh'
[6.984s] Level 1:colcon.colcon_core.environment:create_file_with_runtime_dependencies(/home/yasiru/Documents/dobot/milestone_4/mxen_ws/install/dobot/share/colcon-core/packages/dobot)
[6.984s] DEBUG:colcon.colcon_parallel_executor.executor.parallel:closing loop
[6.985s] DEBUG:colcon.colcon_parallel_executor.executor.parallel:loop closed
[6.985s] DEBUG:colcon.colcon_parallel_executor.executor.parallel:run_until_complete finished with '0'
[6.985s] DEBUG:colcon.colcon_core.event_reactor:joining thread
[6.999s] INFO:colcon.colcon_core.plugin_system:Skipping extension 'colcon_notification.desktop_notification.terminal_notifier': Not used on non-Darwin systems
[6.999s] INFO:colcon.colcon_core.plugin_system:Skipping extension 'colcon_notification.desktop_notification.win32': Not used on non-Windows systems
[6.999s] INFO:colcon.colcon_notification.desktop_notification:Sending desktop notification using 'notify2'
[7.018s] DEBUG:colcon.colcon_core.event_reactor:joined thread
[7.018s] INFO:colcon.colcon_core.shell:Creating prefix script '/home/yasiru/Documents/dobot/milestone_4/mxen_ws/install/local_setup.ps1'
[7.020s] INFO:colcon.colcon_core.shell:Creating prefix util module '/home/yasiru/Documents/dobot/milestone_4/mxen_ws/install/_local_setup_util_ps1.py'
[7.023s] INFO:colcon.colcon_core.shell:Creating prefix chain script '/home/yasiru/Documents/dobot/milestone_4/mxen_ws/install/setup.ps1'
[7.025s] INFO:colcon.colcon_core.shell:Creating prefix script '/home/yasiru/Documents/dobot/milestone_4/mxen_ws/install/local_setup.sh'
[7.026s] INFO:colcon.colcon_core.shell:Creating prefix util module '/home/yasiru/Documents/dobot/milestone_4/mxen_ws/install/_local_setup_util_sh.py'
[7.027s] INFO:colcon.colcon_core.shell:Creating prefix chain script '/home/yasiru/Documents/dobot/milestone_4/mxen_ws/install/setup.sh'
[7.030s] INFO:colcon.colcon_core.shell:Creating prefix script '/home/yasiru/Documents/dobot/milestone_4/mxen_ws/install/local_setup.bash'
[7.031s] INFO:colcon.colcon_core.shell:Creating prefix chain script '/home/yasiru/Documents/dobot/milestone_4/mxen_ws/install/setup.bash'
[7.033s] INFO:colcon.colcon_core.shell:Creating prefix script '/home/yasiru/Documents/dobot/milestone_4/mxen_ws/install/local_setup.zsh'
[7.034s] INFO:colcon.colcon_core.shell:Creating prefix chain script '/home/yasiru/Documents/dobot/milestone_4/mxen_ws/install/setup.zsh'
