Error parsing '/home/yasiru/Documents/dobot/milestone_4/mxen_ws/src/dobot_interface/package.xml':
Traceback (most recent call last):
  File "/opt/ros/kilted/share/ament_cmake_core/cmake/core/package_xml_2_cmake.py", line 150, in <module>
    main()
  File "/opt/ros/kilted/share/ament_cmake_core/cmake/core/package_xml_2_cmake.py", line 53, in main
    raise e
  File "/opt/ros/kilted/share/ament_cmake_core/cmake/core/package_xml_2_cmake.py", line 49, in main
    package = parse_package_string(
              ^^^^^^^^^^^^^^^^^^^^^
  File "/usr/lib/python3/dist-packages/catkin_pkg/package.py", line 786, in parse_package_string
    raise InvalidPackage('Error(s):%s' % (''.join(['\n- %s' % e for e in errors])), filename)
catkin_pkg.package.InvalidPackage: Error(s) in package '/home/yasiru/Documents/dobot/milestone_4/mxen_ws/src/dobot_interface/package.xml':
Error(s):
- The manifest of package "dobot_interface" (with format version 3) must not contain the following tags: buildtool
[31mCMake Error at /opt/ros/kilted/share/ament_cmake_core/cmake/core/ament_package_xml.cmake:95 (message):
  execute_process(/home/yasiru/venv-ardupilot/bin/python3
  /opt/ros/kilted/share/ament_cmake_core/cmake/core/package_xml_2_cmake.py
  /home/yasiru/Documents/dobot/milestone_4/mxen_ws/src/dobot_interface/package.xml
  /home/yasiru/Documents/dobot/milestone_4/mxen_ws/build/dobot_interface/ament_cmake_core/package.cmake)
  returned error code 1
Call Stack (most recent call first):
  /opt/ros/kilted/share/ament_cmake_core/cmake/core/ament_package_xml.cmake:49 (_ament_package_xml)
  /opt/ros/kilted/share/rosidl_cmake/cmake/rosidl_generate_interfaces.cmake:220 (ament_package_xml)
  CMakeLists.txt:16 (rosidl_generate_interfaces)

[0m
