[1.104s] Invoking command in '/home/yasiru/Documents/dobot/milestone_4/mxen_ws/src/dobot': AMENT_PREFIX_PATH=/home/yasiru/Documents/dobot/milestone_4/mxen_ws/install/dobot_interface:${AMENT_PREFIX_PATH} CMAKE_PREFIX_PATH=/home/yasiru/Documents/dobot/milestone_4/mxen_ws/install/dobot_interface:${CMAKE_PREFIX_PATH} DEBUGINFOD_URLS=https://debuginfod.ubuntu.com LD_LIBRARY_PATH=/home/yasiru/Documents/dobot/milestone_4/mxen_ws/install/dobot_interface/lib:${LD_LIBRARY_PATH} PS1=\[\e]0;\u@\h: \w\a\]${debian_chroot:+($debian_chroot)}\[\033[01;32m\]\u@\h\[\033[00m\]:\[\033[01;34m\]\w\[\033[00m\]\$ PYTHONPATH=/home/yasiru/Documents/dobot/milestone_4/mxen_ws/build/dobot/prefix_override:/usr/lib/python3/dist-packages/colcon_core/task/python/colcon_distutils_commands:/home/yasiru/Documents/dobot/milestone_4/mxen_ws/install/dobot/lib/python3.12/site-packages:/home/yasiru/Documents/dobot/milestone_4/mxen_ws/install/dobot_interface/lib/python3.12/site-packages:${PYTHONPATH} VIRTUAL_ENV_PROMPT=(venv-ardupilot) /usr/bin/python3 -W ignore:setup.py install is deprecated -W ignore:easy_install command is deprecated setup.py egg_info --egg-base ../../build/dobot build --build-base /home/yasiru/Documents/dobot/milestone_4/mxen_ws/build/dobot/build install --record /home/yasiru/Documents/dobot/milestone_4/mxen_ws/build/dobot/install.log --single-version-externally-managed install_data
[1.426s] running egg_info
[1.456s] writing ../../build/dobot/dobot.egg-info/PKG-INFO
[1.456s] writing dependency_links to ../../build/dobot/dobot.egg-info/dependency_links.txt
[1.457s] writing entry points to ../../build/dobot/dobot.egg-info/entry_points.txt
[1.457s] writing requirements to ../../build/dobot/dobot.egg-info/requires.txt
[1.457s] writing top-level names to ../../build/dobot/dobot.egg-info/top_level.txt
[1.519s] reading manifest file '../../build/dobot/dobot.egg-info/SOURCES.txt'
[1.520s] adding license file 'LICENSE'
[1.521s] writing manifest file '../../build/dobot/dobot.egg-info/SOURCES.txt'
[1.521s] running build
[1.521s] running build_py
[1.522s] copying dobot/joint_ptp_node.py -> /home/yasiru/Documents/dobot/milestone_4/mxen_ws/build/dobot/build/lib/dobot
[1.522s] copying dobot/dobot_client.py -> /home/yasiru/Documents/dobot/milestone_4/mxen_ws/build/dobot/build/lib/dobot
[1.523s] running install
[1.531s] running install_lib
[1.561s] copying /home/yasiru/Documents/dobot/milestone_4/mxen_ws/build/dobot/build/lib/dobot/joint_ptp_node.py -> /home/yasiru/Documents/dobot/milestone_4/mxen_ws/install/dobot/lib/python3.12/site-packages/dobot
[1.561s] copying /home/yasiru/Documents/dobot/milestone_4/mxen_ws/build/dobot/build/lib/dobot/dobot_client.py -> /home/yasiru/Documents/dobot/milestone_4/mxen_ws/install/dobot/lib/python3.12/site-packages/dobot
[1.562s] byte-compiling /home/yasiru/Documents/dobot/milestone_4/mxen_ws/install/dobot/lib/python3.12/site-packages/dobot/joint_ptp_node.py to joint_ptp_node.cpython-312.pyc
[1.564s] byte-compiling /home/yasiru/Documents/dobot/milestone_4/mxen_ws/install/dobot/lib/python3.12/site-packages/dobot/dobot_client.py to dobot_client.cpython-312.pyc
[1.566s] running install_data
[1.566s] running install_egg_info
[1.598s] removing '/home/yasiru/Documents/dobot/milestone_4/mxen_ws/install/dobot/lib/python3.12/site-packages/dobot-0.0.0-py3.12.egg-info' (and everything under it)
[1.598s] Copying ../../build/dobot/dobot.egg-info to /home/yasiru/Documents/dobot/milestone_4/mxen_ws/install/dobot/lib/python3.12/site-packages/dobot-0.0.0-py3.12.egg-info
[1.600s] running install_scripts
[1.784s] Installing homing_node script to /home/yasiru/Documents/dobot/milestone_4/mxen_ws/install/dobot/lib/dobot
[1.784s] Installing joint_ptp_node script to /home/yasiru/Documents/dobot/milestone_4/mxen_ws/install/dobot/lib/dobot
[1.784s] Installing joint_state_node script to /home/yasiru/Documents/dobot/milestone_4/mxen_ws/install/dobot/lib/dobot
[1.784s] Installing suction_cup_node script to /home/yasiru/Documents/dobot/milestone_4/mxen_ws/install/dobot/lib/dobot
[1.785s] writing list of installed files to '/home/yasiru/Documents/dobot/milestone_4/mxen_ws/build/dobot/install.log'
[1.817s] Invoked command in '/home/yasiru/Documents/dobot/milestone_4/mxen_ws/src/dobot' returned '0': AMENT_PREFIX_PATH=/home/yasiru/Documents/dobot/milestone_4/mxen_ws/install/dobot_interface:${AMENT_PREFIX_PATH} CMAKE_PREFIX_PATH=/home/yasiru/Documents/dobot/milestone_4/mxen_ws/install/dobot_interface:${CMAKE_PREFIX_PATH} DEBUGINFOD_URLS=https://debuginfod.ubuntu.com LD_LIBRARY_PATH=/home/yasiru/Documents/dobot/milestone_4/mxen_ws/install/dobot_interface/lib:${LD_LIBRARY_PATH} PS1=\[\e]0;\u@\h: \w\a\]${debian_chroot:+($debian_chroot)}\[\033[01;32m\]\u@\h\[\033[00m\]:\[\033[01;34m\]\w\[\033[00m\]\$ PYTHONPATH=/home/yasiru/Documents/dobot/milestone_4/mxen_ws/build/dobot/prefix_override:/usr/lib/python3/dist-packages/colcon_core/task/python/colcon_distutils_commands:/home/yasiru/Documents/dobot/milestone_4/mxen_ws/install/dobot/lib/python3.12/site-packages:/home/yasiru/Documents/dobot/milestone_4/mxen_ws/install/dobot_interface/lib/python3.12/site-packages:${PYTHONPATH} VIRTUAL_ENV_PROMPT=(venv-ardupilot) /usr/bin/python3 -W ignore:setup.py install is deprecated -W ignore:easy_install command is deprecated setup.py egg_info --egg-base ../../build/dobot build --build-base /home/yasiru/Documents/dobot/milestone_4/mxen_ws/build/dobot/build install --record /home/yasiru/Documents/dobot/milestone_4/mxen_ws/build/dobot/install.log --single-version-externally-managed install_data
