[0.285s] Invoking command in '/home/yasiru/Documents/dobot/milestone_4/mxen_ws/build/dobot_interface': CMAKE_PREFIX_PATH=${CMAKE_PREFIX_PATH}:/home/yasiru/Documents/dobot/milestone_4/mxen_ws/install/dobot:/opt/ros/kilted DEBUGINFOD_URLS=https://debuginfod.ubuntu.com PS1=\[\e]0;\u@\h: \w\a\]${debian_chroot:+($debian_chroot)}\[\033[01;32m\]\u@\h\[\033[00m\]:\[\033[01;34m\]\w\[\033[00m\]\$ VIRTUAL_ENV_PROMPT=(venv-ardupilot) /usr/bin/cmake --build /home/yasiru/Documents/dobot/milestone_4/mxen_ws/build/dobot_interface -- -j8 -l8
[0.342s] [  2%] Built target dobot_interface__rosidl_generator_type_description
[0.355s] [  2%] Built target ament_cmake_python_copy_dobot_interface
[0.368s] [  5%] Built target dobot_interface__cpp
[0.374s] [ 20%] Built target dobot_interface__rosidl_generator_c
[0.417s] [ 38%] Built target dobot_interface__rosidl_typesupport_fastrtps_c
[0.417s] [ 38%] Built target dobot_interface__rosidl_typesupport_introspection_c
[0.420s] [ 47%] Built target dobot_interface__rosidl_typesupport_c
[0.430s] [ 73%] Built target dobot_interface__rosidl_typesupport_cpp
[0.430s] [ 73%] Built target dobot_interface__rosidl_typesupport_introspection_cpp
[0.430s] [ 73%] Built target dobot_interface__rosidl_typesupport_fastrtps_cpp
[0.455s] [ 73%] Built target dobot_interface
[0.481s] [ 76%] Built target dobot_interface__py
[0.512s] [ 82%] Built target dobot_interface__rosidl_generator_py
[0.540s] [ 88%] Built target dobot_interface_s__rosidl_typesupport_introspection_c
[0.542s] [ 94%] Built target dobot_interface_s__rosidl_typesupport_fastrtps_c
[0.546s] [100%] Built target dobot_interface_s__rosidl_typesupport_c
[0.739s] running egg_info
[0.772s] writing dobot_interface.egg-info/PKG-INFO
[0.773s] writing dependency_links to dobot_interface.egg-info/dependency_links.txt
[0.773s] writing top-level names to dobot_interface.egg-info/top_level.txt
[0.882s] reading manifest file 'dobot_interface.egg-info/SOURCES.txt'
[0.883s] writing manifest file 'dobot_interface.egg-info/SOURCES.txt'
[0.922s] [100%] Built target ament_cmake_python_build_dobot_interface_egg
[0.935s] Invoked command in '/home/yasiru/Documents/dobot/milestone_4/mxen_ws/build/dobot_interface' returned '0': CMAKE_PREFIX_PATH=${CMAKE_PREFIX_PATH}:/home/yasiru/Documents/dobot/milestone_4/mxen_ws/install/dobot:/opt/ros/kilted DEBUGINFOD_URLS=https://debuginfod.ubuntu.com PS1=\[\e]0;\u@\h: \w\a\]${debian_chroot:+($debian_chroot)}\[\033[01;32m\]\u@\h\[\033[00m\]:\[\033[01;34m\]\w\[\033[00m\]\$ VIRTUAL_ENV_PROMPT=(venv-ardupilot) /usr/bin/cmake --build /home/yasiru/Documents/dobot/milestone_4/mxen_ws/build/dobot_interface -- -j8 -l8
[0.949s] Invoking command in '/home/yasiru/Documents/dobot/milestone_4/mxen_ws/build/dobot_interface': CMAKE_PREFIX_PATH=${CMAKE_PREFIX_PATH}:/home/yasiru/Documents/dobot/milestone_4/mxen_ws/install/dobot:/opt/ros/kilted DEBUGINFOD_URLS=https://debuginfod.ubuntu.com PS1=\[\e]0;\u@\h: \w\a\]${debian_chroot:+($debian_chroot)}\[\033[01;32m\]\u@\h\[\033[00m\]:\[\033[01;34m\]\w\[\033[00m\]\$ VIRTUAL_ENV_PROMPT=(venv-ardupilot) /usr/bin/cmake --install /home/yasiru/Documents/dobot/milestone_4/mxen_ws/build/dobot_interface
[0.961s] -- Install configuration: ""
[0.962s] -- Up-to-date: /home/yasiru/Documents/dobot/milestone_4/mxen_ws/install/dobot_interface/share/ament_index/resource_index/rosidl_interfaces/dobot_interface
[0.962s] -- Up-to-date: /home/yasiru/Documents/dobot/milestone_4/mxen_ws/install/dobot_interface/share/dobot_interface/action/JointPTP.json
[0.963s] -- Up-to-date: /home/yasiru/Documents/dobot/milestone_4/mxen_ws/install/dobot_interface/include/dobot_interface/dobot_interface
[0.963s] -- Up-to-date: /home/yasiru/Documents/dobot/milestone_4/mxen_ws/install/dobot_interface/include/dobot_interface/dobot_interface/msg
[0.963s] -- Up-to-date: /home/yasiru/Documents/dobot/milestone_4/mxen_ws/install/dobot_interface/include/dobot_interface/dobot_interface/msg/rosidl_generator_c__visibility_control.h
[0.963s] -- Up-to-date: /home/yasiru/Documents/dobot/milestone_4/mxen_ws/install/dobot_interface/include/dobot_interface/dobot_interface/action
[0.963s] -- Up-to-date: /home/yasiru/Documents/dobot/milestone_4/mxen_ws/install/dobot_interface/include/dobot_interface/dobot_interface/action/detail
[0.963s] -- Up-to-date: /home/yasiru/Documents/dobot/milestone_4/mxen_ws/install/dobot_interface/include/dobot_interface/dobot_interface/action/detail/joint_ptp__description.c
[0.963s] -- Up-to-date: /home/yasiru/Documents/dobot/milestone_4/mxen_ws/install/dobot_interface/include/dobot_interface/dobot_interface/action/detail/joint_ptp__type_support.h
[0.963s] -- Up-to-date: /home/yasiru/Documents/dobot/milestone_4/mxen_ws/install/dobot_interface/include/dobot_interface/dobot_interface/action/detail/joint_ptp__functions.c
[0.963s] -- Up-to-date: /home/yasiru/Documents/dobot/milestone_4/mxen_ws/install/dobot_interface/include/dobot_interface/dobot_interface/action/detail/joint_ptp__functions.h
[0.964s] -- Up-to-date: /home/yasiru/Documents/dobot/milestone_4/mxen_ws/install/dobot_interface/include/dobot_interface/dobot_interface/action/detail/joint_ptp__type_support.c
[0.964s] -- Up-to-date: /home/yasiru/Documents/dobot/milestone_4/mxen_ws/install/dobot_interface/include/dobot_interface/dobot_interface/action/detail/joint_ptp__struct.h
[0.964s] -- Up-to-date: /home/yasiru/Documents/dobot/milestone_4/mxen_ws/install/dobot_interface/include/dobot_interface/dobot_interface/action/joint_ptp.h
[0.965s] -- Up-to-date: /home/yasiru/Documents/dobot/milestone_4/mxen_ws/install/dobot_interface/share/dobot_interface/environment/library_path.sh
[0.965s] -- Up-to-date: /home/yasiru/Documents/dobot/milestone_4/mxen_ws/install/dobot_interface/share/dobot_interface/environment/library_path.dsv
[0.965s] -- Up-to-date: /home/yasiru/Documents/dobot/milestone_4/mxen_ws/install/dobot_interface/lib/libdobot_interface__rosidl_generator_c.so
[0.965s] -- Up-to-date: /home/yasiru/Documents/dobot/milestone_4/mxen_ws/install/dobot_interface/include/dobot_interface/dobot_interface
[0.965s] -- Up-to-date: /home/yasiru/Documents/dobot/milestone_4/mxen_ws/install/dobot_interface/include/dobot_interface/dobot_interface/msg
[0.965s] -- Up-to-date: /home/yasiru/Documents/dobot/milestone_4/mxen_ws/install/dobot_interface/include/dobot_interface/dobot_interface/msg/rosidl_typesupport_fastrtps_c__visibility_control.h
[0.966s] -- Up-to-date: /home/yasiru/Documents/dobot/milestone_4/mxen_ws/install/dobot_interface/include/dobot_interface/dobot_interface/action
[0.966s] -- Up-to-date: /home/yasiru/Documents/dobot/milestone_4/mxen_ws/install/dobot_interface/include/dobot_interface/dobot_interface/action/detail
[0.966s] -- Up-to-date: /home/yasiru/Documents/dobot/milestone_4/mxen_ws/install/dobot_interface/include/dobot_interface/dobot_interface/action/detail/joint_ptp__rosidl_typesupport_fastrtps_c.h
[0.966s] -- Up-to-date: /home/yasiru/Documents/dobot/milestone_4/mxen_ws/install/dobot_interface/lib/libdobot_interface__rosidl_typesupport_fastrtps_c.so
[0.966s] -- Up-to-date: /home/yasiru/Documents/dobot/milestone_4/mxen_ws/install/dobot_interface/include/dobot_interface/dobot_interface
[0.966s] -- Up-to-date: /home/yasiru/Documents/dobot/milestone_4/mxen_ws/install/dobot_interface/include/dobot_interface/dobot_interface/msg
[0.966s] -- Up-to-date: /home/yasiru/Documents/dobot/milestone_4/mxen_ws/install/dobot_interface/include/dobot_interface/dobot_interface/msg/rosidl_typesupport_introspection_c__visibility_control.h
[0.966s] -- Up-to-date: /home/yasiru/Documents/dobot/milestone_4/mxen_ws/install/dobot_interface/include/dobot_interface/dobot_interface/action
[0.966s] -- Up-to-date: /home/yasiru/Documents/dobot/milestone_4/mxen_ws/install/dobot_interface/include/dobot_interface/dobot_interface/action/detail
[0.966s] -- Up-to-date: /home/yasiru/Documents/dobot/milestone_4/mxen_ws/install/dobot_interface/include/dobot_interface/dobot_interface/action/detail/joint_ptp__rosidl_typesupport_introspection_c.h
[0.967s] -- Up-to-date: /home/yasiru/Documents/dobot/milestone_4/mxen_ws/install/dobot_interface/include/dobot_interface/dobot_interface/action/detail/joint_ptp__type_support.c
[0.967s] -- Up-to-date: /home/yasiru/Documents/dobot/milestone_4/mxen_ws/install/dobot_interface/lib/libdobot_interface__rosidl_typesupport_introspection_c.so
[0.967s] -- Up-to-date: /home/yasiru/Documents/dobot/milestone_4/mxen_ws/install/dobot_interface/lib/libdobot_interface__rosidl_typesupport_c.so
[0.967s] -- Up-to-date: /home/yasiru/Documents/dobot/milestone_4/mxen_ws/install/dobot_interface/include/dobot_interface/dobot_interface
[0.967s] -- Up-to-date: /home/yasiru/Documents/dobot/milestone_4/mxen_ws/install/dobot_interface/include/dobot_interface/dobot_interface/msg
[0.967s] -- Up-to-date: /home/yasiru/Documents/dobot/milestone_4/mxen_ws/install/dobot_interface/include/dobot_interface/dobot_interface/msg/rosidl_generator_cpp__visibility_control.hpp
[0.967s] -- Up-to-date: /home/yasiru/Documents/dobot/milestone_4/mxen_ws/install/dobot_interface/include/dobot_interface/dobot_interface/action
[0.967s] -- Up-to-date: /home/yasiru/Documents/dobot/milestone_4/mxen_ws/install/dobot_interface/include/dobot_interface/dobot_interface/action/joint_ptp.hpp
[0.967s] -- Up-to-date: /home/yasiru/Documents/dobot/milestone_4/mxen_ws/install/dobot_interface/include/dobot_interface/dobot_interface/action/detail
[0.967s] -- Up-to-date: /home/yasiru/Documents/dobot/milestone_4/mxen_ws/install/dobot_interface/include/dobot_interface/dobot_interface/action/detail/joint_ptp__type_support.hpp
[0.967s] -- Up-to-date: /home/yasiru/Documents/dobot/milestone_4/mxen_ws/install/dobot_interface/include/dobot_interface/dobot_interface/action/detail/joint_ptp__traits.hpp
[0.967s] -- Up-to-date: /home/yasiru/Documents/dobot/milestone_4/mxen_ws/install/dobot_interface/include/dobot_interface/dobot_interface/action/detail/joint_ptp__builder.hpp
[0.968s] -- Up-to-date: /home/yasiru/Documents/dobot/milestone_4/mxen_ws/install/dobot_interface/include/dobot_interface/dobot_interface/action/detail/joint_ptp__struct.hpp
[0.968s] -- Up-to-date: /home/yasiru/Documents/dobot/milestone_4/mxen_ws/install/dobot_interface/include/dobot_interface/dobot_interface
[0.968s] -- Up-to-date: /home/yasiru/Documents/dobot/milestone_4/mxen_ws/install/dobot_interface/include/dobot_interface/dobot_interface/msg
[0.968s] -- Up-to-date: /home/yasiru/Documents/dobot/milestone_4/mxen_ws/install/dobot_interface/include/dobot_interface/dobot_interface/msg/rosidl_typesupport_fastrtps_cpp__visibility_control.h
[0.968s] -- Up-to-date: /home/yasiru/Documents/dobot/milestone_4/mxen_ws/install/dobot_interface/include/dobot_interface/dobot_interface/action
[0.968s] -- Up-to-date: /home/yasiru/Documents/dobot/milestone_4/mxen_ws/install/dobot_interface/include/dobot_interface/dobot_interface/action/detail
[0.968s] -- Up-to-date: /home/yasiru/Documents/dobot/milestone_4/mxen_ws/install/dobot_interface/include/dobot_interface/dobot_interface/action/detail/joint_ptp__rosidl_typesupport_fastrtps_cpp.hpp
[0.968s] -- Up-to-date: /home/yasiru/Documents/dobot/milestone_4/mxen_ws/install/dobot_interface/include/dobot_interface/dobot_interface/action/detail/dds_fastrtps
[0.968s] -- Up-to-date: /home/yasiru/Documents/dobot/milestone_4/mxen_ws/install/dobot_interface/lib/libdobot_interface__rosidl_typesupport_fastrtps_cpp.so
[0.968s] -- Up-to-date: /home/yasiru/Documents/dobot/milestone_4/mxen_ws/install/dobot_interface/include/dobot_interface/dobot_interface
[0.968s] -- Up-to-date: /home/yasiru/Documents/dobot/milestone_4/mxen_ws/install/dobot_interface/include/dobot_interface/dobot_interface/action
[0.968s] -- Up-to-date: /home/yasiru/Documents/dobot/milestone_4/mxen_ws/install/dobot_interface/include/dobot_interface/dobot_interface/action/detail
[0.968s] -- Up-to-date: /home/yasiru/Documents/dobot/milestone_4/mxen_ws/install/dobot_interface/include/dobot_interface/dobot_interface/action/detail/joint_ptp__rosidl_typesupport_introspection_cpp.hpp
[0.969s] -- Up-to-date: /home/yasiru/Documents/dobot/milestone_4/mxen_ws/install/dobot_interface/include/dobot_interface/dobot_interface/action/detail/joint_ptp__type_support.cpp
[0.969s] -- Up-to-date: /home/yasiru/Documents/dobot/milestone_4/mxen_ws/install/dobot_interface/lib/libdobot_interface__rosidl_typesupport_introspection_cpp.so
[0.969s] -- Up-to-date: /home/yasiru/Documents/dobot/milestone_4/mxen_ws/install/dobot_interface/lib/libdobot_interface__rosidl_typesupport_cpp.so
[0.969s] -- Up-to-date: /home/yasiru/Documents/dobot/milestone_4/mxen_ws/install/dobot_interface/share/dobot_interface/environment/pythonpath.sh
[0.969s] -- Up-to-date: /home/yasiru/Documents/dobot/milestone_4/mxen_ws/install/dobot_interface/share/dobot_interface/environment/pythonpath.dsv
[0.969s] -- Up-to-date: /home/yasiru/Documents/dobot/milestone_4/mxen_ws/install/dobot_interface/lib/python3.12/site-packages/dobot_interface-0.0.0-py3.12.egg-info
[0.969s] -- Installing: /home/yasiru/Documents/dobot/milestone_4/mxen_ws/install/dobot_interface/lib/python3.12/site-packages/dobot_interface-0.0.0-py3.12.egg-info/SOURCES.txt
[0.969s] -- Installing: /home/yasiru/Documents/dobot/milestone_4/mxen_ws/install/dobot_interface/lib/python3.12/site-packages/dobot_interface-0.0.0-py3.12.egg-info/dependency_links.txt
[0.969s] -- Installing: /home/yasiru/Documents/dobot/milestone_4/mxen_ws/install/dobot_interface/lib/python3.12/site-packages/dobot_interface-0.0.0-py3.12.egg-info/PKG-INFO
[0.969s] -- Installing: /home/yasiru/Documents/dobot/milestone_4/mxen_ws/install/dobot_interface/lib/python3.12/site-packages/dobot_interface-0.0.0-py3.12.egg-info/top_level.txt
[0.969s] -- Up-to-date: /home/yasiru/Documents/dobot/milestone_4/mxen_ws/install/dobot_interface/lib/python3.12/site-packages/dobot_interface
[0.969s] -- Up-to-date: /home/yasiru/Documents/dobot/milestone_4/mxen_ws/install/dobot_interface/lib/python3.12/site-packages/dobot_interface/dobot_interface_s__rosidl_typesupport_fastrtps_c.so
[0.969s] -- Up-to-date: /home/yasiru/Documents/dobot/milestone_4/mxen_ws/install/dobot_interface/lib/python3.12/site-packages/dobot_interface/_dobot_interface_s.ep.rosidl_typesupport_c.c
[0.970s] -- Up-to-date: /home/yasiru/Documents/dobot/milestone_4/mxen_ws/install/dobot_interface/lib/python3.12/site-packages/dobot_interface/_dobot_interface_s.ep.rosidl_typesupport_introspection_c.c
[0.970s] -- Up-to-date: /home/yasiru/Documents/dobot/milestone_4/mxen_ws/install/dobot_interface/lib/python3.12/site-packages/dobot_interface/__init__.py
[0.970s] -- Up-to-date: /home/yasiru/Documents/dobot/milestone_4/mxen_ws/install/dobot_interface/lib/python3.12/site-packages/dobot_interface/_dobot_interface_s.ep.rosidl_typesupport_fastrtps_c.c
[0.970s] -- Up-to-date: /home/yasiru/Documents/dobot/milestone_4/mxen_ws/install/dobot_interface/lib/python3.12/site-packages/dobot_interface/dobot_interface_s__rosidl_typesupport_c.so
[0.970s] -- Up-to-date: /home/yasiru/Documents/dobot/milestone_4/mxen_ws/install/dobot_interface/lib/python3.12/site-packages/dobot_interface/dobot_interface_s__rosidl_typesupport_introspection_c.so
[0.970s] -- Up-to-date: /home/yasiru/Documents/dobot/milestone_4/mxen_ws/install/dobot_interface/lib/python3.12/site-packages/dobot_interface/action
[0.970s] -- Up-to-date: /home/yasiru/Documents/dobot/milestone_4/mxen_ws/install/dobot_interface/lib/python3.12/site-packages/dobot_interface/action/__init__.py
[0.970s] -- Up-to-date: /home/yasiru/Documents/dobot/milestone_4/mxen_ws/install/dobot_interface/lib/python3.12/site-packages/dobot_interface/action/_joint_ptp_s.c
[0.971s] -- Up-to-date: /home/yasiru/Documents/dobot/milestone_4/mxen_ws/install/dobot_interface/lib/python3.12/site-packages/dobot_interface/action/_joint_ptp.py
[1.014s] Listing '/home/yasiru/Documents/dobot/milestone_4/mxen_ws/install/dobot_interface/lib/python3.12/site-packages/dobot_interface'...
[1.014s] Listing '/home/yasiru/Documents/dobot/milestone_4/mxen_ws/install/dobot_interface/lib/python3.12/site-packages/dobot_interface/action'...
[1.020s] -- Up-to-date: /home/yasiru/Documents/dobot/milestone_4/mxen_ws/install/dobot_interface/lib/python3.12/site-packages/dobot_interface/dobot_interface_s__rosidl_typesupport_fastrtps_c.so
[1.021s] -- Up-to-date: /home/yasiru/Documents/dobot/milestone_4/mxen_ws/install/dobot_interface/lib/python3.12/site-packages/dobot_interface/dobot_interface_s__rosidl_typesupport_introspection_c.so
[1.021s] -- Up-to-date: /home/yasiru/Documents/dobot/milestone_4/mxen_ws/install/dobot_interface/lib/python3.12/site-packages/dobot_interface/dobot_interface_s__rosidl_typesupport_c.so
[1.021s] -- Up-to-date: /home/yasiru/Documents/dobot/milestone_4/mxen_ws/install/dobot_interface/lib/libdobot_interface__rosidl_generator_py.so
[1.021s] -- Up-to-date: /home/yasiru/Documents/dobot/milestone_4/mxen_ws/install/dobot_interface/share/dobot_interface/action/JointPTP.idl
[1.022s] -- Up-to-date: /home/yasiru/Documents/dobot/milestone_4/mxen_ws/install/dobot_interface/share/dobot_interface/action/JointPTP.action
[1.022s] -- Up-to-date: /home/yasiru/Documents/dobot/milestone_4/mxen_ws/install/dobot_interface/share/ament_index/resource_index/package_run_dependencies/dobot_interface
[1.022s] -- Up-to-date: /home/yasiru/Documents/dobot/milestone_4/mxen_ws/install/dobot_interface/share/ament_index/resource_index/parent_prefix_path/dobot_interface
[1.022s] -- Up-to-date: /home/yasiru/Documents/dobot/milestone_4/mxen_ws/install/dobot_interface/share/dobot_interface/environment/ament_prefix_path.sh
[1.022s] -- Up-to-date: /home/yasiru/Documents/dobot/milestone_4/mxen_ws/install/dobot_interface/share/dobot_interface/environment/ament_prefix_path.dsv
[1.023s] -- Up-to-date: /home/yasiru/Documents/dobot/milestone_4/mxen_ws/install/dobot_interface/share/dobot_interface/environment/path.sh
[1.023s] -- Up-to-date: /home/yasiru/Documents/dobot/milestone_4/mxen_ws/install/dobot_interface/share/dobot_interface/environment/path.dsv
[1.023s] -- Up-to-date: /home/yasiru/Documents/dobot/milestone_4/mxen_ws/install/dobot_interface/share/dobot_interface/local_setup.bash
[1.023s] -- Up-to-date: /home/yasiru/Documents/dobot/milestone_4/mxen_ws/install/dobot_interface/share/dobot_interface/local_setup.sh
[1.023s] -- Up-to-date: /home/yasiru/Documents/dobot/milestone_4/mxen_ws/install/dobot_interface/share/dobot_interface/local_setup.zsh
[1.023s] -- Up-to-date: /home/yasiru/Documents/dobot/milestone_4/mxen_ws/install/dobot_interface/share/dobot_interface/local_setup.dsv
[1.024s] -- Installing: /home/yasiru/Documents/dobot/milestone_4/mxen_ws/install/dobot_interface/share/dobot_interface/package.dsv
[1.024s] -- Up-to-date: /home/yasiru/Documents/dobot/milestone_4/mxen_ws/install/dobot_interface/share/ament_index/resource_index/packages/dobot_interface
[1.024s] -- Up-to-date: /home/yasiru/Documents/dobot/milestone_4/mxen_ws/install/dobot_interface/share/dobot_interface/cmake/export_dobot_interface__rosidl_generator_cExport.cmake
[1.024s] -- Up-to-date: /home/yasiru/Documents/dobot/milestone_4/mxen_ws/install/dobot_interface/share/dobot_interface/cmake/export_dobot_interface__rosidl_generator_cExport-noconfig.cmake
[1.024s] -- Up-to-date: /home/yasiru/Documents/dobot/milestone_4/mxen_ws/install/dobot_interface/share/dobot_interface/cmake/export_dobot_interface__rosidl_typesupport_fastrtps_cExport.cmake
[1.025s] -- Up-to-date: /home/yasiru/Documents/dobot/milestone_4/mxen_ws/install/dobot_interface/share/dobot_interface/cmake/export_dobot_interface__rosidl_typesupport_fastrtps_cExport-noconfig.cmake
[1.025s] -- Up-to-date: /home/yasiru/Documents/dobot/milestone_4/mxen_ws/install/dobot_interface/share/dobot_interface/cmake/dobot_interface__rosidl_typesupport_introspection_cExport.cmake
[1.025s] -- Up-to-date: /home/yasiru/Documents/dobot/milestone_4/mxen_ws/install/dobot_interface/share/dobot_interface/cmake/dobot_interface__rosidl_typesupport_introspection_cExport-noconfig.cmake
[1.025s] -- Up-to-date: /home/yasiru/Documents/dobot/milestone_4/mxen_ws/install/dobot_interface/share/dobot_interface/cmake/dobot_interface__rosidl_typesupport_cExport.cmake
[1.025s] -- Up-to-date: /home/yasiru/Documents/dobot/milestone_4/mxen_ws/install/dobot_interface/share/dobot_interface/cmake/dobot_interface__rosidl_typesupport_cExport-noconfig.cmake
[1.025s] -- Up-to-date: /home/yasiru/Documents/dobot/milestone_4/mxen_ws/install/dobot_interface/share/dobot_interface/cmake/export_dobot_interface__rosidl_generator_cppExport.cmake
[1.026s] -- Up-to-date: /home/yasiru/Documents/dobot/milestone_4/mxen_ws/install/dobot_interface/share/dobot_interface/cmake/export_dobot_interface__rosidl_typesupport_fastrtps_cppExport.cmake
[1.026s] -- Up-to-date: /home/yasiru/Documents/dobot/milestone_4/mxen_ws/install/dobot_interface/share/dobot_interface/cmake/export_dobot_interface__rosidl_typesupport_fastrtps_cppExport-noconfig.cmake
[1.026s] -- Up-to-date: /home/yasiru/Documents/dobot/milestone_4/mxen_ws/install/dobot_interface/share/dobot_interface/cmake/dobot_interface__rosidl_typesupport_introspection_cppExport.cmake
[1.026s] -- Up-to-date: /home/yasiru/Documents/dobot/milestone_4/mxen_ws/install/dobot_interface/share/dobot_interface/cmake/dobot_interface__rosidl_typesupport_introspection_cppExport-noconfig.cmake
[1.026s] -- Up-to-date: /home/yasiru/Documents/dobot/milestone_4/mxen_ws/install/dobot_interface/share/dobot_interface/cmake/dobot_interface__rosidl_typesupport_cppExport.cmake
[1.026s] -- Up-to-date: /home/yasiru/Documents/dobot/milestone_4/mxen_ws/install/dobot_interface/share/dobot_interface/cmake/dobot_interface__rosidl_typesupport_cppExport-noconfig.cmake
[1.027s] -- Up-to-date: /home/yasiru/Documents/dobot/milestone_4/mxen_ws/install/dobot_interface/share/dobot_interface/cmake/export_dobot_interface__rosidl_generator_pyExport.cmake
[1.027s] -- Up-to-date: /home/yasiru/Documents/dobot/milestone_4/mxen_ws/install/dobot_interface/share/dobot_interface/cmake/export_dobot_interface__rosidl_generator_pyExport-noconfig.cmake
[1.028s] -- Up-to-date: /home/yasiru/Documents/dobot/milestone_4/mxen_ws/install/dobot_interface/share/dobot_interface/cmake/rosidl_cmake-extras.cmake
[1.028s] -- Up-to-date: /home/yasiru/Documents/dobot/milestone_4/mxen_ws/install/dobot_interface/share/dobot_interface/cmake/ament_cmake_export_dependencies-extras.cmake
[1.028s] -- Up-to-date: /home/yasiru/Documents/dobot/milestone_4/mxen_ws/install/dobot_interface/share/dobot_interface/cmake/ament_cmake_export_include_directories-extras.cmake
[1.029s] -- Up-to-date: /home/yasiru/Documents/dobot/milestone_4/mxen_ws/install/dobot_interface/share/dobot_interface/cmake/ament_cmake_export_libraries-extras.cmake
[1.029s] -- Up-to-date: /home/yasiru/Documents/dobot/milestone_4/mxen_ws/install/dobot_interface/share/dobot_interface/cmake/ament_cmake_export_targets-extras.cmake
[1.029s] -- Up-to-date: /home/yasiru/Documents/dobot/milestone_4/mxen_ws/install/dobot_interface/share/dobot_interface/cmake/rosidl_cmake_export_typesupport_targets-extras.cmake
[1.029s] -- Up-to-date: /home/yasiru/Documents/dobot/milestone_4/mxen_ws/install/dobot_interface/share/dobot_interface/cmake/rosidl_cmake_export_typesupport_libraries-extras.cmake
[1.029s] -- Up-to-date: /home/yasiru/Documents/dobot/milestone_4/mxen_ws/install/dobot_interface/share/dobot_interface/cmake/dobot_interfaceConfig.cmake
[1.030s] -- Up-to-date: /home/yasiru/Documents/dobot/milestone_4/mxen_ws/install/dobot_interface/share/dobot_interface/cmake/dobot_interfaceConfig-version.cmake
[1.030s] -- Up-to-date: /home/yasiru/Documents/dobot/milestone_4/mxen_ws/install/dobot_interface/share/dobot_interface/package.xml
[1.030s] Invoked command in '/home/yasiru/Documents/dobot/milestone_4/mxen_ws/build/dobot_interface' returned '0': CMAKE_PREFIX_PATH=${CMAKE_PREFIX_PATH}:/home/yasiru/Documents/dobot/milestone_4/mxen_ws/install/dobot:/opt/ros/kilted DEBUGINFOD_URLS=https://debuginfod.ubuntu.com PS1=\[\e]0;\u@\h: \w\a\]${debian_chroot:+($debian_chroot)}\[\033[01;32m\]\u@\h\[\033[00m\]:\[\033[01;34m\]\w\[\033[00m\]\$ VIRTUAL_ENV_PROMPT=(venv-ardupilot) /usr/bin/cmake --install /home/yasiru/Documents/dobot/milestone_4/mxen_ws/build/dobot_interface
