[0.134s] DEBUG:colcon:Command line arguments: ['/usr/bin/colcon', 'build']
[0.135s] DEBUG:colcon:Parsed command line arguments: Namespace(log_base=None, log_level=None, verb_name='build', build_base='build', install_base='install', merge_install=False, symlink_install=False, test_result_base=None, continue_on_error=False, executor='parallel', parallel_workers=8, event_handlers=None, ignore_user_meta=False, metas=['./colcon.meta'], base_paths=['.'], packages_ignore=None, packages_ignore_regex=None, paths=None, packages_up_to=None, packages_up_to_regex=None, packages_above=None, packages_above_and_dependencies=None, packages_above_depth=None, packages_select_by_dep=None, packages_skip_by_dep=None, packages_skip_up_to=None, packages_select_build_failed=False, packages_skip_build_finished=False, packages_select_test_failures=False, packages_skip_test_passed=False, packages_select=None, packages_skip=None, packages_select_regex=None, packages_skip_regex=None, packages_start=None, packages_end=None, allow_overriding=[], cmake_args=None, cmake_target=None, cmake_target_skip_unavailable=False, cmake_clean_cache=False, cmake_clean_first=False, cmake_force_configure=False, ament_cmake_args=None, catkin_cmake_args=None, catkin_skip_building_tests=False, mixin_files=None, mixin=None, verb_parser=<colcon_mixin.mixin.mixin_argument.MixinArgumentDecorator object at 0x7630b83bfd40>, verb_extension=<colcon_core.verb.build.BuildVerb object at 0x7630b83bf950>, main=<bound method BuildVerb.main of <colcon_core.verb.build.BuildVerb object at 0x7630b83bf950>>, mixin_verb=('build',))
[0.181s] Level 1:colcon.colcon_core.package_discovery:discover_packages(colcon_meta) check parameters
[0.181s] Level 1:colcon.colcon_core.package_discovery:discover_packages(recursive) check parameters
[0.181s] Level 1:colcon.colcon_core.package_discovery:discover_packages(ignore) check parameters
[0.181s] Level 1:colcon.colcon_core.package_discovery:discover_packages(path) check parameters
[0.181s] Level 1:colcon.colcon_core.package_discovery:discover_packages(colcon_meta) discover
[0.181s] Level 1:colcon.colcon_core.package_discovery:discover_packages(recursive) discover
[0.181s] INFO:colcon.colcon_core.package_discovery:Crawling recursively for packages in '/home/yasiru/Documents/dobot/milestone_4/mxen_ws'
[0.181s] Level 1:colcon.colcon_core.package_identification:_identify(.) by extensions ['ignore', 'ignore_ament_install']
[0.181s] Level 1:colcon.colcon_core.package_identification:_identify(.) by extension 'ignore'
[0.181s] Level 1:colcon.colcon_core.package_identification:_identify(.) by extension 'ignore_ament_install'
[0.182s] Level 1:colcon.colcon_core.package_identification:_identify(.) by extensions ['colcon_pkg']
[0.182s] Level 1:colcon.colcon_core.package_identification:_identify(.) by extension 'colcon_pkg'
[0.182s] Level 1:colcon.colcon_core.package_identification:_identify(.) by extensions ['colcon_meta']
[0.182s] Level 1:colcon.colcon_core.package_identification:_identify(.) by extension 'colcon_meta'
[0.182s] Level 1:colcon.colcon_core.package_identification:_identify(.) by extensions ['ros']
[0.182s] Level 1:colcon.colcon_core.package_identification:_identify(.) by extension 'ros'
[0.209s] Level 1:colcon.colcon_core.package_identification:_identify(.) by extensions ['cmake', 'python']
[0.209s] Level 1:colcon.colcon_core.package_identification:_identify(.) by extension 'cmake'
[0.209s] Level 1:colcon.colcon_core.package_identification:_identify(.) by extension 'python'
[0.209s] Level 1:colcon.colcon_core.package_identification:_identify(.) by extensions ['python_setup_py']
[0.209s] Level 1:colcon.colcon_core.package_identification:_identify(.) by extension 'python_setup_py'
[0.209s] Level 1:colcon.colcon_core.package_identification:_identify(build) by extensions ['ignore', 'ignore_ament_install']
[0.209s] Level 1:colcon.colcon_core.package_identification:_identify(build) by extension 'ignore'
[0.209s] Level 1:colcon.colcon_core.package_identification:_identify(build) ignored
[0.209s] Level 1:colcon.colcon_core.package_identification:_identify(install) by extensions ['ignore', 'ignore_ament_install']
[0.209s] Level 1:colcon.colcon_core.package_identification:_identify(install) by extension 'ignore'
[0.210s] Level 1:colcon.colcon_core.package_identification:_identify(install) ignored
[0.210s] Level 1:colcon.colcon_core.package_identification:_identify(log) by extensions ['ignore', 'ignore_ament_install']
[0.210s] Level 1:colcon.colcon_core.package_identification:_identify(log) by extension 'ignore'
[0.210s] Level 1:colcon.colcon_core.package_identification:_identify(log) ignored
[0.210s] Level 1:colcon.colcon_core.package_identification:_identify(src) by extensions ['ignore', 'ignore_ament_install']
[0.210s] Level 1:colcon.colcon_core.package_identification:_identify(src) by extension 'ignore'
[0.210s] Level 1:colcon.colcon_core.package_identification:_identify(src) by extension 'ignore_ament_install'
[0.210s] Level 1:colcon.colcon_core.package_identification:_identify(src) by extensions ['colcon_pkg']
[0.210s] Level 1:colcon.colcon_core.package_identification:_identify(src) by extension 'colcon_pkg'
[0.210s] Level 1:colcon.colcon_core.package_identification:_identify(src) by extensions ['colcon_meta']
[0.210s] Level 1:colcon.colcon_core.package_identification:_identify(src) by extension 'colcon_meta'
[0.210s] Level 1:colcon.colcon_core.package_identification:_identify(src) by extensions ['ros']
[0.210s] Level 1:colcon.colcon_core.package_identification:_identify(src) by extension 'ros'
[0.211s] Level 1:colcon.colcon_core.package_identification:_identify(src) by extensions ['cmake', 'python']
[0.211s] Level 1:colcon.colcon_core.package_identification:_identify(src) by extension 'cmake'
[0.211s] Level 1:colcon.colcon_core.package_identification:_identify(src) by extension 'python'
[0.211s] Level 1:colcon.colcon_core.package_identification:_identify(src) by extensions ['python_setup_py']
[0.211s] Level 1:colcon.colcon_core.package_identification:_identify(src) by extension 'python_setup_py'
[0.211s] Level 1:colcon.colcon_core.package_identification:_identify(src/dobot) by extensions ['ignore', 'ignore_ament_install']
[0.211s] Level 1:colcon.colcon_core.package_identification:_identify(src/dobot) by extension 'ignore'
[0.211s] Level 1:colcon.colcon_core.package_identification:_identify(src/dobot) by extension 'ignore_ament_install'
[0.211s] Level 1:colcon.colcon_core.package_identification:_identify(src/dobot) by extensions ['colcon_pkg']
[0.211s] Level 1:colcon.colcon_core.package_identification:_identify(src/dobot) by extension 'colcon_pkg'
[0.211s] Level 1:colcon.colcon_core.package_identification:_identify(src/dobot) by extensions ['colcon_meta']
[0.211s] Level 1:colcon.colcon_core.package_identification:_identify(src/dobot) by extension 'colcon_meta'
[0.211s] Level 1:colcon.colcon_core.package_identification:_identify(src/dobot) by extensions ['ros']
[0.211s] Level 1:colcon.colcon_core.package_identification:_identify(src/dobot) by extension 'ros'
[0.215s] DEBUG:colcon.colcon_core.package_identification:Package 'src/dobot' with type 'ros.ament_python' and name 'dobot'
[0.215s] Level 1:colcon.colcon_core.package_identification:_identify(src/dobot_interface) by extensions ['ignore', 'ignore_ament_install']
[0.215s] Level 1:colcon.colcon_core.package_identification:_identify(src/dobot_interface) by extension 'ignore'
[0.215s] Level 1:colcon.colcon_core.package_identification:_identify(src/dobot_interface) by extension 'ignore_ament_install'
[0.215s] Level 1:colcon.colcon_core.package_identification:_identify(src/dobot_interface) by extensions ['colcon_pkg']
[0.215s] Level 1:colcon.colcon_core.package_identification:_identify(src/dobot_interface) by extension 'colcon_pkg'
[0.215s] Level 1:colcon.colcon_core.package_identification:_identify(src/dobot_interface) by extensions ['colcon_meta']
[0.215s] Level 1:colcon.colcon_core.package_identification:_identify(src/dobot_interface) by extension 'colcon_meta'
[0.215s] Level 1:colcon.colcon_core.package_identification:_identify(src/dobot_interface) by extensions ['ros']
[0.215s] Level 1:colcon.colcon_core.package_identification:_identify(src/dobot_interface) by extension 'ros'
[0.216s] DEBUG:colcon.colcon_core.package_identification:Package 'src/dobot_interface' with type 'ros.ament_cmake' and name 'dobot_interface'
[0.216s] Level 1:colcon.colcon_core.package_discovery:discover_packages(recursive) using defaults
[0.216s] Level 1:colcon.colcon_core.package_discovery:discover_packages(ignore) discover
[0.216s] Level 1:colcon.colcon_core.package_discovery:discover_packages(ignore) using defaults
[0.216s] Level 1:colcon.colcon_core.package_discovery:discover_packages(path) discover
[0.216s] Level 1:colcon.colcon_core.package_discovery:discover_packages(path) using defaults
[0.238s] Level 1:colcon.colcon_core.package_discovery:discover_packages(prefix_path) check parameters
[0.238s] Level 1:colcon.colcon_core.package_discovery:discover_packages(prefix_path) discover
[0.241s] DEBUG:colcon.colcon_installed_package_information.package_discovery:Found 2 installed packages in /home/yasiru/Documents/dobot/milestone_4/mxen_ws/install
[0.243s] DEBUG:colcon.colcon_installed_package_information.package_discovery:Found 415 installed packages in /opt/ros/kilted
[0.245s] Level 1:colcon.colcon_core.package_discovery:discover_packages(prefix_path) using defaults
[0.296s] Level 5:colcon.colcon_core.verb:set package 'dobot' build argument 'cmake_args' from command line to 'None'
[0.296s] Level 5:colcon.colcon_core.verb:set package 'dobot' build argument 'cmake_target' from command line to 'None'
[0.296s] Level 5:colcon.colcon_core.verb:set package 'dobot' build argument 'cmake_target_skip_unavailable' from command line to 'False'
[0.297s] Level 5:colcon.colcon_core.verb:set package 'dobot' build argument 'cmake_clean_cache' from command line to 'False'
[0.297s] Level 5:colcon.colcon_core.verb:set package 'dobot' build argument 'cmake_clean_first' from command line to 'False'
[0.297s] Level 5:colcon.colcon_core.verb:set package 'dobot' build argument 'cmake_force_configure' from command line to 'False'
[0.297s] Level 5:colcon.colcon_core.verb:set package 'dobot' build argument 'ament_cmake_args' from command line to 'None'
[0.297s] Level 5:colcon.colcon_core.verb:set package 'dobot' build argument 'catkin_cmake_args' from command line to 'None'
[0.297s] Level 5:colcon.colcon_core.verb:set package 'dobot' build argument 'catkin_skip_building_tests' from command line to 'False'
[0.297s] DEBUG:colcon.colcon_core.verb:Building package 'dobot' with the following arguments: {'ament_cmake_args': None, 'build_base': '/home/yasiru/Documents/dobot/milestone_4/mxen_ws/build/dobot', 'catkin_cmake_args': None, 'catkin_skip_building_tests': False, 'cmake_args': None, 'cmake_clean_cache': False, 'cmake_clean_first': False, 'cmake_force_configure': False, 'cmake_target': None, 'cmake_target_skip_unavailable': False, 'install_base': '/home/yasiru/Documents/dobot/milestone_4/mxen_ws/install/dobot', 'merge_install': False, 'path': '/home/yasiru/Documents/dobot/milestone_4/mxen_ws/src/dobot', 'symlink_install': False, 'test_result_base': None}
[0.297s] Level 5:colcon.colcon_core.verb:set package 'dobot_interface' build argument 'cmake_args' from command line to 'None'
[0.297s] Level 5:colcon.colcon_core.verb:set package 'dobot_interface' build argument 'cmake_target' from command line to 'None'
[0.297s] Level 5:colcon.colcon_core.verb:set package 'dobot_interface' build argument 'cmake_target_skip_unavailable' from command line to 'False'
[0.297s] Level 5:colcon.colcon_core.verb:set package 'dobot_interface' build argument 'cmake_clean_cache' from command line to 'False'
[0.297s] Level 5:colcon.colcon_core.verb:set package 'dobot_interface' build argument 'cmake_clean_first' from command line to 'False'
[0.297s] Level 5:colcon.colcon_core.verb:set package 'dobot_interface' build argument 'cmake_force_configure' from command line to 'False'
[0.297s] Level 5:colcon.colcon_core.verb:set package 'dobot_interface' build argument 'ament_cmake_args' from command line to 'None'
[0.297s] Level 5:colcon.colcon_core.verb:set package 'dobot_interface' build argument 'catkin_cmake_args' from command line to 'None'
[0.297s] Level 5:colcon.colcon_core.verb:set package 'dobot_interface' build argument 'catkin_skip_building_tests' from command line to 'False'
[0.298s] DEBUG:colcon.colcon_core.verb:Building package 'dobot_interface' with the following arguments: {'ament_cmake_args': None, 'build_base': '/home/yasiru/Documents/dobot/milestone_4/mxen_ws/build/dobot_interface', 'catkin_cmake_args': None, 'catkin_skip_building_tests': False, 'cmake_args': None, 'cmake_clean_cache': False, 'cmake_clean_first': False, 'cmake_force_configure': False, 'cmake_target': None, 'cmake_target_skip_unavailable': False, 'install_base': '/home/yasiru/Documents/dobot/milestone_4/mxen_ws/install/dobot_interface', 'merge_install': False, 'path': '/home/yasiru/Documents/dobot/milestone_4/mxen_ws/src/dobot_interface', 'symlink_install': False, 'test_result_base': None}
[0.298s] INFO:colcon.colcon_core.executor:Executing jobs using 'parallel' executor
[0.298s] DEBUG:colcon.colcon_parallel_executor.executor.parallel:run_until_complete
[0.299s] INFO:colcon.colcon_ros.task.ament_python.build:Building ROS package in '/home/yasiru/Documents/dobot/milestone_4/mxen_ws/src/dobot' with build type 'ament_python'
[0.299s] Level 1:colcon.colcon_core.shell:create_environment_hook('dobot', 'ament_prefix_path')
[0.302s] INFO:colcon.colcon_core.plugin_system:Skipping extension 'colcon_core.shell.bat': Not used on non-Windows systems
[0.303s] INFO:colcon.colcon_core.shell:Creating environment hook '/home/yasiru/Documents/dobot/milestone_4/mxen_ws/install/dobot/share/dobot/hook/ament_prefix_path.ps1'
[0.304s] INFO:colcon.colcon_core.shell:Creating environment descriptor '/home/yasiru/Documents/dobot/milestone_4/mxen_ws/install/dobot/share/dobot/hook/ament_prefix_path.dsv'
[0.304s] INFO:colcon.colcon_core.shell:Creating environment hook '/home/yasiru/Documents/dobot/milestone_4/mxen_ws/install/dobot/share/dobot/hook/ament_prefix_path.sh'
[0.306s] INFO:colcon.colcon_core.shell:Skip shell extension 'powershell' for command environment: Not usable outside of PowerShell
[0.306s] DEBUG:colcon.colcon_core.shell:Skip shell extension 'dsv' for command environment
[0.310s] INFO:colcon.colcon_ros.task.ament_cmake.build:Building ROS package in '/home/yasiru/Documents/dobot/milestone_4/mxen_ws/src/dobot_interface' with build type 'ament_cmake'
[0.310s] INFO:colcon.colcon_cmake.task.cmake.build:Building CMake package in '/home/yasiru/Documents/dobot/milestone_4/mxen_ws/src/dobot_interface'
[0.310s] INFO:colcon.colcon_core.shell:Skip shell extension 'powershell' for command environment: Not usable outside of PowerShell
[0.310s] DEBUG:colcon.colcon_core.shell:Skip shell extension 'dsv' for command environment
[0.575s] INFO:colcon.colcon_core.task.python.build:Building Python package in '/home/yasiru/Documents/dobot/milestone_4/mxen_ws/src/dobot'
[0.576s] INFO:colcon.colcon_core.shell:Skip shell extension 'powershell' for command environment: Not usable outside of PowerShell
[0.576s] DEBUG:colcon.colcon_core.shell:Skip shell extension 'dsv' for command environment
[0.582s] DEBUG:colcon.colcon_core.event_handler.log_command:Invoking command in '/home/yasiru/Documents/dobot/milestone_4/mxen_ws/build/dobot_interface': CMAKE_PREFIX_PATH=${CMAKE_PREFIX_PATH}:/home/yasiru/Documents/dobot/milestone_4/mxen_ws/install/dobot:/opt/ros/kilted DEBUGINFOD_URLS=https://debuginfod.ubuntu.com PS1=\[\e]0;\u@\h: \w\a\]${debian_chroot:+($debian_chroot)}\[\033[01;32m\]\u@\h\[\033[00m\]:\[\033[01;34m\]\w\[\033[00m\]\$ VIRTUAL_ENV_PROMPT=(venv-ardupilot) /usr/bin/cmake --build /home/yasiru/Documents/dobot/milestone_4/mxen_ws/build/dobot_interface -- -j8 -l8
[1.549s] DEBUG:colcon.colcon_core.event_handler.log_command:Invoking command in '/home/yasiru/Documents/dobot/milestone_4/mxen_ws/src/dobot': DEBUGINFOD_URLS=https://debuginfod.ubuntu.com PS1=\[\e]0;\u@\h: \w\a\]${debian_chroot:+($debian_chroot)}\[\033[01;32m\]\u@\h\[\033[00m\]:\[\033[01;34m\]\w\[\033[00m\]\$ PYTHONPATH=/home/yasiru/Documents/dobot/milestone_4/mxen_ws/build/dobot/prefix_override:/usr/lib/python3/dist-packages/colcon_core/task/python/colcon_distutils_commands:/home/yasiru/Documents/dobot/milestone_4/mxen_ws/install/dobot/lib/python3.12/site-packages:${PYTHONPATH} VIRTUAL_ENV_PROMPT=(venv-ardupilot) /usr/bin/python3 -W ignore:setup.py install is deprecated -W ignore:easy_install command is deprecated setup.py egg_info --egg-base ../../build/dobot build --build-base /home/yasiru/Documents/dobot/milestone_4/mxen_ws/build/dobot/build install --record /home/yasiru/Documents/dobot/milestone_4/mxen_ws/build/dobot/install.log --single-version-externally-managed install_data
[2.601s] DEBUG:colcon.colcon_core.event_handler.log_command:Invoked command in '/home/yasiru/Documents/dobot/milestone_4/mxen_ws/src/dobot' returned '0': DEBUGINFOD_URLS=https://debuginfod.ubuntu.com PS1=\[\e]0;\u@\h: \w\a\]${debian_chroot:+($debian_chroot)}\[\033[01;32m\]\u@\h\[\033[00m\]:\[\033[01;34m\]\w\[\033[00m\]\$ PYTHONPATH=/home/yasiru/Documents/dobot/milestone_4/mxen_ws/build/dobot/prefix_override:/usr/lib/python3/dist-packages/colcon_core/task/python/colcon_distutils_commands:/home/yasiru/Documents/dobot/milestone_4/mxen_ws/install/dobot/lib/python3.12/site-packages:${PYTHONPATH} VIRTUAL_ENV_PROMPT=(venv-ardupilot) /usr/bin/python3 -W ignore:setup.py install is deprecated -W ignore:easy_install command is deprecated setup.py egg_info --egg-base ../../build/dobot build --build-base /home/yasiru/Documents/dobot/milestone_4/mxen_ws/build/dobot/build install --record /home/yasiru/Documents/dobot/milestone_4/mxen_ws/build/dobot/install.log --single-version-externally-managed install_data
[2.606s] Level 1:colcon.colcon_core.environment:checking '/home/yasiru/Documents/dobot/milestone_4/mxen_ws/install/dobot' for CMake module files
[2.607s] Level 1:colcon.colcon_core.environment:checking '/home/yasiru/Documents/dobot/milestone_4/mxen_ws/install/dobot' for CMake config files
[2.608s] Level 1:colcon.colcon_core.environment:checking '/home/yasiru/Documents/dobot/milestone_4/mxen_ws/install/dobot/lib'
[2.609s] Level 1:colcon.colcon_core.environment:checking '/home/yasiru/Documents/dobot/milestone_4/mxen_ws/install/dobot/bin'
[2.609s] Level 1:colcon.colcon_core.environment:checking '/home/yasiru/Documents/dobot/milestone_4/mxen_ws/install/dobot/lib/pkgconfig/dobot.pc'
[2.609s] Level 1:colcon.colcon_core.environment:checking '/home/yasiru/Documents/dobot/milestone_4/mxen_ws/install/dobot/lib/python3.12/site-packages'
[2.609s] Level 1:colcon.colcon_core.shell:create_environment_hook('dobot', 'pythonpath')
[2.610s] INFO:colcon.colcon_core.shell:Creating environment hook '/home/yasiru/Documents/dobot/milestone_4/mxen_ws/install/dobot/share/dobot/hook/pythonpath.ps1'
[2.610s] INFO:colcon.colcon_core.shell:Creating environment descriptor '/home/yasiru/Documents/dobot/milestone_4/mxen_ws/install/dobot/share/dobot/hook/pythonpath.dsv'
[2.611s] INFO:colcon.colcon_core.shell:Creating environment hook '/home/yasiru/Documents/dobot/milestone_4/mxen_ws/install/dobot/share/dobot/hook/pythonpath.sh'
[2.612s] Level 1:colcon.colcon_core.environment:checking '/home/yasiru/Documents/dobot/milestone_4/mxen_ws/install/dobot/bin'
[2.612s] Level 1:colcon.colcon_core.environment:create_environment_scripts_only(dobot)
[2.613s] INFO:colcon.colcon_core.shell:Creating package script '/home/yasiru/Documents/dobot/milestone_4/mxen_ws/install/dobot/share/dobot/package.ps1'
[2.614s] INFO:colcon.colcon_core.shell:Creating package descriptor '/home/yasiru/Documents/dobot/milestone_4/mxen_ws/install/dobot/share/dobot/package.dsv'
[2.615s] INFO:colcon.colcon_core.shell:Creating package script '/home/yasiru/Documents/dobot/milestone_4/mxen_ws/install/dobot/share/dobot/package.sh'
[2.616s] INFO:colcon.colcon_core.shell:Creating package script '/home/yasiru/Documents/dobot/milestone_4/mxen_ws/install/dobot/share/dobot/package.bash'
[2.617s] INFO:colcon.colcon_core.shell:Creating package script '/home/yasiru/Documents/dobot/milestone_4/mxen_ws/install/dobot/share/dobot/package.zsh'
[2.618s] Level 1:colcon.colcon_core.environment:create_file_with_runtime_dependencies(/home/yasiru/Documents/dobot/milestone_4/mxen_ws/install/dobot/share/colcon-core/packages/dobot)
[2.711s] DEBUG:colcon.colcon_core.event_handler.log_command:Invoked command in '/home/yasiru/Documents/dobot/milestone_4/mxen_ws/build/dobot_interface' returned '0': CMAKE_PREFIX_PATH=${CMAKE_PREFIX_PATH}:/home/yasiru/Documents/dobot/milestone_4/mxen_ws/install/dobot:/opt/ros/kilted DEBUGINFOD_URLS=https://debuginfod.ubuntu.com PS1=\[\e]0;\u@\h: \w\a\]${debian_chroot:+($debian_chroot)}\[\033[01;32m\]\u@\h\[\033[00m\]:\[\033[01;34m\]\w\[\033[00m\]\$ VIRTUAL_ENV_PROMPT=(venv-ardupilot) /usr/bin/cmake --build /home/yasiru/Documents/dobot/milestone_4/mxen_ws/build/dobot_interface -- -j8 -l8
[2.721s] DEBUG:colcon.colcon_core.event_handler.log_command:Invoking command in '/home/yasiru/Documents/dobot/milestone_4/mxen_ws/build/dobot_interface': CMAKE_PREFIX_PATH=${CMAKE_PREFIX_PATH}:/home/yasiru/Documents/dobot/milestone_4/mxen_ws/install/dobot:/opt/ros/kilted DEBUGINFOD_URLS=https://debuginfod.ubuntu.com PS1=\[\e]0;\u@\h: \w\a\]${debian_chroot:+($debian_chroot)}\[\033[01;32m\]\u@\h\[\033[00m\]:\[\033[01;34m\]\w\[\033[00m\]\$ VIRTUAL_ENV_PROMPT=(venv-ardupilot) /usr/bin/cmake --install /home/yasiru/Documents/dobot/milestone_4/mxen_ws/build/dobot_interface
[2.851s] Level 1:colcon.colcon_core.environment:create_environment_scripts_only(dobot_interface)
[2.851s] Level 1:colcon.colcon_core.environment:checking '/home/yasiru/Documents/dobot/milestone_4/mxen_ws/install/dobot_interface' for CMake module files
[2.852s] DEBUG:colcon.colcon_core.event_handler.log_command:Invoked command in '/home/yasiru/Documents/dobot/milestone_4/mxen_ws/build/dobot_interface' returned '0': CMAKE_PREFIX_PATH=${CMAKE_PREFIX_PATH}:/home/yasiru/Documents/dobot/milestone_4/mxen_ws/install/dobot:/opt/ros/kilted DEBUGINFOD_URLS=https://debuginfod.ubuntu.com PS1=\[\e]0;\u@\h: \w\a\]${debian_chroot:+($debian_chroot)}\[\033[01;32m\]\u@\h\[\033[00m\]:\[\033[01;34m\]\w\[\033[00m\]\$ VIRTUAL_ENV_PROMPT=(venv-ardupilot) /usr/bin/cmake --install /home/yasiru/Documents/dobot/milestone_4/mxen_ws/build/dobot_interface
[2.853s] Level 1:colcon.colcon_core.environment:checking '/home/yasiru/Documents/dobot/milestone_4/mxen_ws/install/dobot_interface' for CMake config files
[2.853s] Level 1:colcon.colcon_core.shell:create_environment_hook('dobot_interface', 'cmake_prefix_path')
[2.854s] INFO:colcon.colcon_core.shell:Creating environment hook '/home/yasiru/Documents/dobot/milestone_4/mxen_ws/install/dobot_interface/share/dobot_interface/hook/cmake_prefix_path.ps1'
[2.855s] INFO:colcon.colcon_core.shell:Creating environment descriptor '/home/yasiru/Documents/dobot/milestone_4/mxen_ws/install/dobot_interface/share/dobot_interface/hook/cmake_prefix_path.dsv'
[2.855s] INFO:colcon.colcon_core.shell:Creating environment hook '/home/yasiru/Documents/dobot/milestone_4/mxen_ws/install/dobot_interface/share/dobot_interface/hook/cmake_prefix_path.sh'
[2.856s] Level 1:colcon.colcon_core.environment:checking '/home/yasiru/Documents/dobot/milestone_4/mxen_ws/install/dobot_interface/lib'
[2.856s] Level 1:colcon.colcon_core.shell:create_environment_hook('dobot_interface', 'ld_library_path_lib')
[2.857s] INFO:colcon.colcon_core.shell:Creating environment hook '/home/yasiru/Documents/dobot/milestone_4/mxen_ws/install/dobot_interface/share/dobot_interface/hook/ld_library_path_lib.ps1'
[2.858s] INFO:colcon.colcon_core.shell:Creating environment descriptor '/home/yasiru/Documents/dobot/milestone_4/mxen_ws/install/dobot_interface/share/dobot_interface/hook/ld_library_path_lib.dsv'
[2.858s] INFO:colcon.colcon_core.shell:Creating environment hook '/home/yasiru/Documents/dobot/milestone_4/mxen_ws/install/dobot_interface/share/dobot_interface/hook/ld_library_path_lib.sh'
[2.859s] Level 1:colcon.colcon_core.environment:checking '/home/yasiru/Documents/dobot/milestone_4/mxen_ws/install/dobot_interface/bin'
[2.859s] Level 1:colcon.colcon_core.environment:checking '/home/yasiru/Documents/dobot/milestone_4/mxen_ws/install/dobot_interface/lib/pkgconfig/dobot_interface.pc'
[2.859s] Level 1:colcon.colcon_core.environment:checking '/home/yasiru/Documents/dobot/milestone_4/mxen_ws/install/dobot_interface/lib/python3.12/site-packages'
[2.860s] Level 1:colcon.colcon_core.shell:create_environment_hook('dobot_interface', 'pythonpath')
[2.860s] INFO:colcon.colcon_core.shell:Creating environment hook '/home/yasiru/Documents/dobot/milestone_4/mxen_ws/install/dobot_interface/share/dobot_interface/hook/pythonpath.ps1'
[2.860s] INFO:colcon.colcon_core.shell:Creating environment descriptor '/home/yasiru/Documents/dobot/milestone_4/mxen_ws/install/dobot_interface/share/dobot_interface/hook/pythonpath.dsv'
[2.861s] INFO:colcon.colcon_core.shell:Creating environment hook '/home/yasiru/Documents/dobot/milestone_4/mxen_ws/install/dobot_interface/share/dobot_interface/hook/pythonpath.sh'
[2.862s] Level 1:colcon.colcon_core.environment:checking '/home/yasiru/Documents/dobot/milestone_4/mxen_ws/install/dobot_interface/bin'
[2.862s] INFO:colcon.colcon_core.shell:Creating package script '/home/yasiru/Documents/dobot/milestone_4/mxen_ws/install/dobot_interface/share/dobot_interface/package.ps1'
[2.862s] INFO:colcon.colcon_core.shell:Creating package descriptor '/home/yasiru/Documents/dobot/milestone_4/mxen_ws/install/dobot_interface/share/dobot_interface/package.dsv'
[2.863s] INFO:colcon.colcon_core.shell:Creating package script '/home/yasiru/Documents/dobot/milestone_4/mxen_ws/install/dobot_interface/share/dobot_interface/package.sh'
[2.863s] INFO:colcon.colcon_core.shell:Creating package script '/home/yasiru/Documents/dobot/milestone_4/mxen_ws/install/dobot_interface/share/dobot_interface/package.bash'
[2.864s] INFO:colcon.colcon_core.shell:Creating package script '/home/yasiru/Documents/dobot/milestone_4/mxen_ws/install/dobot_interface/share/dobot_interface/package.zsh'
[2.864s] Level 1:colcon.colcon_core.environment:create_file_with_runtime_dependencies(/home/yasiru/Documents/dobot/milestone_4/mxen_ws/install/dobot_interface/share/colcon-core/packages/dobot_interface)
[2.865s] Level 1:colcon.colcon_core.environment:create_environment_scripts_only(dobot_interface)
[2.865s] Level 1:colcon.colcon_core.environment:checking '/home/yasiru/Documents/dobot/milestone_4/mxen_ws/install/dobot_interface' for CMake module files
[2.865s] Level 1:colcon.colcon_core.environment:checking '/home/yasiru/Documents/dobot/milestone_4/mxen_ws/install/dobot_interface' for CMake config files
[2.866s] Level 1:colcon.colcon_core.shell:create_environment_hook('dobot_interface', 'cmake_prefix_path')
[2.866s] INFO:colcon.colcon_core.shell:Creating environment hook '/home/yasiru/Documents/dobot/milestone_4/mxen_ws/install/dobot_interface/share/dobot_interface/hook/cmake_prefix_path.ps1'
[2.866s] INFO:colcon.colcon_core.shell:Creating environment descriptor '/home/yasiru/Documents/dobot/milestone_4/mxen_ws/install/dobot_interface/share/dobot_interface/hook/cmake_prefix_path.dsv'
[2.867s] INFO:colcon.colcon_core.shell:Creating environment hook '/home/yasiru/Documents/dobot/milestone_4/mxen_ws/install/dobot_interface/share/dobot_interface/hook/cmake_prefix_path.sh'
[2.867s] Level 1:colcon.colcon_core.environment:checking '/home/yasiru/Documents/dobot/milestone_4/mxen_ws/install/dobot_interface/lib'
[2.867s] Level 1:colcon.colcon_core.shell:create_environment_hook('dobot_interface', 'ld_library_path_lib')
[2.868s] INFO:colcon.colcon_core.shell:Creating environment hook '/home/yasiru/Documents/dobot/milestone_4/mxen_ws/install/dobot_interface/share/dobot_interface/hook/ld_library_path_lib.ps1'
[2.868s] INFO:colcon.colcon_core.shell:Creating environment descriptor '/home/yasiru/Documents/dobot/milestone_4/mxen_ws/install/dobot_interface/share/dobot_interface/hook/ld_library_path_lib.dsv'
[2.868s] INFO:colcon.colcon_core.shell:Creating environment hook '/home/yasiru/Documents/dobot/milestone_4/mxen_ws/install/dobot_interface/share/dobot_interface/hook/ld_library_path_lib.sh'
[2.869s] Level 1:colcon.colcon_core.environment:checking '/home/yasiru/Documents/dobot/milestone_4/mxen_ws/install/dobot_interface/bin'
[2.869s] Level 1:colcon.colcon_core.environment:checking '/home/yasiru/Documents/dobot/milestone_4/mxen_ws/install/dobot_interface/lib/pkgconfig/dobot_interface.pc'
[2.869s] Level 1:colcon.colcon_core.environment:checking '/home/yasiru/Documents/dobot/milestone_4/mxen_ws/install/dobot_interface/lib/python3.12/site-packages'
[2.869s] Level 1:colcon.colcon_core.shell:create_environment_hook('dobot_interface', 'pythonpath')
[2.869s] INFO:colcon.colcon_core.shell:Creating environment hook '/home/yasiru/Documents/dobot/milestone_4/mxen_ws/install/dobot_interface/share/dobot_interface/hook/pythonpath.ps1'
[2.869s] INFO:colcon.colcon_core.shell:Creating environment descriptor '/home/yasiru/Documents/dobot/milestone_4/mxen_ws/install/dobot_interface/share/dobot_interface/hook/pythonpath.dsv'
[2.870s] INFO:colcon.colcon_core.shell:Creating environment hook '/home/yasiru/Documents/dobot/milestone_4/mxen_ws/install/dobot_interface/share/dobot_interface/hook/pythonpath.sh'
[2.870s] Level 1:colcon.colcon_core.environment:checking '/home/yasiru/Documents/dobot/milestone_4/mxen_ws/install/dobot_interface/bin'
[2.871s] INFO:colcon.colcon_core.shell:Creating package script '/home/yasiru/Documents/dobot/milestone_4/mxen_ws/install/dobot_interface/share/dobot_interface/package.ps1'
[2.871s] INFO:colcon.colcon_core.shell:Creating package descriptor '/home/yasiru/Documents/dobot/milestone_4/mxen_ws/install/dobot_interface/share/dobot_interface/package.dsv'
[2.871s] INFO:colcon.colcon_core.shell:Creating package script '/home/yasiru/Documents/dobot/milestone_4/mxen_ws/install/dobot_interface/share/dobot_interface/package.sh'
[2.872s] INFO:colcon.colcon_core.shell:Creating package script '/home/yasiru/Documents/dobot/milestone_4/mxen_ws/install/dobot_interface/share/dobot_interface/package.bash'
[2.872s] INFO:colcon.colcon_core.shell:Creating package script '/home/yasiru/Documents/dobot/milestone_4/mxen_ws/install/dobot_interface/share/dobot_interface/package.zsh'
[2.873s] Level 1:colcon.colcon_core.environment:create_file_with_runtime_dependencies(/home/yasiru/Documents/dobot/milestone_4/mxen_ws/install/dobot_interface/share/colcon-core/packages/dobot_interface)
[2.873s] DEBUG:colcon.colcon_parallel_executor.executor.parallel:closing loop
[2.876s] DEBUG:colcon.colcon_parallel_executor.executor.parallel:loop closed
[2.876s] DEBUG:colcon.colcon_parallel_executor.executor.parallel:run_until_complete finished with '0'
[2.878s] DEBUG:colcon.colcon_core.event_reactor:joining thread
[2.887s] INFO:colcon.colcon_core.plugin_system:Skipping extension 'colcon_notification.desktop_notification.terminal_notifier': Not used on non-Darwin systems
[2.887s] INFO:colcon.colcon_core.plugin_system:Skipping extension 'colcon_notification.desktop_notification.win32': Not used on non-Windows systems
[2.887s] INFO:colcon.colcon_notification.desktop_notification:Sending desktop notification using 'notify2'
[2.898s] DEBUG:colcon.colcon_core.event_reactor:joined thread
[2.898s] INFO:colcon.colcon_core.shell:Creating prefix script '/home/yasiru/Documents/dobot/milestone_4/mxen_ws/install/local_setup.ps1'
[2.899s] INFO:colcon.colcon_core.shell:Creating prefix util module '/home/yasiru/Documents/dobot/milestone_4/mxen_ws/install/_local_setup_util_ps1.py'
[2.900s] INFO:colcon.colcon_core.shell:Creating prefix chain script '/home/yasiru/Documents/dobot/milestone_4/mxen_ws/install/setup.ps1'
[2.901s] INFO:colcon.colcon_core.shell:Creating prefix script '/home/yasiru/Documents/dobot/milestone_4/mxen_ws/install/local_setup.sh'
[2.902s] INFO:colcon.colcon_core.shell:Creating prefix util module '/home/yasiru/Documents/dobot/milestone_4/mxen_ws/install/_local_setup_util_sh.py'
[2.902s] INFO:colcon.colcon_core.shell:Creating prefix chain script '/home/yasiru/Documents/dobot/milestone_4/mxen_ws/install/setup.sh'
[2.904s] INFO:colcon.colcon_core.shell:Creating prefix script '/home/yasiru/Documents/dobot/milestone_4/mxen_ws/install/local_setup.bash'
[2.904s] INFO:colcon.colcon_core.shell:Creating prefix chain script '/home/yasiru/Documents/dobot/milestone_4/mxen_ws/install/setup.bash'
[2.905s] INFO:colcon.colcon_core.shell:Creating prefix script '/home/yasiru/Documents/dobot/milestone_4/mxen_ws/install/local_setup.zsh'
[2.907s] INFO:colcon.colcon_core.shell:Creating prefix chain script '/home/yasiru/Documents/dobot/milestone_4/mxen_ws/install/setup.zsh'
